MySQL Shell 8.0.15

Copyright (c) 2016, 2019, Oracle and/or its affiliates. All rights reserved.
Oracle is a registered trademark of Oracle Corporation and/or its affiliates.
Other names may be trademarks of their respective owners.

Type '\help' or '\?' for help; '\quit' to exit.

 MySQL  JS > \sql
Switching to SQL mode... Commands end with ;

 MySQL  SQL > \connect --mc root@localhost
Creating a Classic session to 'root@localhost'
Fetching schema names for autocompletion... Press ^C to stop.
Your MySQL connection id is 9
Server version: 8.0.15 MySQL Community Server - GPL
No default schema selected; type \use <schema> to set one.

 MySQL  localhost:3306 ssl  SQL > \use eva_3;
MySQL Error 1049: Unknown database 'eva_3;'

 MySQL  localhost:3306 ssl  SQL > \use eva_3
Default schema set to `eva_3`.
Fetching table and column names from `eva_3` for auto-completion... Press ^C to stop.

 MySQL  localhost:3306 ssl  eva_3  SQL > consulta_actores;
ERROR: 1064 (42000): You have an error in your SQL syntax; check the manual that corresponds to your MySQL server version for the right syntax to use near 'consulta_actores' at line 1

 MySQL  localhost:3306 ssl  eva_3  SQL > \use sakila
Default schema set to `sakila`.
Fetching table and column names from `sakila` for auto-completion... Press ^C to stop.

 MySQL  localhost:3306 ssl  sakila  SQL > show talbes;
ERROR: 1064 (42000): You have an error in your SQL syntax; check the manual that corresponds to your MySQL server version for the right syntax to use near 'talbes' at line 1

 MySQL  localhost:3306 ssl  sakila  SQL > show tables;
+----------------------------+
| Tables_in_sakila           |
+----------------------------+
| actor                      |
| actor_info                 |
| address                    |
| category                   |
| city                       |
| country                    |
| customer                   |
| customer_list              |
| film                       |
| film_actor                 |
| film_category              |
| film_list                  |
| film_text                  |
| inventory                  |
| language                   |
| nicer_but_slower_film_list |
| payment                    |
| rental                     |
| sales_by_film_category     |
| sales_by_store             |
| staff                      |
| staff_list                 |
| store                      |
+----------------------------+
23 rows in set (0.1035 sec)

 MySQL  localhost:3306 ssl  sakila  SQL > select c.title, a.first_name, a.last_name from actor A inner join film_actor b on a.actor_id  = b,actor_id iner join film c on b.film_id = c.film_id;
ERROR: 1146 (42S02): Table 'sakila.actor_id' doesn't exist

 MySQL  localhost:3306 ssl  sakila  SQL > select c.title, a.first_name, a.last_name from actor A inner join film_actor b on a.actor_id  = b,actor_id inner join film c on b.film_id = c.film_id;
ERROR: 1146 (42S02): Table 'sakila.actor_id' doesn't exist

 MySQL  localhost:3306 ssl  sakila  SQL > select c.title, a.first_name, a.last_name from actor A inner join film_actor b on a.actor_id  = b.actor_id inner join film c on b.film_id = c.film_id;
+-----------------------------+-------------+--------------+
| title                       | first_name  | last_name    |
+-----------------------------+-------------+--------------+
| ACADEMY DINOSAUR            | PENELOPE    | GUINESS      |
| ANACONDA CONFESSIONS        | PENELOPE    | GUINESS      |
| ANGELS LIFE                 | PENELOPE    | GUINESS      |
| BULWORTH COMMANDMENTS       | PENELOPE    | GUINESS      |
| CHEAPER CLYDE               | PENELOPE    | GUINESS      |
| COLOR PHILADELPHIA          | PENELOPE    | GUINESS      |
| ELEPHANT TROJAN             | PENELOPE    | GUINESS      |
| GLEAMING JAWBREAKER         | PENELOPE    | GUINESS      |
| HUMAN GRAFFITI              | PENELOPE    | GUINESS      |
| KING EVOLUTION              | PENELOPE    | GUINESS      |
| LADY STAGE                  | PENELOPE    | GUINESS      |
| LANGUAGE COWBOY             | PENELOPE    | GUINESS      |
| MULHOLLAND BEAST            | PENELOPE    | GUINESS      |
| OKLAHOMA JUMANJI            | PENELOPE    | GUINESS      |
| RULES HUMAN                 | PENELOPE    | GUINESS      |
| SPLASH GUMP                 | PENELOPE    | GUINESS      |
| VERTIGO NORTHWEST           | PENELOPE    | GUINESS      |
| WESTWARD SEABISCUIT         | PENELOPE    | GUINESS      |
| WIZARD COLDBLOODED          | PENELOPE    | GUINESS      |
| ADAPTATION HOLES            | NICK        | WAHLBERG     |
| APACHE DIVINE               | NICK        | WAHLBERG     |
| BABY HALL                   | NICK        | WAHLBERG     |
| BULL SHAWSHANK              | NICK        | WAHLBERG     |
| CHAINSAW UPTOWN             | NICK        | WAHLBERG     |
| CHISUM BEHAVIOR             | NICK        | WAHLBERG     |
| DESTINY SATURDAY            | NICK        | WAHLBERG     |
| DRACULA CRYSTAL             | NICK        | WAHLBERG     |
| FIGHT JAWBREAKER            | NICK        | WAHLBERG     |
| FLASH WARS                  | NICK        | WAHLBERG     |
| GILBERT PELICAN             | NICK        | WAHLBERG     |
| GOODFELLAS SALUTE           | NICK        | WAHLBERG     |
| HAPPINESS UNITED            | NICK        | WAHLBERG     |
| INDIAN LOVE                 | NICK        | WAHLBERG     |
| JEKYLL FROGMEN              | NICK        | WAHLBERG     |
| JERSEY SASSY                | NICK        | WAHLBERG     |
| LIAISONS SWEET              | NICK        | WAHLBERG     |
| LUCKY FLYING                | NICK        | WAHLBERG     |
| MAGUIRE APACHE              | NICK        | WAHLBERG     |
| MALLRATS UNITED             | NICK        | WAHLBERG     |
| MASK PEACH                  | NICK        | WAHLBERG     |
| ROOF CHAMPION               | NICK        | WAHLBERG     |
| RUSHMORE MERMAID            | NICK        | WAHLBERG     |
| SMILE EARRING               | NICK        | WAHLBERG     |
| WARDROBE PHANTOM            | NICK        | WAHLBERG     |
| ALONE TRIP                  | ED          | CHASE        |
| ARMY FLINTSTONES            | ED          | CHASE        |
| ARTIST COLDBLOODED          | ED          | CHASE        |
| BOONDOCK BALLROOM           | ED          | CHASE        |
| CADDYSHACK JEDI             | ED          | CHASE        |
| COWBOY DOOM                 | ED          | CHASE        |
| EVE RESURRECTION            | ED          | CHASE        |
| FORREST SONS                | ED          | CHASE        |
| FRENCH HOLIDAY              | ED          | CHASE        |
| FROST HEAD                  | ED          | CHASE        |
| HALLOWEEN NUTS              | ED          | CHASE        |
| HUNTER ALTER                | ED          | CHASE        |
| IMAGE PRINCESS              | ED          | CHASE        |
| JEEPERS WEDDING             | ED          | CHASE        |
| LUCK OPUS                   | ED          | CHASE        |
| NECKLACE OUTBREAK           | ED          | CHASE        |
| PLATOON INSTINCT            | ED          | CHASE        |
| SPICE SORORITY              | ED          | CHASE        |
| WEDDING APOLLO              | ED          | CHASE        |
| WEEKEND PERSONAL            | ED          | CHASE        |
| WHALE BIKINI                | ED          | CHASE        |
| YOUNG LANGUAGE              | ED          | CHASE        |
| ANACONDA CONFESSIONS        | JENNIFER    | DAVIS        |
| ANGELS LIFE                 | JENNIFER    | DAVIS        |
| BAREFOOT MANCHURIAN         | JENNIFER    | DAVIS        |
| BED HIGHBALL                | JENNIFER    | DAVIS        |
| BLADE POLISH                | JENNIFER    | DAVIS        |
| BOONDOCK BALLROOM           | JENNIFER    | DAVIS        |
| GHOSTBUSTERS ELF            | JENNIFER    | DAVIS        |
| GREEDY ROOTS                | JENNIFER    | DAVIS        |
| HANOVER GALAXY              | JENNIFER    | DAVIS        |
| INSTINCT AIRPORT            | JENNIFER    | DAVIS        |
| JUMANJI BLADE               | JENNIFER    | DAVIS        |
| NATIONAL STORY              | JENNIFER    | DAVIS        |
| OKLAHOMA JUMANJI            | JENNIFER    | DAVIS        |
| POSEIDON FOREVER            | JENNIFER    | DAVIS        |
| RAIDERS ANTITRUST           | JENNIFER    | DAVIS        |
| RANDOM GO                   | JENNIFER    | DAVIS        |
| REDS POCUS                  | JENNIFER    | DAVIS        |
| SILVERADO GOLDFINGER        | JENNIFER    | DAVIS        |
| SPLASH GUMP                 | JENNIFER    | DAVIS        |
| SUBMARINE BED               | JENNIFER    | DAVIS        |
| TREASURE COMMAND            | JENNIFER    | DAVIS        |
| UNFORGIVEN ZOOLANDER        | JENNIFER    | DAVIS        |
| AMADEUS HOLY                | JOHNNY      | LOLLOBRIGIDA |
| BANGER PINOCCHIO            | JOHNNY      | LOLLOBRIGIDA |
| BONNIE HOLOCAUST            | JOHNNY      | LOLLOBRIGIDA |
| CHITTY LOCK                 | JOHNNY      | LOLLOBRIGIDA |
| COMMANDMENTS EXPRESS        | JOHNNY      | LOLLOBRIGIDA |
| CONEHEADS SMOOCHY           | JOHNNY      | LOLLOBRIGIDA |
| DADDY PITTSBURGH            | JOHNNY      | LOLLOBRIGIDA |
| DAISY MENAGERIE             | JOHNNY      | LOLLOBRIGIDA |
| ENOUGH RAGING               | JOHNNY      | LOLLOBRIGIDA |
| ESCAPE METROPOLIS           | JOHNNY      | LOLLOBRIGIDA |
| FIRE WOLVES                 | JOHNNY      | LOLLOBRIGIDA |
| FRONTIER CABIN              | JOHNNY      | LOLLOBRIGIDA |
| GOODFELLAS SALUTE           | JOHNNY      | LOLLOBRIGIDA |
| GRAIL FRANKENSTEIN          | JOHNNY      | LOLLOBRIGIDA |
| GROOVE FICTION              | JOHNNY      | LOLLOBRIGIDA |
| HALL CASSIDY                | JOHNNY      | LOLLOBRIGIDA |
| HEAVENLY GUN                | JOHNNY      | LOLLOBRIGIDA |
| KRAMER CHOCOLATE            | JOHNNY      | LOLLOBRIGIDA |
| LOVE SUICIDES               | JOHNNY      | LOLLOBRIGIDA |
| METAL ARMAGEDDON            | JOHNNY      | LOLLOBRIGIDA |
| PACIFIC AMISTAD             | JOHNNY      | LOLLOBRIGIDA |
| PATTON INTERVIEW            | JOHNNY      | LOLLOBRIGIDA |
| POCUS PULP                  | JOHNNY      | LOLLOBRIGIDA |
| RIDGEMONT SUBMARINE         | JOHNNY      | LOLLOBRIGIDA |
| RINGS HEARTBREAKERS         | JOHNNY      | LOLLOBRIGIDA |
| SMILE EARRING               | JOHNNY      | LOLLOBRIGIDA |
| SOLDIERS EVOLUTION          | JOHNNY      | LOLLOBRIGIDA |
| STAR OPERATION              | JOHNNY      | LOLLOBRIGIDA |
| SUNRISE LEAGUE              | JOHNNY      | LOLLOBRIGIDA |
| ANTITRUST TOMATOES          | BETTE       | NICHOLSON    |
| BANG KWAI                   | BETTE       | NICHOLSON    |
| BEAST HUNCHBACK             | BETTE       | NICHOLSON    |
| BIKINI BORROWERS            | BETTE       | NICHOLSON    |
| CALENDAR GUNFIGHT           | BETTE       | NICHOLSON    |
| COAST RAINBOW               | BETTE       | NICHOLSON    |
| COLDBLOODED DARLING         | BETTE       | NICHOLSON    |
| CROSSROADS CASUALTIES       | BETTE       | NICHOLSON    |
| DROP WATERFRONT             | BETTE       | NICHOLSON    |
| IGBY MAKER                  | BETTE       | NICHOLSON    |
| KRAMER CHOCOLATE            | BETTE       | NICHOLSON    |
| LANGUAGE COWBOY             | BETTE       | NICHOLSON    |
| LESSON CLEOPATRA            | BETTE       | NICHOLSON    |
| LIBERTY MAGNIFICENT         | BETTE       | NICHOLSON    |
| MULHOLLAND BEAST            | BETTE       | NICHOLSON    |
| POTLUCK MIXED               | BETTE       | NICHOLSON    |
| SPEED SUIT                  | BETTE       | NICHOLSON    |
| TITANIC BOONDOCK            | BETTE       | NICHOLSON    |
| TRADING PINOCCHIO           | BETTE       | NICHOLSON    |
| WYOMING STORM               | BETTE       | NICHOLSON    |
| ANGELS LIFE                 | GRACE       | MOSTEL       |
| ANONYMOUS HUMAN             | GRACE       | MOSTEL       |
| ARACHNOPHOBIA ROLLERCOASTER | GRACE       | MOSTEL       |
| BERETS AGENT                | GRACE       | MOSTEL       |
| BREAKING HOME               | GRACE       | MOSTEL       |
| COMMAND DARLING             | GRACE       | MOSTEL       |
| CONFESSIONS MAGUIRE         | GRACE       | MOSTEL       |
| DAZED PUNK                  | GRACE       | MOSTEL       |
| DECEIVER BETRAYED           | GRACE       | MOSTEL       |
| DESTINATION JERK            | GRACE       | MOSTEL       |
| EXCITEMENT EVE              | GRACE       | MOSTEL       |
| GASLIGHT CRUSADE            | GRACE       | MOSTEL       |
| HELLFIGHTERS SIERRA         | GRACE       | MOSTEL       |
| INSTINCT AIRPORT            | GRACE       | MOSTEL       |
| MALKOVICH PET               | GRACE       | MOSTEL       |
| NECKLACE OUTBREAK           | GRACE       | MOSTEL       |
| OCTOBER SUBMARINE           | GRACE       | MOSTEL       |
| OPEN AFRICAN                | GRACE       | MOSTEL       |
| POSEIDON FOREVER            | GRACE       | MOSTEL       |
| SAINTS BRIDE                | GRACE       | MOSTEL       |
| SAVANNAH TOWN               | GRACE       | MOSTEL       |
| SCISSORHANDS SLUMS          | GRACE       | MOSTEL       |
| SLEEPLESS MONSOON           | GRACE       | MOSTEL       |
| SLEEPY JAPANESE             | GRACE       | MOSTEL       |
| STING PERSONAL              | GRACE       | MOSTEL       |
| TOWN ARK                    | GRACE       | MOSTEL       |
| TRACY CIDER                 | GRACE       | MOSTEL       |
| TREATMENT JEKYLL            | GRACE       | MOSTEL       |
| WAR NOTTING                 | GRACE       | MOSTEL       |
| WARLOCK WEREWOLF            | GRACE       | MOSTEL       |
| BABY HALL                   | MATTHEW     | JOHANSSON    |
| CAMPUS REMEMBER             | MATTHEW     | JOHANSSON    |
| CLONES PINOCCHIO            | MATTHEW     | JOHANSSON    |
| CONQUERER NUTS              | MATTHEW     | JOHANSSON    |
| CROWDS TELEMARK             | MATTHEW     | JOHANSSON    |
| DANCES NONE                 | MATTHEW     | JOHANSSON    |
| DRIVING POLISH              | MATTHEW     | JOHANSSON    |
| DURHAM PANKY                | MATTHEW     | JOHANSSON    |
| FLASH WARS                  | MATTHEW     | JOHANSSON    |
| HANGING DEEP                | MATTHEW     | JOHANSSON    |
| INDIAN LOVE                 | MATTHEW     | JOHANSSON    |
| LIGHTS DEER                 | MATTHEW     | JOHANSSON    |
| LOSER HUSTLER               | MATTHEW     | JOHANSSON    |
| MALKOVICH PET               | MATTHEW     | JOHANSSON    |
| RUNNER MADIGAN              | MATTHEW     | JOHANSSON    |
| SCHOOL JACKET               | MATTHEW     | JOHANSSON    |
| SCORPION APOLLO             | MATTHEW     | JOHANSSON    |
| SUGAR WONKA                 | MATTHEW     | JOHANSSON    |
| TOMORROW HUSTLER            | MATTHEW     | JOHANSSON    |
| VANISHING ROCKY             | MATTHEW     | JOHANSSON    |
| ANYTHING SAVANNAH           | JOE         | SWANK        |
| BIRCH ANTITRUST             | JOE         | SWANK        |
| CHOCOLAT HARRY              | JOE         | SWANK        |
| CHOCOLATE DUCK              | JOE         | SWANK        |
| CROOKED FROGMEN             | JOE         | SWANK        |
| CURTAIN VIDEOTAPE           | JOE         | SWANK        |
| DALMATIONS SWEDEN           | JOE         | SWANK        |
| HORROR REIGN                | JOE         | SWANK        |
| LAWLESS VISION              | JOE         | SWANK        |
| LEBOWSKI SOLDIERS           | JOE         | SWANK        |
| MAJESTIC FLOATS             | JOE         | SWANK        |
| PACIFIC AMISTAD             | JOE         | SWANK        |
| PERDITION FARGO             | JOE         | SWANK        |
| PRIMARY GLASS               | JOE         | SWANK        |
| REEF SALUTE                 | JOE         | SWANK        |
| RUNNER MADIGAN              | JOE         | SWANK        |
| SMILE EARRING               | JOE         | SWANK        |
| SNATCHERS MONTEZUMA         | JOE         | SWANK        |
| SUNRISE LEAGUE              | JOE         | SWANK        |
| SWEETHEARTS SUSPECTS        | JOE         | SWANK        |
| TIES HUNGER                 | JOE         | SWANK        |
| TRAFFIC HOBBIT              | JOE         | SWANK        |
| UNTOUCHABLES SUNRISE        | JOE         | SWANK        |
| WATERFRONT DELIVERANCE      | JOE         | SWANK        |
| WILD APOLLO                 | JOE         | SWANK        |
| ACADEMY DINOSAUR            | CHRISTIAN   | GABLE        |
| ALABAMA DEVIL               | CHRISTIAN   | GABLE        |
| CROOKED FROGMEN             | CHRISTIAN   | GABLE        |
| DIVINE RESURRECTION         | CHRISTIAN   | GABLE        |
| DRAGONFLY STRANGERS         | CHRISTIAN   | GABLE        |
| GOLDFINGER SENSIBILITY      | CHRISTIAN   | GABLE        |
| JAWBREAKER BROOKLYN         | CHRISTIAN   | GABLE        |
| JEEPERS WEDDING             | CHRISTIAN   | GABLE        |
| LIFE TWISTED                | CHRISTIAN   | GABLE        |
| LORD ARIZONA                | CHRISTIAN   | GABLE        |
| MOD SECRETARY               | CHRISTIAN   | GABLE        |
| PREJUDICE OLEANDER          | CHRISTIAN   | GABLE        |
| PUNK DIVORCE                | CHRISTIAN   | GABLE        |
| REAP UNFAITHFUL             | CHRISTIAN   | GABLE        |
| SHAKESPEARE SADDLE          | CHRISTIAN   | GABLE        |
| TROUBLE DATE                | CHRISTIAN   | GABLE        |
| USUAL UNTOUCHABLES          | CHRISTIAN   | GABLE        |
| VACATION BOONDOCK           | CHRISTIAN   | GABLE        |
| WATERFRONT DELIVERANCE      | CHRISTIAN   | GABLE        |
| WEDDING APOLLO              | CHRISTIAN   | GABLE        |
| WIZARD COLDBLOODED          | CHRISTIAN   | GABLE        |
| WON DARES                   | CHRISTIAN   | GABLE        |
| CANYON STOCK                | ZERO        | CAGE         |
| DANCES NONE                 | ZERO        | CAGE         |
| ENCINO ELF                  | ZERO        | CAGE         |
| ENDING CROWDS               | ZERO        | CAGE         |
| GANDHI KWAI                 | ZERO        | CAGE         |
| GODFATHER DIARY             | ZERO        | CAGE         |
| HANDICAP BOONDOCK           | ZERO        | CAGE         |
| HONEY TIES                  | ZERO        | CAGE         |
| HORN WORKING                | ZERO        | CAGE         |
| IMAGE PRINCESS              | ZERO        | CAGE         |
| JERSEY SASSY                | ZERO        | CAGE         |
| LOSER HUSTLER               | ZERO        | CAGE         |
| MEET CHOCOLATE              | ZERO        | CAGE         |
| MOD SECRETARY               | ZERO        | CAGE         |
| MOONWALKER FOOL             | ZERO        | CAGE         |
| OLEANDER CLUE               | ZERO        | CAGE         |
| RACER EGG                   | ZERO        | CAGE         |
| STORY SIDE                  | ZERO        | CAGE         |
| STRANGERS GRAFFITI          | ZERO        | CAGE         |
| THIN SAGEBRUSH              | ZERO        | CAGE         |
| TOOTSIE PILOT               | ZERO        | CAGE         |
| UPTOWN YOUNG                | ZERO        | CAGE         |
| VELVET TERMINATOR           | ZERO        | CAGE         |
| WEST LION                   | ZERO        | CAGE         |
| WORKER TARZAN               | ZERO        | CAGE         |
| ALLEY EVOLUTION             | KARL        | BERRY        |
| ALONE TRIP                  | KARL        | BERRY        |
| ARABIA DOGMA                | KARL        | BERRY        |
| ARIZONA BANG                | KARL        | BERRY        |
| BOUND CHEAPER               | KARL        | BERRY        |
| BOWFINGER GABLES            | KARL        | BERRY        |
| BUNCH MINDS                 | KARL        | BERRY        |
| CLEOPATRA DEVIL             | KARL        | BERRY        |
| CONNECTICUT TRAMP           | KARL        | BERRY        |
| DARES PLUTO                 | KARL        | BERRY        |
| DATE SPEED                  | KARL        | BERRY        |
| DAY UNFAITHFUL              | KARL        | BERRY        |
| DOORS PRESIDENT             | KARL        | BERRY        |
| FURY MURDER                 | KARL        | BERRY        |
| HARDLY ROBBERS              | KARL        | BERRY        |
| HIGHBALL POTTER             | KARL        | BERRY        |
| HOLES BRANNIGAN             | KARL        | BERRY        |
| INDEPENDENCE HOTEL          | KARL        | BERRY        |
| LEATHERNECKS DWARFS         | KARL        | BERRY        |
| LUCKY FLYING                | KARL        | BERRY        |
| MONTEREY LABYRINTH          | KARL        | BERRY        |
| NOVOCAINE FLIGHT            | KARL        | BERRY        |
| OKLAHOMA JUMANJI            | KARL        | BERRY        |
| PERFECT GROOVE              | KARL        | BERRY        |
| REAP UNFAITHFUL             | KARL        | BERRY        |
| REUNION WITCHES             | KARL        | BERRY        |
| SMOKING BARBARELLA          | KARL        | BERRY        |
| STAGECOACH ARMAGEDDON       | KARL        | BERRY        |
| SWEDEN SHINING              | KARL        | BERRY        |
| TELEMARK HEARTBREAKERS      | KARL        | BERRY        |
| VIRGINIAN PLUTO             | KARL        | BERRY        |
| ALONE TRIP                  | UMA         | WOOD         |
| ANTITRUST TOMATOES          | UMA         | WOOD         |
| ATTRACTION NEWTON           | UMA         | WOOD         |
| BOONDOCK BALLROOM           | UMA         | WOOD         |
| CABIN FLASH                 | UMA         | WOOD         |
| CHINATOWN GLADIATOR         | UMA         | WOOD         |
| CLASH FREDDY                | UMA         | WOOD         |
| CLUELESS BUCKET             | UMA         | WOOD         |
| DAISY MENAGERIE             | UMA         | WOOD         |
| DRIVER ANNIE                | UMA         | WOOD         |
| FRIDA SLIPPER               | UMA         | WOOD         |
| GALAXY SWEETHEARTS          | UMA         | WOOD         |
| GRINCH MASSAGE              | UMA         | WOOD         |
| GROUNDHOG UNCUT             | UMA         | WOOD         |
| HOMEWARD CIDER              | UMA         | WOOD         |
| INCH JET                    | UMA         | WOOD         |
| LEATHERNECKS DWARFS         | UMA         | WOOD         |
| LEGALLY SECRETARY           | UMA         | WOOD         |
| LIFE TWISTED                | UMA         | WOOD         |
| LION UNCUT                  | UMA         | WOOD         |
| LOLITA WORLD                | UMA         | WOOD         |
| METAL ARMAGEDDON            | UMA         | WOOD         |
| MODEL FISH                  | UMA         | WOOD         |
| MOONWALKER FOOL             | UMA         | WOOD         |
| MOTIONS DETAILS             | UMA         | WOOD         |
| REBEL AIRPORT               | UMA         | WOOD         |
| RIDER CADDYSHACK            | UMA         | WOOD         |
| SNOWMAN ROLLERCOASTER       | UMA         | WOOD         |
| SOLDIERS EVOLUTION          | UMA         | WOOD         |
| SPLASH GUMP                 | UMA         | WOOD         |
| SPLENDOR PATTON             | UMA         | WOOD         |
| STEEL SANTA                 | UMA         | WOOD         |
| TORQUE BOUND                | UMA         | WOOD         |
| WEDDING APOLLO              | UMA         | WOOD         |
| ZHIVAGO CORE                | UMA         | WOOD         |
| CLASH FREDDY                | VIVIEN      | BERGEN       |
| CRANES RESERVOIR            | VIVIEN      | BERGEN       |
| DIRTY ACE                   | VIVIEN      | BERGEN       |
| DONNIE ALLEY                | VIVIEN      | BERGEN       |
| DRIFTER COMMANDMENTS        | VIVIEN      | BERGEN       |
| DRIVING POLISH              | VIVIEN      | BERGEN       |
| DRUMS DYNAMITE              | VIVIEN      | BERGEN       |
| ENEMY ODDS                  | VIVIEN      | BERGEN       |
| EXCITEMENT EVE              | VIVIEN      | BERGEN       |
| GORGEOUS BINGO              | VIVIEN      | BERGEN       |
| HIGH ENCINO                 | VIVIEN      | BERGEN       |
| HILLS NEIGHBORS             | VIVIEN      | BERGEN       |
| HOBBIT ALIEN                | VIVIEN      | BERGEN       |
| IMPACT ALADDIN              | VIVIEN      | BERGEN       |
| ITALIAN AFRICAN             | VIVIEN      | BERGEN       |
| JAPANESE RUN                | VIVIEN      | BERGEN       |
| KENTUCKIAN GIANT            | VIVIEN      | BERGEN       |
| LOVELY JINGLE               | VIVIEN      | BERGEN       |
| LOVER TRUMAN                | VIVIEN      | BERGEN       |
| MUSSOLINI SPOILERS          | VIVIEN      | BERGEN       |
| POLISH BROOKLYN             | VIVIEN      | BERGEN       |
| SALUTE APOLLO               | VIVIEN      | BERGEN       |
| SATURDAY LAMBS              | VIVIEN      | BERGEN       |
| STOCK GLASS                 | VIVIEN      | BERGEN       |
| STREETCAR INTENTIONS        | VIVIEN      | BERGEN       |
| TIGHTS DAWN                 | VIVIEN      | BERGEN       |
| TRAP GUYS                   | VIVIEN      | BERGEN       |
| TYCOON GATHERING            | VIVIEN      | BERGEN       |
| VOICE PEACH                 | VIVIEN      | BERGEN       |
| WESTWARD SEABISCUIT         | VIVIEN      | BERGEN       |
| APACHE DIVINE               | CUBA        | OLIVIER      |
| BORROWERS BEDAZZLED         | CUBA        | OLIVIER      |
| BOUND CHEAPER               | CUBA        | OLIVIER      |
| BUTCH PANTHER               | CUBA        | OLIVIER      |
| CASSIDY WYOMING             | CUBA        | OLIVIER      |
| DIVINE RESURRECTION         | CUBA        | OLIVIER      |
| EGYPT TENENBAUMS            | CUBA        | OLIVIER      |
| EMPIRE MALKOVICH            | CUBA        | OLIVIER      |
| FLYING HOOK                 | CUBA        | OLIVIER      |
| FUGITIVE MAGUIRE            | CUBA        | OLIVIER      |
| HELLFIGHTERS SIERRA         | CUBA        | OLIVIER      |
| HYDE DOCTOR                 | CUBA        | OLIVIER      |
| KISS GLORY                  | CUBA        | OLIVIER      |
| KNOCK WARLOCK               | CUBA        | OLIVIER      |
| LUKE MUMMY                  | CUBA        | OLIVIER      |
| MAKER GABLES                | CUBA        | OLIVIER      |
| MONTEZUMA COMMAND           | CUBA        | OLIVIER      |
| NOON PAPI                   | CUBA        | OLIVIER      |
| OKLAHOMA JUMANJI            | CUBA        | OLIVIER      |
| ROSES TREASURE              | CUBA        | OLIVIER      |
| SHANE DARKNESS              | CUBA        | OLIVIER      |
| SIEGE MADRE                 | CUBA        | OLIVIER      |
| SOLDIERS EVOLUTION          | CUBA        | OLIVIER      |
| THEORY MERMAID              | CUBA        | OLIVIER      |
| UNFORGIVEN ZOOLANDER        | CUBA        | OLIVIER      |
| VOLCANO TEXAS               | CUBA        | OLIVIER      |
| WEREWOLF LOLA               | CUBA        | OLIVIER      |
| WONDERLAND CHRISTMAS        | CUBA        | OLIVIER      |
| BLANKET BEVERLY             | FRED        | COSTNER      |
| BOONDOCK BALLROOM           | FRED        | COSTNER      |
| BROTHERHOOD BLANKET         | FRED        | COSTNER      |
| CAROL TEXAS                 | FRED        | COSTNER      |
| CLEOPATRA DEVIL             | FRED        | COSTNER      |
| CONNECTICUT TRAMP           | FRED        | COSTNER      |
| DECEIVER BETRAYED           | FRED        | COSTNER      |
| DELIVERANCE MULHOLLAND      | FRED        | COSTNER      |
| EAGLES PANKY                | FRED        | COSTNER      |
| EARRING INSTINCT            | FRED        | COSTNER      |
| EASY GLADIATOR              | FRED        | COSTNER      |
| EMPIRE MALKOVICH            | FRED        | COSTNER      |
| ENTRAPMENT SATISFACTION     | FRED        | COSTNER      |
| GABLES METROPOLIS           | FRED        | COSTNER      |
| HUMAN GRAFFITI              | FRED        | COSTNER      |
| IMAGE PRINCESS              | FRED        | COSTNER      |
| IMPOSSIBLE PREJUDICE        | FRED        | COSTNER      |
| INCH JET                    | FRED        | COSTNER      |
| KRAMER CHOCOLATE            | FRED        | COSTNER      |
| MAGNIFICENT CHITTY          | FRED        | COSTNER      |
| MIRACLE VIRTUAL             | FRED        | COSTNER      |
| MISSION ZOOLANDER           | FRED        | COSTNER      |
| REAR TRADING                | FRED        | COSTNER      |
| SAINTS BRIDE                | FRED        | COSTNER      |
| SENSE GREEK                 | FRED        | COSTNER      |
| THEORY MERMAID              | FRED        | COSTNER      |
| WEEKEND PERSONAL            | FRED        | COSTNER      |
| BREAKING HOME               | HELEN       | VOIGHT       |
| CAPER MOTIONS               | HELEN       | VOIGHT       |
| CASPER DRAGONFLY            | HELEN       | VOIGHT       |
| CAT CONEHEADS               | HELEN       | VOIGHT       |
| CLASH FREDDY                | HELEN       | VOIGHT       |
| CUPBOARD SINNERS            | HELEN       | VOIGHT       |
| CYCLONE FAMILY              | HELEN       | VOIGHT       |
| DIVINE RESURRECTION         | HELEN       | VOIGHT       |
| EMPIRE MALKOVICH            | HELEN       | VOIGHT       |
| FEVER EMPIRE                | HELEN       | VOIGHT       |
| FIDELITY DEVIL              | HELEN       | VOIGHT       |
| GREATEST NORTH              | HELEN       | VOIGHT       |
| INDEPENDENCE HOTEL          | HELEN       | VOIGHT       |
| IRON MOON                   | HELEN       | VOIGHT       |
| JAWS HARRY                  | HELEN       | VOIGHT       |
| KISS GLORY                  | HELEN       | VOIGHT       |
| LEGALLY SECRETARY           | HELEN       | VOIGHT       |
| LIES TREATMENT              | HELEN       | VOIGHT       |
| MICROCOSMOS PARADISE        | HELEN       | VOIGHT       |
| MOVIE SHAKESPEARE           | HELEN       | VOIGHT       |
| MUMMY CREATURES             | HELEN       | VOIGHT       |
| ROAD ROXANNE                | HELEN       | VOIGHT       |
| SCISSORHANDS SLUMS          | HELEN       | VOIGHT       |
| SIDE ARK                    | HELEN       | VOIGHT       |
| SINNERS ATLANTIS            | HELEN       | VOIGHT       |
| STRANGER STRANGERS          | HELEN       | VOIGHT       |
| SWEETHEARTS SUSPECTS        | HELEN       | VOIGHT       |
| TADPOLE PARK                | HELEN       | VOIGHT       |
| TELEMARK HEARTBREAKERS      | HELEN       | VOIGHT       |
| VOICE PEACH                 | HELEN       | VOIGHT       |
| WAR NOTTING                 | HELEN       | VOIGHT       |
| WARLOCK WEREWOLF            | HELEN       | VOIGHT       |
| ATTACKS HATE                | DAN         | TORN         |
| BOILED DARES                | DAN         | TORN         |
| CHINATOWN GLADIATOR         | DAN         | TORN         |
| CONEHEADS SMOOCHY           | DAN         | TORN         |
| EARLY HOME                  | DAN         | TORN         |
| ELIZABETH SHANE             | DAN         | TORN         |
| EMPIRE MALKOVICH            | DAN         | TORN         |
| FLASH WARS                  | DAN         | TORN         |
| GUMP DATE                   | DAN         | TORN         |
| INNOCENT USUAL              | DAN         | TORN         |
| INSIDER ARIZONA             | DAN         | TORN         |
| JERK PAYCHECK               | DAN         | TORN         |
| LOVELY JINGLE               | DAN         | TORN         |
| MASK PEACH                  | DAN         | TORN         |
| MUSSOLINI SPOILERS          | DAN         | TORN         |
| REAR TRADING                | DAN         | TORN         |
| SLING LUKE                  | DAN         | TORN         |
| STATE WASTELAND             | DAN         | TORN         |
| SUN CONFESSIONS             | DAN         | TORN         |
| TEQUILA PAST                | DAN         | TORN         |
| TUXEDO MILE                 | DAN         | TORN         |
| VIRGIN DAISY                | DAN         | TORN         |
| ACE GOLDFINGER              | BOB         | FAWCETT      |
| ADAPTATION HOLES            | BOB         | FAWCETT      |
| CHINATOWN GLADIATOR         | BOB         | FAWCETT      |
| CIRCUS YOUTH                | BOB         | FAWCETT      |
| CONTROL ANTHEM              | BOB         | FAWCETT      |
| DARES PLUTO                 | BOB         | FAWCETT      |
| DARN FORRESTER              | BOB         | FAWCETT      |
| DAZED PUNK                  | BOB         | FAWCETT      |
| DYNAMITE TARZAN             | BOB         | FAWCETT      |
| HATE HANDICAP               | BOB         | FAWCETT      |
| HOMICIDE PEACH              | BOB         | FAWCETT      |
| JACKET FRISCO               | BOB         | FAWCETT      |
| JUMANJI BLADE               | BOB         | FAWCETT      |
| LAWLESS VISION              | BOB         | FAWCETT      |
| LEATHERNECKS DWARFS         | BOB         | FAWCETT      |
| OSCAR GOLD                  | BOB         | FAWCETT      |
| PELICAN COMFORTS            | BOB         | FAWCETT      |
| PERSONAL LADYBUGS           | BOB         | FAWCETT      |
| RAGING AIRPLANE             | BOB         | FAWCETT      |
| RUN PACIFIC                 | BOB         | FAWCETT      |
| RUNNER MADIGAN              | BOB         | FAWCETT      |
| SADDLE ANTITRUST            | BOB         | FAWCETT      |
| SCORPION APOLLO             | BOB         | FAWCETT      |
| SHAWSHANK BUBBLE            | BOB         | FAWCETT      |
| TAXI KICK                   | BOB         | FAWCETT      |
| ACADEMY DINOSAUR            | LUCILLE     | TRACY        |
| BANGER PINOCCHIO            | LUCILLE     | TRACY        |
| BEDAZZLED MARRIED           | LUCILLE     | TRACY        |
| CHEAPER CLYDE               | LUCILLE     | TRACY        |
| CHITTY LOCK                 | LUCILLE     | TRACY        |
| COLDBLOODED DARLING         | LUCILLE     | TRACY        |
| DINOSAUR SECRETARY          | LUCILLE     | TRACY        |
| DOORS PRESIDENT             | LUCILLE     | TRACY        |
| EARRING INSTINCT            | LUCILLE     | TRACY        |
| EGG IGBY                    | LUCILLE     | TRACY        |
| GANDHI KWAI                 | LUCILLE     | TRACY        |
| GOLDFINGER SENSIBILITY      | LUCILLE     | TRACY        |
| HYDE DOCTOR                 | LUCILLE     | TRACY        |
| JAWS HARRY                  | LUCILLE     | TRACY        |
| JUNGLE CLOSER               | LUCILLE     | TRACY        |
| KING EVOLUTION              | LUCILLE     | TRACY        |
| LOLA AGENT                  | LUCILLE     | TRACY        |
| LOSE INCH                   | LUCILLE     | TRACY        |
| LOVERBOY ATTACKS            | LUCILLE     | TRACY        |
| MODERN DORADO               | LUCILLE     | TRACY        |
| ORIENT CLOSER               | LUCILLE     | TRACY        |
| PAJAMA JAWBREAKER           | LUCILLE     | TRACY        |
| PATIENT SISTER              | LUCILLE     | TRACY        |
| RANDOM GO                   | LUCILLE     | TRACY        |
| REAR TRADING                | LUCILLE     | TRACY        |
| SAGEBRUSH CLUELESS          | LUCILLE     | TRACY        |
| SHANGHAI TYCOON             | LUCILLE     | TRACY        |
| SUN CONFESSIONS             | LUCILLE     | TRACY        |
| WASTELAND DIVINE            | LUCILLE     | TRACY        |
| WINDOW SIDE                 | LUCILLE     | TRACY        |
| AGENT TRUMAN                | KIRSTEN     | PALTROW      |
| BOONDOCK BALLROOM           | KIRSTEN     | PALTROW      |
| BORN SPINAL                 | KIRSTEN     | PALTROW      |
| CHICKEN HELLFIGHTERS        | KIRSTEN     | PALTROW      |
| CLOSER BANG                 | KIRSTEN     | PALTROW      |
| CONQUERER NUTS              | KIRSTEN     | PALTROW      |
| DRIFTER COMMANDMENTS        | KIRSTEN     | PALTROW      |
| ENCINO ELF                  | KIRSTEN     | PALTROW      |
| FLASH WARS                  | KIRSTEN     | PALTROW      |
| HANOVER GALAXY              | KIRSTEN     | PALTROW      |
| HOME PITY                   | KIRSTEN     | PALTROW      |
| HONEY TIES                  | KIRSTEN     | PALTROW      |
| KILL BROTHERHOOD            | KIRSTEN     | PALTROW      |
| LADYBUGS ARMAGEDDON         | KIRSTEN     | PALTROW      |
| LORD ARIZONA                | KIRSTEN     | PALTROW      |
| PINOCCHIO SIMON             | KIRSTEN     | PALTROW      |
| PLUTO OLEANDER              | KIRSTEN     | PALTROW      |
| PRIX UNDEFEATED             | KIRSTEN     | PALTROW      |
| PULP BEVERLY                | KIRSTEN     | PALTROW      |
| RIVER OUTLAW                | KIRSTEN     | PALTROW      |
| ROAD ROXANNE                | KIRSTEN     | PALTROW      |
| SILVERADO GOLDFINGER        | KIRSTEN     | PALTROW      |
| SLEEPING SUSPECTS           | KIRSTEN     | PALTROW      |
| THIEF PELICAN               | KIRSTEN     | PALTROW      |
| TITANS JERK                 | KIRSTEN     | PALTROW      |
| UNBREAKABLE KARATE          | KIRSTEN     | PALTROW      |
| WON DARES                   | KIRSTEN     | PALTROW      |
| ALABAMA DEVIL               | ELVIS       | MARX         |
| ANACONDA CONFESSIONS        | ELVIS       | MARX         |
| BAREFOOT MANCHURIAN         | ELVIS       | MARX         |
| BORROWERS BEDAZZLED         | ELVIS       | MARX         |
| CADDYSHACK JEDI             | ELVIS       | MARX         |
| CHITTY LOCK                 | ELVIS       | MARX         |
| EVOLUTION ALTER             | ELVIS       | MARX         |
| EXPECATIONS NATURAL         | ELVIS       | MARX         |
| GANGS PRIDE                 | ELVIS       | MARX         |
| GOODFELLAS SALUTE           | ELVIS       | MARX         |
| HOBBIT ALIEN                | ELVIS       | MARX         |
| HOOK CHARIOTS               | ELVIS       | MARX         |
| JERICHO MULAN               | ELVIS       | MARX         |
| JUMPING WRATH               | ELVIS       | MARX         |
| KENTUCKIAN GIANT            | ELVIS       | MARX         |
| LOVELY JINGLE               | ELVIS       | MARX         |
| MOTIONS DETAILS             | ELVIS       | MARX         |
| ODDS BOOGIE                 | ELVIS       | MARX         |
| OUTLAW HANKY                | ELVIS       | MARX         |
| POLISH BROOKLYN             | ELVIS       | MARX         |
| RIGHT CRANES                | ELVIS       | MARX         |
| ROOF CHAMPION               | ELVIS       | MARX         |
| SEATTLE EXPECATIONS         | ELVIS       | MARX         |
| SKY MIRACLE                 | ELVIS       | MARX         |
| TROJAN TOMORROW             | ELVIS       | MARX         |
| WATERFRONT DELIVERANCE      | ELVIS       | MARX         |
| AGENT TRUMAN                | SANDRA      | KILMER       |
| ARTIST COLDBLOODED          | SANDRA      | KILMER       |
| BLACKOUT PRIVATE            | SANDRA      | KILMER       |
| BULL SHAWSHANK              | SANDRA      | KILMER       |
| CANDIDATE PERDITION         | SANDRA      | KILMER       |
| CANDLES GRAPES              | SANDRA      | KILMER       |
| CASSIDY WYOMING             | SANDRA      | KILMER       |
| DARN FORRESTER              | SANDRA      | KILMER       |
| DESTINY SATURDAY            | SANDRA      | KILMER       |
| DIVIDE MONSTER              | SANDRA      | KILMER       |
| DRIVER ANNIE                | SANDRA      | KILMER       |
| GOLDMINE TYCOON             | SANDRA      | KILMER       |
| GORGEOUS BINGO              | SANDRA      | KILMER       |
| HELLFIGHTERS SIERRA         | SANDRA      | KILMER       |
| HOCUS FRIDA                 | SANDRA      | KILMER       |
| HOTEL HAPPINESS             | SANDRA      | KILMER       |
| IDENTITY LOVER              | SANDRA      | KILMER       |
| JUMPING WRATH               | SANDRA      | KILMER       |
| LOVELY JINGLE               | SANDRA      | KILMER       |
| MAGNOLIA FORRESTER          | SANDRA      | KILMER       |
| OLEANDER CLUE               | SANDRA      | KILMER       |
| OZ LIAISONS                 | SANDRA      | KILMER       |
| PERSONAL LADYBUGS           | SANDRA      | KILMER       |
| POSEIDON FOREVER            | SANDRA      | KILMER       |
| SAVANNAH TOWN               | SANDRA      | KILMER       |
| SHAKESPEARE SADDLE          | SANDRA      | KILMER       |
| SLEEPING SUSPECTS           | SANDRA      | KILMER       |
| SONS INTERVIEW              | SANDRA      | KILMER       |
| SPEED SUIT                  | SANDRA      | KILMER       |
| SPLENDOR PATTON             | SANDRA      | KILMER       |
| STATE WASTELAND             | SANDRA      | KILMER       |
| STRANGER STRANGERS          | SANDRA      | KILMER       |
| STREAK RIDGEMONT            | SANDRA      | KILMER       |
| STREETCAR INTENTIONS        | SANDRA      | KILMER       |
| VANISHED GARDEN             | SANDRA      | KILMER       |
| WOLVES DESIRE               | SANDRA      | KILMER       |
| YOUTH KICK                  | SANDRA      | KILMER       |
| ADAPTATION HOLES            | CAMERON     | STREEP       |
| BLUES INSTINCT              | CAMERON     | STREEP       |
| CALENDAR GUNFIGHT           | CAMERON     | STREEP       |
| CASUALTIES ENCINO           | CAMERON     | STREEP       |
| CHOCOLATE DUCK              | CAMERON     | STREEP       |
| COAST RAINBOW               | CAMERON     | STREEP       |
| CONNECTION MICROCOSMOS      | CAMERON     | STREEP       |
| CROW GREASE                 | CAMERON     | STREEP       |
| CUPBOARD SINNERS            | CAMERON     | STREEP       |
| DOOM DANCING                | CAMERON     | STREEP       |
| DROP WATERFRONT             | CAMERON     | STREEP       |
| ELEPHANT TROJAN             | CAMERON     | STREEP       |
| FREEDOM CLEOPATRA           | CAMERON     | STREEP       |
| HAUNTED ANTITRUST           | CAMERON     | STREEP       |
| INSTINCT AIRPORT            | CAMERON     | STREEP       |
| LEGALLY SECRETARY           | CAMERON     | STREEP       |
| MOB DUFFEL                  | CAMERON     | STREEP       |
| MOVIE SHAKESPEARE           | CAMERON     | STREEP       |
| PANIC CLUB                  | CAMERON     | STREEP       |
| PURE RUNNER                 | CAMERON     | STREEP       |
| SEVEN SWARM                 | CAMERON     | STREEP       |
| SPINAL ROCKY                | CAMERON     | STREEP       |
| SPLASH GUMP                 | CAMERON     | STREEP       |
| WEST LION                   | CAMERON     | STREEP       |
| AMERICAN CIRCUS             | KEVIN       | BLOOM        |
| BOOGIE AMELIE               | KEVIN       | BLOOM        |
| CITIZEN SHREK               | KEVIN       | BLOOM        |
| CONQUERER NUTS              | KEVIN       | BLOOM        |
| DALMATIONS SWEDEN           | KEVIN       | BLOOM        |
| DATE SPEED                  | KEVIN       | BLOOM        |
| DESTINY SATURDAY            | KEVIN       | BLOOM        |
| DOUBLE WRATH                | KEVIN       | BLOOM        |
| FICTION CHRISTMAS           | KEVIN       | BLOOM        |
| HATE HANDICAP               | KEVIN       | BLOOM        |
| HEAVENLY GUN                | KEVIN       | BLOOM        |
| HOLES BRANNIGAN             | KEVIN       | BLOOM        |
| LOVERBOY ATTACKS            | KEVIN       | BLOOM        |
| MASSAGE IMAGE               | KEVIN       | BLOOM        |
| MISSION ZOOLANDER           | KEVIN       | BLOOM        |
| MUMMY CREATURES             | KEVIN       | BLOOM        |
| POLISH BROOKLYN             | KEVIN       | BLOOM        |
| PRIMARY GLASS               | KEVIN       | BLOOM        |
| SABRINA MIDNIGHT            | KEVIN       | BLOOM        |
| SWEDEN SHINING              | KEVIN       | BLOOM        |
| TROUBLE DATE                | KEVIN       | BLOOM        |
| ALABAMA DEVIL               | RIP         | CRAWFORD     |
| AMERICAN CIRCUS             | RIP         | CRAWFORD     |
| ARABIA DOGMA                | RIP         | CRAWFORD     |
| BOULEVARD MOB               | RIP         | CRAWFORD     |
| BRANNIGAN SUNRISE           | RIP         | CRAWFORD     |
| BUCKET BROTHERHOOD          | RIP         | CRAWFORD     |
| CHOCOLAT HARRY              | RIP         | CRAWFORD     |
| CRAFT OUTFIELD              | RIP         | CRAWFORD     |
| CYCLONE FAMILY              | RIP         | CRAWFORD     |
| DESTINATION JERK            | RIP         | CRAWFORD     |
| DONNIE ALLEY                | RIP         | CRAWFORD     |
| FOOL MOCKINGBIRD            | RIP         | CRAWFORD     |
| FORREST SONS                | RIP         | CRAWFORD     |
| FRONTIER CABIN              | RIP         | CRAWFORD     |
| GABLES METROPOLIS           | RIP         | CRAWFORD     |
| GUYS FALCON                 | RIP         | CRAWFORD     |
| HALL CASSIDY                | RIP         | CRAWFORD     |
| LONELY ELEPHANT             | RIP         | CRAWFORD     |
| MADISON TRAP                | RIP         | CRAWFORD     |
| MASSAGE IMAGE               | RIP         | CRAWFORD     |
| OKLAHOMA JUMANJI            | RIP         | CRAWFORD     |
| OSCAR GOLD                  | RIP         | CRAWFORD     |
| PITTSBURGH HUNCHBACK        | RIP         | CRAWFORD     |
| POLISH BROOKLYN             | RIP         | CRAWFORD     |
| RANGE MOONWALKER            | RIP         | CRAWFORD     |
| RINGS HEARTBREAKERS         | RIP         | CRAWFORD     |
| SAINTS BRIDE                | RIP         | CRAWFORD     |
| SATURDAY LAMBS              | RIP         | CRAWFORD     |
| SIEGE MADRE                 | RIP         | CRAWFORD     |
| SORORITY QUEEN              | RIP         | CRAWFORD     |
| TEXAS WATCH                 | RIP         | CRAWFORD     |
| TRAIN BUNCH                 | RIP         | CRAWFORD     |
| TRAMP OTHERS                | RIP         | CRAWFORD     |
| AMADEUS HOLY                | JULIA       | MCQUEEN      |
| ARABIA DOGMA                | JULIA       | MCQUEEN      |
| BONNIE HOLOCAUST            | JULIA       | MCQUEEN      |
| CIDER DESIRE                | JULIA       | MCQUEEN      |
| CONEHEADS SMOOCHY           | JULIA       | MCQUEEN      |
| EFFECT GLADIATOR            | JULIA       | MCQUEEN      |
| FREDDY STORM                | JULIA       | MCQUEEN      |
| GAMES BOWFINGER             | JULIA       | MCQUEEN      |
| GLADIATOR WESTWARD          | JULIA       | MCQUEEN      |
| HANOVER GALAXY              | JULIA       | MCQUEEN      |
| HIGH ENCINO                 | JULIA       | MCQUEEN      |
| INSIDER ARIZONA             | JULIA       | MCQUEEN      |
| JAWBREAKER BROOKLYN         | JULIA       | MCQUEEN      |
| KISS GLORY                  | JULIA       | MCQUEEN      |
| KRAMER CHOCOLATE            | JULIA       | MCQUEEN      |
| LUCKY FLYING                | JULIA       | MCQUEEN      |
| MOCKINGBIRD HOLLYWOOD       | JULIA       | MCQUEEN      |
| MONTEREY LABYRINTH          | JULIA       | MCQUEEN      |
| OPEN AFRICAN                | JULIA       | MCQUEEN      |
| PILOT HOOSIERS              | JULIA       | MCQUEEN      |
| PITTSBURGH HUNCHBACK        | JULIA       | MCQUEEN      |
| PRESIDENT BANG              | JULIA       | MCQUEEN      |
| SCORPION APOLLO             | JULIA       | MCQUEEN      |
| SLEEPLESS MONSOON           | JULIA       | MCQUEEN      |
| SPIRIT FLINTSTONES          | JULIA       | MCQUEEN      |
| STRANGERS GRAFFITI          | JULIA       | MCQUEEN      |
| SWEETHEARTS SUSPECTS        | JULIA       | MCQUEEN      |
| TELEMARK HEARTBREAKERS      | JULIA       | MCQUEEN      |
| TIES HUNGER                 | JULIA       | MCQUEEN      |
| TRAIN BUNCH                 | JULIA       | MCQUEEN      |
| WEEKEND PERSONAL            | JULIA       | MCQUEEN      |
| WONKA SEA                   | JULIA       | MCQUEEN      |
| YOUNG LANGUAGE              | JULIA       | MCQUEEN      |
| ALICE FANTASIA              | WOODY       | HOFFMAN      |
| ATLANTIS CAUSE              | WOODY       | HOFFMAN      |
| BEACH HEARTBREAKERS         | WOODY       | HOFFMAN      |
| BIRCH ANTITRUST             | WOODY       | HOFFMAN      |
| BREAKING HOME               | WOODY       | HOFFMAN      |
| BUNCH MINDS                 | WOODY       | HOFFMAN      |
| DUCK RACER                  | WOODY       | HOFFMAN      |
| DURHAM PANKY                | WOODY       | HOFFMAN      |
| ENTRAPMENT SATISFACTION     | WOODY       | HOFFMAN      |
| GILMORE BOILED              | WOODY       | HOFFMAN      |
| KNOCK WARLOCK               | WOODY       | HOFFMAN      |
| LAMBS CINCINATTI            | WOODY       | HOFFMAN      |
| LOSER HUSTLER               | WOODY       | HOFFMAN      |
| MAIDEN HOME                 | WOODY       | HOFFMAN      |
| MIDNIGHT WESTWARD           | WOODY       | HOFFMAN      |
| MOONWALKER FOOL             | WOODY       | HOFFMAN      |
| NEIGHBORS CHARADE           | WOODY       | HOFFMAN      |
| NONE SPIKING                | WOODY       | HOFFMAN      |
| PAJAMA JAWBREAKER           | WOODY       | HOFFMAN      |
| PILOT HOOSIERS              | WOODY       | HOFFMAN      |
| ROOM ROMAN                  | WOODY       | HOFFMAN      |
| SHOOTIST SUPERFLY           | WOODY       | HOFFMAN      |
| SHRUNK DIVINE               | WOODY       | HOFFMAN      |
| SNOWMAN ROLLERCOASTER       | WOODY       | HOFFMAN      |
| SPICE SORORITY              | WOODY       | HOFFMAN      |
| SPY MILE                    | WOODY       | HOFFMAN      |
| TELEGRAPH VOYAGE            | WOODY       | HOFFMAN      |
| TRAP GUYS                   | WOODY       | HOFFMAN      |
| WAIT CIDER                  | WOODY       | HOFFMAN      |
| WIFE TURN                   | WOODY       | HOFFMAN      |
| WYOMING STORM               | WOODY       | HOFFMAN      |
| ALADDIN CALENDAR            | ALEC        | WAYNE        |
| BLADE POLISH                | ALEC        | WAYNE        |
| BULL SHAWSHANK              | ALEC        | WAYNE        |
| CABIN FLASH                 | ALEC        | WAYNE        |
| CENTER DINOSAUR             | ALEC        | WAYNE        |
| CHAMBER ITALIAN             | ALEC        | WAYNE        |
| CONEHEADS SMOOCHY           | ALEC        | WAYNE        |
| DESTINY SATURDAY            | ALEC        | WAYNE        |
| EFFECT GLADIATOR            | ALEC        | WAYNE        |
| ENCOUNTERS CURTAIN          | ALEC        | WAYNE        |
| EXPRESS LONELY              | ALEC        | WAYNE        |
| FICTION CHRISTMAS           | ALEC        | WAYNE        |
| FREEDOM CLEOPATRA           | ALEC        | WAYNE        |
| FUGITIVE MAGUIRE            | ALEC        | WAYNE        |
| HOURS RAGE                  | ALEC        | WAYNE        |
| HUSTLER PARTY               | ALEC        | WAYNE        |
| IDENTITY LOVER              | ALEC        | WAYNE        |
| INSIDER ARIZONA             | ALEC        | WAYNE        |
| JEOPARDY ENCINO             | ALEC        | WAYNE        |
| JOON NORTHWEST              | ALEC        | WAYNE        |
| LIBERTY MAGNIFICENT         | ALEC        | WAYNE        |
| MAGIC MALLRATS              | ALEC        | WAYNE        |
| MONEY HAROLD                | ALEC        | WAYNE        |
| OUTBREAK DIVINE             | ALEC        | WAYNE        |
| REIGN GENTLEMEN             | ALEC        | WAYNE        |
| SMOKING BARBARELLA          | ALEC        | WAYNE        |
| SUMMER SCARFACE             | ALEC        | WAYNE        |
| UPTOWN YOUNG                | ALEC        | WAYNE        |
| VIRGIN DAISY                | ALEC        | WAYNE        |
| ACADEMY DINOSAUR            | SANDRA      | PECK         |
| BANG KWAI                   | SANDRA      | PECK         |
| BEETHOVEN EXORCIST          | SANDRA      | PECK         |
| BEVERLY OUTLAW              | SANDRA      | PECK         |
| BIRDS PERDITION             | SANDRA      | PECK         |
| BOONDOCK BALLROOM           | SANDRA      | PECK         |
| DUDE BLINDNESS              | SANDRA      | PECK         |
| DUMBO LUST                  | SANDRA      | PECK         |
| ENOUGH RAGING               | SANDRA      | PECK         |
| EXCITEMENT EVE              | SANDRA      | PECK         |
| FAMILY SWEET                | SANDRA      | PECK         |
| FIREHOUSE VIETNAM           | SANDRA      | PECK         |
| FLASH WARS                  | SANDRA      | PECK         |
| GILBERT PELICAN             | SANDRA      | PECK         |
| MATRIX SNOWMAN              | SANDRA      | PECK         |
| RINGS HEARTBREAKERS         | SANDRA      | PECK         |
| SILENCE KANE                | SANDRA      | PECK         |
| STAGECOACH ARMAGEDDON       | SANDRA      | PECK         |
| VIRGINIAN PLUTO             | SANDRA      | PECK         |
| BORN SPINAL                 | SISSY       | SOBIESKI     |
| CHITTY LOCK                 | SISSY       | SOBIESKI     |
| CLYDE THEORY                | SISSY       | SOBIESKI     |
| COAST RAINBOW               | SISSY       | SOBIESKI     |
| CRAZY HOME                  | SISSY       | SOBIESKI     |
| FACTORY DRAGON              | SISSY       | SOBIESKI     |
| FERRIS MOTHER               | SISSY       | SOBIESKI     |
| GONE TROUBLE                | SISSY       | SOBIESKI     |
| GREEK EVERYONE              | SISSY       | SOBIESKI     |
| HOOSIERS BIRDCAGE           | SISSY       | SOBIESKI     |
| MOB DUFFEL                  | SISSY       | SOBIESKI     |
| OPEN AFRICAN                | SISSY       | SOBIESKI     |
| PRIX UNDEFEATED             | SISSY       | SOBIESKI     |
| ROCKY WAR                   | SISSY       | SOBIESKI     |
| SHRUNK DIVINE               | SISSY       | SOBIESKI     |
| SKY MIRACLE                 | SISSY       | SOBIESKI     |
| TELEMARK HEARTBREAKERS      | SISSY       | SOBIESKI     |
| WISDOM WORKER               | SISSY       | SOBIESKI     |
| BEHAVIOR RUNAWAY            | TIM         | HACKMAN      |
| BOILED DARES                | TIM         | HACKMAN      |
| BUCKET BROTHERHOOD          | TIM         | HACKMAN      |
| CALENDAR GUNFIGHT           | TIM         | HACKMAN      |
| CHAPLIN LICENSE             | TIM         | HACKMAN      |
| CRUSADE HONEY               | TIM         | HACKMAN      |
| CUPBOARD SINNERS            | TIM         | HACKMAN      |
| DEEP CRUSADE                | TIM         | HACKMAN      |
| FEUD FROGMEN                | TIM         | HACKMAN      |
| FIDDLER LOST                | TIM         | HACKMAN      |
| HAROLD FRENCH               | TIM         | HACKMAN      |
| HOMEWARD CIDER              | TIM         | HACKMAN      |
| HOOSIERS BIRDCAGE           | TIM         | HACKMAN      |
| LIGHTS DEER                 | TIM         | HACKMAN      |
| MEET CHOCOLATE              | TIM         | HACKMAN      |
| MOB DUFFEL                  | TIM         | HACKMAN      |
| MUMMY CREATURES             | TIM         | HACKMAN      |
| PACKER MADIGAN              | TIM         | HACKMAN      |
| PEACH INNOCENT              | TIM         | HACKMAN      |
| PEARL DESTINY               | TIM         | HACKMAN      |
| SNATCHERS MONTEZUMA         | TIM         | HACKMAN      |
| UPTOWN YOUNG                | TIM         | HACKMAN      |
| WIZARD COLDBLOODED          | TIM         | HACKMAN      |
| BAREFOOT MANCHURIAN         | MILLA       | PECK         |
| CALENDAR GUNFIGHT           | MILLA       | PECK         |
| CHANCE RESURRECTION         | MILLA       | PECK         |
| CLASH FREDDY                | MILLA       | PECK         |
| DAUGHTER MADIGAN            | MILLA       | PECK         |
| DREAM PICKUP                | MILLA       | PECK         |
| FATAL HAUNTED               | MILLA       | PECK         |
| FEATHERS METAL              | MILLA       | PECK         |
| JACKET FRISCO               | MILLA       | PECK         |
| JUGGLER HARDLY              | MILLA       | PECK         |
| MIDNIGHT WESTWARD           | MILLA       | PECK         |
| NECKLACE OUTBREAK           | MILLA       | PECK         |
| PEACH INNOCENT              | MILLA       | PECK         |
| PREJUDICE OLEANDER          | MILLA       | PECK         |
| RAIDERS ANTITRUST           | MILLA       | PECK         |
| ROBBERS JOON                | MILLA       | PECK         |
| ROCK INSTINCT               | MILLA       | PECK         |
| RUSHMORE MERMAID            | MILLA       | PECK         |
| SEATTLE EXPECATIONS         | MILLA       | PECK         |
| TEEN APOLLO                 | MILLA       | PECK         |
| TEMPLE ATTRACTION           | MILLA       | PECK         |
| WATERSHIP FRONTIER          | MILLA       | PECK         |
| WHISPERER GIANT             | MILLA       | PECK         |
| WRONG BEHAVIOR              | MILLA       | PECK         |
| ATLANTIS CAUSE              | AUDREY      | OLIVIER      |
| BOULEVARD MOB               | AUDREY      | OLIVIER      |
| CAPER MOTIONS               | AUDREY      | OLIVIER      |
| CASSIDY WYOMING             | AUDREY      | OLIVIER      |
| CONEHEADS SMOOCHY           | AUDREY      | OLIVIER      |
| CONTROL ANTHEM              | AUDREY      | OLIVIER      |
| DORADO NOTTING              | AUDREY      | OLIVIER      |
| FRENCH HOLIDAY              | AUDREY      | OLIVIER      |
| GUNFIGHTER MUSSOLINI        | AUDREY      | OLIVIER      |
| HALLOWEEN NUTS              | AUDREY      | OLIVIER      |
| HUMAN GRAFFITI              | AUDREY      | OLIVIER      |
| KANE EXORCIST               | AUDREY      | OLIVIER      |
| KNOCK WARLOCK               | AUDREY      | OLIVIER      |
| LOATHING LEGALLY            | AUDREY      | OLIVIER      |
| PEAK FOREVER                | AUDREY      | OLIVIER      |
| REDEMPTION COMFORTS         | AUDREY      | OLIVIER      |
| SENSE GREEK                 | AUDREY      | OLIVIER      |
| SHIP WONDERLAND             | AUDREY      | OLIVIER      |
| SIDE ARK                    | AUDREY      | OLIVIER      |
| SQUAD FISH                  | AUDREY      | OLIVIER      |
| STING PERSONAL              | AUDREY      | OLIVIER      |
| STRANGER STRANGERS          | AUDREY      | OLIVIER      |
| USUAL UNTOUCHABLES          | AUDREY      | OLIVIER      |
| VOLUME HOUSE                | AUDREY      | OLIVIER      |
| WHALE BIKINI                | AUDREY      | OLIVIER      |
| ALADDIN CALENDAR            | JUDY        | DEAN         |
| ARACHNOPHOBIA ROLLERCOASTER | JUDY        | DEAN         |
| BALLROOM MOCKINGBIRD        | JUDY        | DEAN         |
| CYCLONE FAMILY              | JUDY        | DEAN         |
| DROP WATERFRONT             | JUDY        | DEAN         |
| GUNFIGHTER MUSSOLINI        | JUDY        | DEAN         |
| MODERN DORADO               | JUDY        | DEAN         |
| MUSSOLINI SPOILERS          | JUDY        | DEAN         |
| NASH CHOCOLAT               | JUDY        | DEAN         |
| QUEST MUSSOLINI             | JUDY        | DEAN         |
| RINGS HEARTBREAKERS         | JUDY        | DEAN         |
| ROCKETEER MOTHER            | JUDY        | DEAN         |
| RUGRATS SHAKESPEARE         | JUDY        | DEAN         |
| SOLDIERS EVOLUTION          | JUDY        | DEAN         |
| TROUBLE DATE                | JUDY        | DEAN         |
| ALIEN CENTER                | BURT        | DUKAKIS      |
| BLINDNESS GUN               | BURT        | DUKAKIS      |
| COMMANDMENTS EXPRESS        | BURT        | DUKAKIS      |
| DINOSAUR SECRETARY          | BURT        | DUKAKIS      |
| DOUBLE WRATH                | BURT        | DUKAKIS      |
| ENDING CROWDS               | BURT        | DUKAKIS      |
| GREEK EVERYONE              | BURT        | DUKAKIS      |
| GRINCH MASSAGE              | BURT        | DUKAKIS      |
| GUN BONNIE                  | BURT        | DUKAKIS      |
| GUYS FALCON                 | BURT        | DUKAKIS      |
| HEAVEN FREEDOM              | BURT        | DUKAKIS      |
| HOME PITY                   | BURT        | DUKAKIS      |
| HOMEWARD CIDER              | BURT        | DUKAKIS      |
| IMAGE PRINCESS              | BURT        | DUKAKIS      |
| INTOLERABLE INTENTIONS      | BURT        | DUKAKIS      |
| JERK PAYCHECK               | BURT        | DUKAKIS      |
| KANE EXORCIST               | BURT        | DUKAKIS      |
| KING EVOLUTION              | BURT        | DUKAKIS      |
| MENAGERIE RUSHMORE          | BURT        | DUKAKIS      |
| MONEY HAROLD                | BURT        | DUKAKIS      |
| MOTIONS DETAILS             | BURT        | DUKAKIS      |
| RANDOM GO                   | BURT        | DUKAKIS      |
| RANGE MOONWALKER            | BURT        | DUKAKIS      |
| REAP UNFAITHFUL             | BURT        | DUKAKIS      |
| RIGHT CRANES                | BURT        | DUKAKIS      |
| TALENTED HOMICIDE           | BURT        | DUKAKIS      |
| TRUMAN CRAZY                | BURT        | DUKAKIS      |
| VALENTINE VANISHING         | BURT        | DUKAKIS      |
| WANDA CHAMBER               | BURT        | DUKAKIS      |
| ALADDIN CALENDAR            | VAL         | BOLGER       |
| ALASKA PHANTOM              | VAL         | BOLGER       |
| AMADEUS HOLY                | VAL         | BOLGER       |
| CANYON STOCK                | VAL         | BOLGER       |
| CAPER MOTIONS               | VAL         | BOLGER       |
| CARRIE BUNCH                | VAL         | BOLGER       |
| CHITTY LOCK                 | VAL         | BOLGER       |
| DALMATIONS SWEDEN           | VAL         | BOLGER       |
| DRIFTER COMMANDMENTS        | VAL         | BOLGER       |
| DUDE BLINDNESS              | VAL         | BOLGER       |
| ELEPHANT TROJAN             | VAL         | BOLGER       |
| FIREBALL PHILADELPHIA       | VAL         | BOLGER       |
| INTRIGUE WORST              | VAL         | BOLGER       |
| JAWBREAKER BROOKLYN         | VAL         | BOLGER       |
| JERSEY SASSY                | VAL         | BOLGER       |
| LAMBS CINCINATTI            | VAL         | BOLGER       |
| LONELY ELEPHANT             | VAL         | BOLGER       |
| MAKER GABLES                | VAL         | BOLGER       |
| MALLRATS UNITED             | VAL         | BOLGER       |
| METROPOLIS COMA             | VAL         | BOLGER       |
| MODEL FISH                  | VAL         | BOLGER       |
| PATHS CONTROL               | VAL         | BOLGER       |
+-----------------------------+-------------+--------------+
5462 rows in set (0.2736 sec)
Result printing interrupted, rows may be missing from the output.

 MySQL  localhost:3306 ssl  sakila  SQL > select * from actores_view;
+-----------------------------+-------------+--------------+
| title                       | first_name  | last_name    |
+-----------------------------+-------------+--------------+
| ACADEMY DINOSAUR            | PENELOPE    | GUINESS      |
| ANACONDA CONFESSIONS        | PENELOPE    | GUINESS      |
| ANGELS LIFE                 | PENELOPE    | GUINESS      |
| BULWORTH COMMANDMENTS       | PENELOPE    | GUINESS      |
| CHEAPER CLYDE               | PENELOPE    | GUINESS      |
| COLOR PHILADELPHIA          | PENELOPE    | GUINESS      |
| ELEPHANT TROJAN             | PENELOPE    | GUINESS      |
| GLEAMING JAWBREAKER         | PENELOPE    | GUINESS      |
| HUMAN GRAFFITI              | PENELOPE    | GUINESS      |
| KING EVOLUTION              | PENELOPE    | GUINESS      |
| LADY STAGE                  | PENELOPE    | GUINESS      |
| LANGUAGE COWBOY             | PENELOPE    | GUINESS      |
| MULHOLLAND BEAST            | PENELOPE    | GUINESS      |
| OKLAHOMA JUMANJI            | PENELOPE    | GUINESS      |
| RULES HUMAN                 | PENELOPE    | GUINESS      |
| SPLASH GUMP                 | PENELOPE    | GUINESS      |
| VERTIGO NORTHWEST           | PENELOPE    | GUINESS      |
| WESTWARD SEABISCUIT         | PENELOPE    | GUINESS      |
| WIZARD COLDBLOODED          | PENELOPE    | GUINESS      |
| ADAPTATION HOLES            | NICK        | WAHLBERG     |
| APACHE DIVINE               | NICK        | WAHLBERG     |
| BABY HALL                   | NICK        | WAHLBERG     |
| BULL SHAWSHANK              | NICK        | WAHLBERG     |
| CHAINSAW UPTOWN             | NICK        | WAHLBERG     |
| CHISUM BEHAVIOR             | NICK        | WAHLBERG     |
| DESTINY SATURDAY            | NICK        | WAHLBERG     |
| DRACULA CRYSTAL             | NICK        | WAHLBERG     |
| FIGHT JAWBREAKER            | NICK        | WAHLBERG     |
| FLASH WARS                  | NICK        | WAHLBERG     |
| GILBERT PELICAN             | NICK        | WAHLBERG     |
| GOODFELLAS SALUTE           | NICK        | WAHLBERG     |
| HAPPINESS UNITED            | NICK        | WAHLBERG     |
| INDIAN LOVE                 | NICK        | WAHLBERG     |
| JEKYLL FROGMEN              | NICK        | WAHLBERG     |
| JERSEY SASSY                | NICK        | WAHLBERG     |
| LIAISONS SWEET              | NICK        | WAHLBERG     |
| LUCKY FLYING                | NICK        | WAHLBERG     |
| MAGUIRE APACHE              | NICK        | WAHLBERG     |
| MALLRATS UNITED             | NICK        | WAHLBERG     |
| MASK PEACH                  | NICK        | WAHLBERG     |
| ROOF CHAMPION               | NICK        | WAHLBERG     |
| RUSHMORE MERMAID            | NICK        | WAHLBERG     |
| SMILE EARRING               | NICK        | WAHLBERG     |
| WARDROBE PHANTOM            | NICK        | WAHLBERG     |
| ALONE TRIP                  | ED          | CHASE        |
| ARMY FLINTSTONES            | ED          | CHASE        |
| ARTIST COLDBLOODED          | ED          | CHASE        |
| BOONDOCK BALLROOM           | ED          | CHASE        |
| CADDYSHACK JEDI             | ED          | CHASE        |
| COWBOY DOOM                 | ED          | CHASE        |
| EVE RESURRECTION            | ED          | CHASE        |
| FORREST SONS                | ED          | CHASE        |
| FRENCH HOLIDAY              | ED          | CHASE        |
| FROST HEAD                  | ED          | CHASE        |
| HALLOWEEN NUTS              | ED          | CHASE        |
| HUNTER ALTER                | ED          | CHASE        |
| IMAGE PRINCESS              | ED          | CHASE        |
| JEEPERS WEDDING             | ED          | CHASE        |
| LUCK OPUS                   | ED          | CHASE        |
| NECKLACE OUTBREAK           | ED          | CHASE        |
| PLATOON INSTINCT            | ED          | CHASE        |
| SPICE SORORITY              | ED          | CHASE        |
| WEDDING APOLLO              | ED          | CHASE        |
| WEEKEND PERSONAL            | ED          | CHASE        |
| WHALE BIKINI                | ED          | CHASE        |
| YOUNG LANGUAGE              | ED          | CHASE        |
| ANACONDA CONFESSIONS        | JENNIFER    | DAVIS        |
| ANGELS LIFE                 | JENNIFER    | DAVIS        |
| BAREFOOT MANCHURIAN         | JENNIFER    | DAVIS        |
| BED HIGHBALL                | JENNIFER    | DAVIS        |
| BLADE POLISH                | JENNIFER    | DAVIS        |
| BOONDOCK BALLROOM           | JENNIFER    | DAVIS        |
| GHOSTBUSTERS ELF            | JENNIFER    | DAVIS        |
| GREEDY ROOTS                | JENNIFER    | DAVIS        |
| HANOVER GALAXY              | JENNIFER    | DAVIS        |
| INSTINCT AIRPORT            | JENNIFER    | DAVIS        |
| JUMANJI BLADE               | JENNIFER    | DAVIS        |
| NATIONAL STORY              | JENNIFER    | DAVIS        |
| OKLAHOMA JUMANJI            | JENNIFER    | DAVIS        |
| POSEIDON FOREVER            | JENNIFER    | DAVIS        |
| RAIDERS ANTITRUST           | JENNIFER    | DAVIS        |
| RANDOM GO                   | JENNIFER    | DAVIS        |
| REDS POCUS                  | JENNIFER    | DAVIS        |
| SILVERADO GOLDFINGER        | JENNIFER    | DAVIS        |
| SPLASH GUMP                 | JENNIFER    | DAVIS        |
| SUBMARINE BED               | JENNIFER    | DAVIS        |
| TREASURE COMMAND            | JENNIFER    | DAVIS        |
| UNFORGIVEN ZOOLANDER        | JENNIFER    | DAVIS        |
| AMADEUS HOLY                | JOHNNY      | LOLLOBRIGIDA |
| BANGER PINOCCHIO            | JOHNNY      | LOLLOBRIGIDA |
| BONNIE HOLOCAUST            | JOHNNY      | LOLLOBRIGIDA |
| CHITTY LOCK                 | JOHNNY      | LOLLOBRIGIDA |
| COMMANDMENTS EXPRESS        | JOHNNY      | LOLLOBRIGIDA |
| CONEHEADS SMOOCHY           | JOHNNY      | LOLLOBRIGIDA |
| DADDY PITTSBURGH            | JOHNNY      | LOLLOBRIGIDA |
| DAISY MENAGERIE             | JOHNNY      | LOLLOBRIGIDA |
| ENOUGH RAGING               | JOHNNY      | LOLLOBRIGIDA |
| ESCAPE METROPOLIS           | JOHNNY      | LOLLOBRIGIDA |
| FIRE WOLVES                 | JOHNNY      | LOLLOBRIGIDA |
| FRONTIER CABIN              | JOHNNY      | LOLLOBRIGIDA |
| GOODFELLAS SALUTE           | JOHNNY      | LOLLOBRIGIDA |
| GRAIL FRANKENSTEIN          | JOHNNY      | LOLLOBRIGIDA |
| GROOVE FICTION              | JOHNNY      | LOLLOBRIGIDA |
| HALL CASSIDY                | JOHNNY      | LOLLOBRIGIDA |
| HEAVENLY GUN                | JOHNNY      | LOLLOBRIGIDA |
| KRAMER CHOCOLATE            | JOHNNY      | LOLLOBRIGIDA |
| LOVE SUICIDES               | JOHNNY      | LOLLOBRIGIDA |
| METAL ARMAGEDDON            | JOHNNY      | LOLLOBRIGIDA |
| PACIFIC AMISTAD             | JOHNNY      | LOLLOBRIGIDA |
| PATTON INTERVIEW            | JOHNNY      | LOLLOBRIGIDA |
| POCUS PULP                  | JOHNNY      | LOLLOBRIGIDA |
| RIDGEMONT SUBMARINE         | JOHNNY      | LOLLOBRIGIDA |
| RINGS HEARTBREAKERS         | JOHNNY      | LOLLOBRIGIDA |
| SMILE EARRING               | JOHNNY      | LOLLOBRIGIDA |
| SOLDIERS EVOLUTION          | JOHNNY      | LOLLOBRIGIDA |
| STAR OPERATION              | JOHNNY      | LOLLOBRIGIDA |
| SUNRISE LEAGUE              | JOHNNY      | LOLLOBRIGIDA |
| ANTITRUST TOMATOES          | BETTE       | NICHOLSON    |
| BANG KWAI                   | BETTE       | NICHOLSON    |
| BEAST HUNCHBACK             | BETTE       | NICHOLSON    |
| BIKINI BORROWERS            | BETTE       | NICHOLSON    |
| CALENDAR GUNFIGHT           | BETTE       | NICHOLSON    |
| COAST RAINBOW               | BETTE       | NICHOLSON    |
| COLDBLOODED DARLING         | BETTE       | NICHOLSON    |
| CROSSROADS CASUALTIES       | BETTE       | NICHOLSON    |
| DROP WATERFRONT             | BETTE       | NICHOLSON    |
| IGBY MAKER                  | BETTE       | NICHOLSON    |
| KRAMER CHOCOLATE            | BETTE       | NICHOLSON    |
| LANGUAGE COWBOY             | BETTE       | NICHOLSON    |
| LESSON CLEOPATRA            | BETTE       | NICHOLSON    |
| LIBERTY MAGNIFICENT         | BETTE       | NICHOLSON    |
| MULHOLLAND BEAST            | BETTE       | NICHOLSON    |
| POTLUCK MIXED               | BETTE       | NICHOLSON    |
| SPEED SUIT                  | BETTE       | NICHOLSON    |
| TITANIC BOONDOCK            | BETTE       | NICHOLSON    |
| TRADING PINOCCHIO           | BETTE       | NICHOLSON    |
| WYOMING STORM               | BETTE       | NICHOLSON    |
| ANGELS LIFE                 | GRACE       | MOSTEL       |
| ANONYMOUS HUMAN             | GRACE       | MOSTEL       |
| ARACHNOPHOBIA ROLLERCOASTER | GRACE       | MOSTEL       |
| BERETS AGENT                | GRACE       | MOSTEL       |
| BREAKING HOME               | GRACE       | MOSTEL       |
| COMMAND DARLING             | GRACE       | MOSTEL       |
| CONFESSIONS MAGUIRE         | GRACE       | MOSTEL       |
| DAZED PUNK                  | GRACE       | MOSTEL       |
| DECEIVER BETRAYED           | GRACE       | MOSTEL       |
| DESTINATION JERK            | GRACE       | MOSTEL       |
| EXCITEMENT EVE              | GRACE       | MOSTEL       |
| GASLIGHT CRUSADE            | GRACE       | MOSTEL       |
| HELLFIGHTERS SIERRA         | GRACE       | MOSTEL       |
| INSTINCT AIRPORT            | GRACE       | MOSTEL       |
| MALKOVICH PET               | GRACE       | MOSTEL       |
| NECKLACE OUTBREAK           | GRACE       | MOSTEL       |
| OCTOBER SUBMARINE           | GRACE       | MOSTEL       |
| OPEN AFRICAN                | GRACE       | MOSTEL       |
| POSEIDON FOREVER            | GRACE       | MOSTEL       |
| SAINTS BRIDE                | GRACE       | MOSTEL       |
| SAVANNAH TOWN               | GRACE       | MOSTEL       |
| SCISSORHANDS SLUMS          | GRACE       | MOSTEL       |
| SLEEPLESS MONSOON           | GRACE       | MOSTEL       |
| SLEEPY JAPANESE             | GRACE       | MOSTEL       |
| STING PERSONAL              | GRACE       | MOSTEL       |
| TOWN ARK                    | GRACE       | MOSTEL       |
| TRACY CIDER                 | GRACE       | MOSTEL       |
| TREATMENT JEKYLL            | GRACE       | MOSTEL       |
| WAR NOTTING                 | GRACE       | MOSTEL       |
| WARLOCK WEREWOLF            | GRACE       | MOSTEL       |
| BABY HALL                   | MATTHEW     | JOHANSSON    |
| CAMPUS REMEMBER             | MATTHEW     | JOHANSSON    |
| CLONES PINOCCHIO            | MATTHEW     | JOHANSSON    |
| CONQUERER NUTS              | MATTHEW     | JOHANSSON    |
| CROWDS TELEMARK             | MATTHEW     | JOHANSSON    |
| DANCES NONE                 | MATTHEW     | JOHANSSON    |
| DRIVING POLISH              | MATTHEW     | JOHANSSON    |
| DURHAM PANKY                | MATTHEW     | JOHANSSON    |
| FLASH WARS                  | MATTHEW     | JOHANSSON    |
| HANGING DEEP                | MATTHEW     | JOHANSSON    |
| INDIAN LOVE                 | MATTHEW     | JOHANSSON    |
| LIGHTS DEER                 | MATTHEW     | JOHANSSON    |
| LOSER HUSTLER               | MATTHEW     | JOHANSSON    |
| MALKOVICH PET               | MATTHEW     | JOHANSSON    |
| RUNNER MADIGAN              | MATTHEW     | JOHANSSON    |
| SCHOOL JACKET               | MATTHEW     | JOHANSSON    |
| SCORPION APOLLO             | MATTHEW     | JOHANSSON    |
| SUGAR WONKA                 | MATTHEW     | JOHANSSON    |
| TOMORROW HUSTLER            | MATTHEW     | JOHANSSON    |
| VANISHING ROCKY             | MATTHEW     | JOHANSSON    |
| ANYTHING SAVANNAH           | JOE         | SWANK        |
| BIRCH ANTITRUST             | JOE         | SWANK        |
| CHOCOLAT HARRY              | JOE         | SWANK        |
| CHOCOLATE DUCK              | JOE         | SWANK        |
| CROOKED FROGMEN             | JOE         | SWANK        |
| CURTAIN VIDEOTAPE           | JOE         | SWANK        |
| DALMATIONS SWEDEN           | JOE         | SWANK        |
| HORROR REIGN                | JOE         | SWANK        |
| LAWLESS VISION              | JOE         | SWANK        |
| LEBOWSKI SOLDIERS           | JOE         | SWANK        |
| MAJESTIC FLOATS             | JOE         | SWANK        |
| PACIFIC AMISTAD             | JOE         | SWANK        |
| PERDITION FARGO             | JOE         | SWANK        |
| PRIMARY GLASS               | JOE         | SWANK        |
| REEF SALUTE                 | JOE         | SWANK        |
| RUNNER MADIGAN              | JOE         | SWANK        |
| SMILE EARRING               | JOE         | SWANK        |
| SNATCHERS MONTEZUMA         | JOE         | SWANK        |
| SUNRISE LEAGUE              | JOE         | SWANK        |
| SWEETHEARTS SUSPECTS        | JOE         | SWANK        |
| TIES HUNGER                 | JOE         | SWANK        |
| TRAFFIC HOBBIT              | JOE         | SWANK        |
| UNTOUCHABLES SUNRISE        | JOE         | SWANK        |
| WATERFRONT DELIVERANCE      | JOE         | SWANK        |
| WILD APOLLO                 | JOE         | SWANK        |
| ACADEMY DINOSAUR            | CHRISTIAN   | GABLE        |
| ALABAMA DEVIL               | CHRISTIAN   | GABLE        |
| CROOKED FROGMEN             | CHRISTIAN   | GABLE        |
| DIVINE RESURRECTION         | CHRISTIAN   | GABLE        |
| DRAGONFLY STRANGERS         | CHRISTIAN   | GABLE        |
| GOLDFINGER SENSIBILITY      | CHRISTIAN   | GABLE        |
| JAWBREAKER BROOKLYN         | CHRISTIAN   | GABLE        |
| JEEPERS WEDDING             | CHRISTIAN   | GABLE        |
| LIFE TWISTED                | CHRISTIAN   | GABLE        |
| LORD ARIZONA                | CHRISTIAN   | GABLE        |
| MOD SECRETARY               | CHRISTIAN   | GABLE        |
| PREJUDICE OLEANDER          | CHRISTIAN   | GABLE        |
| PUNK DIVORCE                | CHRISTIAN   | GABLE        |
| REAP UNFAITHFUL             | CHRISTIAN   | GABLE        |
| SHAKESPEARE SADDLE          | CHRISTIAN   | GABLE        |
| TROUBLE DATE                | CHRISTIAN   | GABLE        |
| USUAL UNTOUCHABLES          | CHRISTIAN   | GABLE        |
| VACATION BOONDOCK           | CHRISTIAN   | GABLE        |
| WATERFRONT DELIVERANCE      | CHRISTIAN   | GABLE        |
| WEDDING APOLLO              | CHRISTIAN   | GABLE        |
| WIZARD COLDBLOODED          | CHRISTIAN   | GABLE        |
| WON DARES                   | CHRISTIAN   | GABLE        |
| CANYON STOCK                | ZERO        | CAGE         |
| DANCES NONE                 | ZERO        | CAGE         |
| ENCINO ELF                  | ZERO        | CAGE         |
| ENDING CROWDS               | ZERO        | CAGE         |
| GANDHI KWAI                 | ZERO        | CAGE         |
| GODFATHER DIARY             | ZERO        | CAGE         |
| HANDICAP BOONDOCK           | ZERO        | CAGE         |
| HONEY TIES                  | ZERO        | CAGE         |
| HORN WORKING                | ZERO        | CAGE         |
| IMAGE PRINCESS              | ZERO        | CAGE         |
| JERSEY SASSY                | ZERO        | CAGE         |
| LOSER HUSTLER               | ZERO        | CAGE         |
| MEET CHOCOLATE              | ZERO        | CAGE         |
| MOD SECRETARY               | ZERO        | CAGE         |
| MOONWALKER FOOL             | ZERO        | CAGE         |
| OLEANDER CLUE               | ZERO        | CAGE         |
| RACER EGG                   | ZERO        | CAGE         |
| STORY SIDE                  | ZERO        | CAGE         |
| STRANGERS GRAFFITI          | ZERO        | CAGE         |
| THIN SAGEBRUSH              | ZERO        | CAGE         |
| TOOTSIE PILOT               | ZERO        | CAGE         |
| UPTOWN YOUNG                | ZERO        | CAGE         |
| VELVET TERMINATOR           | ZERO        | CAGE         |
| WEST LION                   | ZERO        | CAGE         |
| WORKER TARZAN               | ZERO        | CAGE         |
| ALLEY EVOLUTION             | KARL        | BERRY        |
| ALONE TRIP                  | KARL        | BERRY        |
| ARABIA DOGMA                | KARL        | BERRY        |
| ARIZONA BANG                | KARL        | BERRY        |
| BOUND CHEAPER               | KARL        | BERRY        |
| BOWFINGER GABLES            | KARL        | BERRY        |
| BUNCH MINDS                 | KARL        | BERRY        |
| CLEOPATRA DEVIL             | KARL        | BERRY        |
| CONNECTICUT TRAMP           | KARL        | BERRY        |
| DARES PLUTO                 | KARL        | BERRY        |
| DATE SPEED                  | KARL        | BERRY        |
| DAY UNFAITHFUL              | KARL        | BERRY        |
| DOORS PRESIDENT             | KARL        | BERRY        |
| FURY MURDER                 | KARL        | BERRY        |
| HARDLY ROBBERS              | KARL        | BERRY        |
| HIGHBALL POTTER             | KARL        | BERRY        |
| HOLES BRANNIGAN             | KARL        | BERRY        |
| INDEPENDENCE HOTEL          | KARL        | BERRY        |
| LEATHERNECKS DWARFS         | KARL        | BERRY        |
| LUCKY FLYING                | KARL        | BERRY        |
| MONTEREY LABYRINTH          | KARL        | BERRY        |
| NOVOCAINE FLIGHT            | KARL        | BERRY        |
| OKLAHOMA JUMANJI            | KARL        | BERRY        |
| PERFECT GROOVE              | KARL        | BERRY        |
| REAP UNFAITHFUL             | KARL        | BERRY        |
| REUNION WITCHES             | KARL        | BERRY        |
| SMOKING BARBARELLA          | KARL        | BERRY        |
| STAGECOACH ARMAGEDDON       | KARL        | BERRY        |
| SWEDEN SHINING              | KARL        | BERRY        |
| TELEMARK HEARTBREAKERS      | KARL        | BERRY        |
| VIRGINIAN PLUTO             | KARL        | BERRY        |
| ALONE TRIP                  | UMA         | WOOD         |
| ANTITRUST TOMATOES          | UMA         | WOOD         |
| ATTRACTION NEWTON           | UMA         | WOOD         |
| BOONDOCK BALLROOM           | UMA         | WOOD         |
| CABIN FLASH                 | UMA         | WOOD         |
| CHINATOWN GLADIATOR         | UMA         | WOOD         |
| CLASH FREDDY                | UMA         | WOOD         |
| CLUELESS BUCKET             | UMA         | WOOD         |
| DAISY MENAGERIE             | UMA         | WOOD         |
| DRIVER ANNIE                | UMA         | WOOD         |
| FRIDA SLIPPER               | UMA         | WOOD         |
| GALAXY SWEETHEARTS          | UMA         | WOOD         |
| GRINCH MASSAGE              | UMA         | WOOD         |
| GROUNDHOG UNCUT             | UMA         | WOOD         |
| HOMEWARD CIDER              | UMA         | WOOD         |
| INCH JET                    | UMA         | WOOD         |
| LEATHERNECKS DWARFS         | UMA         | WOOD         |
| LEGALLY SECRETARY           | UMA         | WOOD         |
| LIFE TWISTED                | UMA         | WOOD         |
| LION UNCUT                  | UMA         | WOOD         |
| LOLITA WORLD                | UMA         | WOOD         |
| METAL ARMAGEDDON            | UMA         | WOOD         |
| MODEL FISH                  | UMA         | WOOD         |
| MOONWALKER FOOL             | UMA         | WOOD         |
| MOTIONS DETAILS             | UMA         | WOOD         |
| REBEL AIRPORT               | UMA         | WOOD         |
| RIDER CADDYSHACK            | UMA         | WOOD         |
| SNOWMAN ROLLERCOASTER       | UMA         | WOOD         |
| SOLDIERS EVOLUTION          | UMA         | WOOD         |
| SPLASH GUMP                 | UMA         | WOOD         |
| SPLENDOR PATTON             | UMA         | WOOD         |
| STEEL SANTA                 | UMA         | WOOD         |
| TORQUE BOUND                | UMA         | WOOD         |
| WEDDING APOLLO              | UMA         | WOOD         |
| ZHIVAGO CORE                | UMA         | WOOD         |
| CLASH FREDDY                | VIVIEN      | BERGEN       |
| CRANES RESERVOIR            | VIVIEN      | BERGEN       |
| DIRTY ACE                   | VIVIEN      | BERGEN       |
| DONNIE ALLEY                | VIVIEN      | BERGEN       |
| DRIFTER COMMANDMENTS        | VIVIEN      | BERGEN       |
| DRIVING POLISH              | VIVIEN      | BERGEN       |
| DRUMS DYNAMITE              | VIVIEN      | BERGEN       |
| ENEMY ODDS                  | VIVIEN      | BERGEN       |
| EXCITEMENT EVE              | VIVIEN      | BERGEN       |
| GORGEOUS BINGO              | VIVIEN      | BERGEN       |
| HIGH ENCINO                 | VIVIEN      | BERGEN       |
| HILLS NEIGHBORS             | VIVIEN      | BERGEN       |
| HOBBIT ALIEN                | VIVIEN      | BERGEN       |
| IMPACT ALADDIN              | VIVIEN      | BERGEN       |
| ITALIAN AFRICAN             | VIVIEN      | BERGEN       |
| JAPANESE RUN                | VIVIEN      | BERGEN       |
| KENTUCKIAN GIANT            | VIVIEN      | BERGEN       |
| LOVELY JINGLE               | VIVIEN      | BERGEN       |
| LOVER TRUMAN                | VIVIEN      | BERGEN       |
| MUSSOLINI SPOILERS          | VIVIEN      | BERGEN       |
| POLISH BROOKLYN             | VIVIEN      | BERGEN       |
| SALUTE APOLLO               | VIVIEN      | BERGEN       |
| SATURDAY LAMBS              | VIVIEN      | BERGEN       |
| STOCK GLASS                 | VIVIEN      | BERGEN       |
| STREETCAR INTENTIONS        | VIVIEN      | BERGEN       |
| TIGHTS DAWN                 | VIVIEN      | BERGEN       |
| TRAP GUYS                   | VIVIEN      | BERGEN       |
| TYCOON GATHERING            | VIVIEN      | BERGEN       |
| VOICE PEACH                 | VIVIEN      | BERGEN       |
| WESTWARD SEABISCUIT         | VIVIEN      | BERGEN       |
| APACHE DIVINE               | CUBA        | OLIVIER      |
| BORROWERS BEDAZZLED         | CUBA        | OLIVIER      |
| BOUND CHEAPER               | CUBA        | OLIVIER      |
| BUTCH PANTHER               | CUBA        | OLIVIER      |
| CASSIDY WYOMING             | CUBA        | OLIVIER      |
| DIVINE RESURRECTION         | CUBA        | OLIVIER      |
| EGYPT TENENBAUMS            | CUBA        | OLIVIER      |
| EMPIRE MALKOVICH            | CUBA        | OLIVIER      |
| FLYING HOOK                 | CUBA        | OLIVIER      |
| FUGITIVE MAGUIRE            | CUBA        | OLIVIER      |
| HELLFIGHTERS SIERRA         | CUBA        | OLIVIER      |
| HYDE DOCTOR                 | CUBA        | OLIVIER      |
| KISS GLORY                  | CUBA        | OLIVIER      |
| KNOCK WARLOCK               | CUBA        | OLIVIER      |
| LUKE MUMMY                  | CUBA        | OLIVIER      |
| MAKER GABLES                | CUBA        | OLIVIER      |
| MONTEZUMA COMMAND           | CUBA        | OLIVIER      |
| NOON PAPI                   | CUBA        | OLIVIER      |
| OKLAHOMA JUMANJI            | CUBA        | OLIVIER      |
| ROSES TREASURE              | CUBA        | OLIVIER      |
| SHANE DARKNESS              | CUBA        | OLIVIER      |
| SIEGE MADRE                 | CUBA        | OLIVIER      |
| SOLDIERS EVOLUTION          | CUBA        | OLIVIER      |
| THEORY MERMAID              | CUBA        | OLIVIER      |
| UNFORGIVEN ZOOLANDER        | CUBA        | OLIVIER      |
| VOLCANO TEXAS               | CUBA        | OLIVIER      |
| WEREWOLF LOLA               | CUBA        | OLIVIER      |
| WONDERLAND CHRISTMAS        | CUBA        | OLIVIER      |
| BLANKET BEVERLY             | FRED        | COSTNER      |
| BOONDOCK BALLROOM           | FRED        | COSTNER      |
| BROTHERHOOD BLANKET         | FRED        | COSTNER      |
| CAROL TEXAS                 | FRED        | COSTNER      |
| CLEOPATRA DEVIL             | FRED        | COSTNER      |
| CONNECTICUT TRAMP           | FRED        | COSTNER      |
| DECEIVER BETRAYED           | FRED        | COSTNER      |
| DELIVERANCE MULHOLLAND      | FRED        | COSTNER      |
| EAGLES PANKY                | FRED        | COSTNER      |
| EARRING INSTINCT            | FRED        | COSTNER      |
| EASY GLADIATOR              | FRED        | COSTNER      |
| EMPIRE MALKOVICH            | FRED        | COSTNER      |
| ENTRAPMENT SATISFACTION     | FRED        | COSTNER      |
| GABLES METROPOLIS           | FRED        | COSTNER      |
| HUMAN GRAFFITI              | FRED        | COSTNER      |
| IMAGE PRINCESS              | FRED        | COSTNER      |
| IMPOSSIBLE PREJUDICE        | FRED        | COSTNER      |
| INCH JET                    | FRED        | COSTNER      |
| KRAMER CHOCOLATE            | FRED        | COSTNER      |
| MAGNIFICENT CHITTY          | FRED        | COSTNER      |
| MIRACLE VIRTUAL             | FRED        | COSTNER      |
| MISSION ZOOLANDER           | FRED        | COSTNER      |
| REAR TRADING                | FRED        | COSTNER      |
| SAINTS BRIDE                | FRED        | COSTNER      |
| SENSE GREEK                 | FRED        | COSTNER      |
| THEORY MERMAID              | FRED        | COSTNER      |
| WEEKEND PERSONAL            | FRED        | COSTNER      |
| BREAKING HOME               | HELEN       | VOIGHT       |
| CAPER MOTIONS               | HELEN       | VOIGHT       |
| CASPER DRAGONFLY            | HELEN       | VOIGHT       |
| CAT CONEHEADS               | HELEN       | VOIGHT       |
| CLASH FREDDY                | HELEN       | VOIGHT       |
| CUPBOARD SINNERS            | HELEN       | VOIGHT       |
| CYCLONE FAMILY              | HELEN       | VOIGHT       |
| DIVINE RESURRECTION         | HELEN       | VOIGHT       |
| EMPIRE MALKOVICH            | HELEN       | VOIGHT       |
| FEVER EMPIRE                | HELEN       | VOIGHT       |
| FIDELITY DEVIL              | HELEN       | VOIGHT       |
| GREATEST NORTH              | HELEN       | VOIGHT       |
| INDEPENDENCE HOTEL          | HELEN       | VOIGHT       |
| IRON MOON                   | HELEN       | VOIGHT       |
| JAWS HARRY                  | HELEN       | VOIGHT       |
| KISS GLORY                  | HELEN       | VOIGHT       |
| LEGALLY SECRETARY           | HELEN       | VOIGHT       |
| LIES TREATMENT              | HELEN       | VOIGHT       |
| MICROCOSMOS PARADISE        | HELEN       | VOIGHT       |
| MOVIE SHAKESPEARE           | HELEN       | VOIGHT       |
| MUMMY CREATURES             | HELEN       | VOIGHT       |
| ROAD ROXANNE                | HELEN       | VOIGHT       |
| SCISSORHANDS SLUMS          | HELEN       | VOIGHT       |
| SIDE ARK                    | HELEN       | VOIGHT       |
| SINNERS ATLANTIS            | HELEN       | VOIGHT       |
| STRANGER STRANGERS          | HELEN       | VOIGHT       |
| SWEETHEARTS SUSPECTS        | HELEN       | VOIGHT       |
| TADPOLE PARK                | HELEN       | VOIGHT       |
| TELEMARK HEARTBREAKERS      | HELEN       | VOIGHT       |
| VOICE PEACH                 | HELEN       | VOIGHT       |
| WAR NOTTING                 | HELEN       | VOIGHT       |
| WARLOCK WEREWOLF            | HELEN       | VOIGHT       |
| ATTACKS HATE                | DAN         | TORN         |
| BOILED DARES                | DAN         | TORN         |
| CHINATOWN GLADIATOR         | DAN         | TORN         |
| CONEHEADS SMOOCHY           | DAN         | TORN         |
| EARLY HOME                  | DAN         | TORN         |
| ELIZABETH SHANE             | DAN         | TORN         |
| EMPIRE MALKOVICH            | DAN         | TORN         |
| FLASH WARS                  | DAN         | TORN         |
| GUMP DATE                   | DAN         | TORN         |
| INNOCENT USUAL              | DAN         | TORN         |
| INSIDER ARIZONA             | DAN         | TORN         |
| JERK PAYCHECK               | DAN         | TORN         |
| LOVELY JINGLE               | DAN         | TORN         |
| MASK PEACH                  | DAN         | TORN         |
| MUSSOLINI SPOILERS          | DAN         | TORN         |
| REAR TRADING                | DAN         | TORN         |
| SLING LUKE                  | DAN         | TORN         |
| STATE WASTELAND             | DAN         | TORN         |
| SUN CONFESSIONS             | DAN         | TORN         |
| TEQUILA PAST                | DAN         | TORN         |
| TUXEDO MILE                 | DAN         | TORN         |
| VIRGIN DAISY                | DAN         | TORN         |
| ACE GOLDFINGER              | BOB         | FAWCETT      |
| ADAPTATION HOLES            | BOB         | FAWCETT      |
| CHINATOWN GLADIATOR         | BOB         | FAWCETT      |
| CIRCUS YOUTH                | BOB         | FAWCETT      |
| CONTROL ANTHEM              | BOB         | FAWCETT      |
| DARES PLUTO                 | BOB         | FAWCETT      |
| DARN FORRESTER              | BOB         | FAWCETT      |
| DAZED PUNK                  | BOB         | FAWCETT      |
| DYNAMITE TARZAN             | BOB         | FAWCETT      |
| HATE HANDICAP               | BOB         | FAWCETT      |
| HOMICIDE PEACH              | BOB         | FAWCETT      |
| JACKET FRISCO               | BOB         | FAWCETT      |
| JUMANJI BLADE               | BOB         | FAWCETT      |
| LAWLESS VISION              | BOB         | FAWCETT      |
| LEATHERNECKS DWARFS         | BOB         | FAWCETT      |
| OSCAR GOLD                  | BOB         | FAWCETT      |
| PELICAN COMFORTS            | BOB         | FAWCETT      |
| PERSONAL LADYBUGS           | BOB         | FAWCETT      |
| RAGING AIRPLANE             | BOB         | FAWCETT      |
| RUN PACIFIC                 | BOB         | FAWCETT      |
| RUNNER MADIGAN              | BOB         | FAWCETT      |
| SADDLE ANTITRUST            | BOB         | FAWCETT      |
| SCORPION APOLLO             | BOB         | FAWCETT      |
| SHAWSHANK BUBBLE            | BOB         | FAWCETT      |
| TAXI KICK                   | BOB         | FAWCETT      |
| ACADEMY DINOSAUR            | LUCILLE     | TRACY        |
| BANGER PINOCCHIO            | LUCILLE     | TRACY        |
| BEDAZZLED MARRIED           | LUCILLE     | TRACY        |
| CHEAPER CLYDE               | LUCILLE     | TRACY        |
| CHITTY LOCK                 | LUCILLE     | TRACY        |
| COLDBLOODED DARLING         | LUCILLE     | TRACY        |
| DINOSAUR SECRETARY          | LUCILLE     | TRACY        |
| DOORS PRESIDENT             | LUCILLE     | TRACY        |
| EARRING INSTINCT            | LUCILLE     | TRACY        |
| EGG IGBY                    | LUCILLE     | TRACY        |
| GANDHI KWAI                 | LUCILLE     | TRACY        |
| GOLDFINGER SENSIBILITY      | LUCILLE     | TRACY        |
| HYDE DOCTOR                 | LUCILLE     | TRACY        |
| JAWS HARRY                  | LUCILLE     | TRACY        |
| JUNGLE CLOSER               | LUCILLE     | TRACY        |
| KING EVOLUTION              | LUCILLE     | TRACY        |
| LOLA AGENT                  | LUCILLE     | TRACY        |
| LOSE INCH                   | LUCILLE     | TRACY        |
| LOVERBOY ATTACKS            | LUCILLE     | TRACY        |
| MODERN DORADO               | LUCILLE     | TRACY        |
| ORIENT CLOSER               | LUCILLE     | TRACY        |
| PAJAMA JAWBREAKER           | LUCILLE     | TRACY        |
| PATIENT SISTER              | LUCILLE     | TRACY        |
| RANDOM GO                   | LUCILLE     | TRACY        |
| REAR TRADING                | LUCILLE     | TRACY        |
| SAGEBRUSH CLUELESS          | LUCILLE     | TRACY        |
| SHANGHAI TYCOON             | LUCILLE     | TRACY        |
| SUN CONFESSIONS             | LUCILLE     | TRACY        |
| WASTELAND DIVINE            | LUCILLE     | TRACY        |
| WINDOW SIDE                 | LUCILLE     | TRACY        |
| AGENT TRUMAN                | KIRSTEN     | PALTROW      |
| BOONDOCK BALLROOM           | KIRSTEN     | PALTROW      |
| BORN SPINAL                 | KIRSTEN     | PALTROW      |
| CHICKEN HELLFIGHTERS        | KIRSTEN     | PALTROW      |
| CLOSER BANG                 | KIRSTEN     | PALTROW      |
| CONQUERER NUTS              | KIRSTEN     | PALTROW      |
| DRIFTER COMMANDMENTS        | KIRSTEN     | PALTROW      |
| ENCINO ELF                  | KIRSTEN     | PALTROW      |
| FLASH WARS                  | KIRSTEN     | PALTROW      |
| HANOVER GALAXY              | KIRSTEN     | PALTROW      |
| HOME PITY                   | KIRSTEN     | PALTROW      |
| HONEY TIES                  | KIRSTEN     | PALTROW      |
| KILL BROTHERHOOD            | KIRSTEN     | PALTROW      |
| LADYBUGS ARMAGEDDON         | KIRSTEN     | PALTROW      |
| LORD ARIZONA                | KIRSTEN     | PALTROW      |
| PINOCCHIO SIMON             | KIRSTEN     | PALTROW      |
| PLUTO OLEANDER              | KIRSTEN     | PALTROW      |
| PRIX UNDEFEATED             | KIRSTEN     | PALTROW      |
| PULP BEVERLY                | KIRSTEN     | PALTROW      |
| RIVER OUTLAW                | KIRSTEN     | PALTROW      |
| ROAD ROXANNE                | KIRSTEN     | PALTROW      |
| SILVERADO GOLDFINGER        | KIRSTEN     | PALTROW      |
| SLEEPING SUSPECTS           | KIRSTEN     | PALTROW      |
| THIEF PELICAN               | KIRSTEN     | PALTROW      |
| TITANS JERK                 | KIRSTEN     | PALTROW      |
| UNBREAKABLE KARATE          | KIRSTEN     | PALTROW      |
| WON DARES                   | KIRSTEN     | PALTROW      |
| ALABAMA DEVIL               | ELVIS       | MARX         |
| ANACONDA CONFESSIONS        | ELVIS       | MARX         |
| BAREFOOT MANCHURIAN         | ELVIS       | MARX         |
| BORROWERS BEDAZZLED         | ELVIS       | MARX         |
| CADDYSHACK JEDI             | ELVIS       | MARX         |
| CHITTY LOCK                 | ELVIS       | MARX         |
| EVOLUTION ALTER             | ELVIS       | MARX         |
| EXPECATIONS NATURAL         | ELVIS       | MARX         |
| GANGS PRIDE                 | ELVIS       | MARX         |
| GOODFELLAS SALUTE           | ELVIS       | MARX         |
| HOBBIT ALIEN                | ELVIS       | MARX         |
| HOOK CHARIOTS               | ELVIS       | MARX         |
| JERICHO MULAN               | ELVIS       | MARX         |
| JUMPING WRATH               | ELVIS       | MARX         |
| KENTUCKIAN GIANT            | ELVIS       | MARX         |
| LOVELY JINGLE               | ELVIS       | MARX         |
| MOTIONS DETAILS             | ELVIS       | MARX         |
| ODDS BOOGIE                 | ELVIS       | MARX         |
| OUTLAW HANKY                | ELVIS       | MARX         |
| POLISH BROOKLYN             | ELVIS       | MARX         |
| RIGHT CRANES                | ELVIS       | MARX         |
| ROOF CHAMPION               | ELVIS       | MARX         |
| SEATTLE EXPECATIONS         | ELVIS       | MARX         |
| SKY MIRACLE                 | ELVIS       | MARX         |
| TROJAN TOMORROW             | ELVIS       | MARX         |
| WATERFRONT DELIVERANCE      | ELVIS       | MARX         |
| AGENT TRUMAN                | SANDRA      | KILMER       |
| ARTIST COLDBLOODED          | SANDRA      | KILMER       |
| BLACKOUT PRIVATE            | SANDRA      | KILMER       |
| BULL SHAWSHANK              | SANDRA      | KILMER       |
| CANDIDATE PERDITION         | SANDRA      | KILMER       |
| CANDLES GRAPES              | SANDRA      | KILMER       |
| CASSIDY WYOMING             | SANDRA      | KILMER       |
| DARN FORRESTER              | SANDRA      | KILMER       |
| DESTINY SATURDAY            | SANDRA      | KILMER       |
| DIVIDE MONSTER              | SANDRA      | KILMER       |
| DRIVER ANNIE                | SANDRA      | KILMER       |
| GOLDMINE TYCOON             | SANDRA      | KILMER       |
| GORGEOUS BINGO              | SANDRA      | KILMER       |
| HELLFIGHTERS SIERRA         | SANDRA      | KILMER       |
| HOCUS FRIDA                 | SANDRA      | KILMER       |
| HOTEL HAPPINESS             | SANDRA      | KILMER       |
| IDENTITY LOVER              | SANDRA      | KILMER       |
| JUMPING WRATH               | SANDRA      | KILMER       |
| LOVELY JINGLE               | SANDRA      | KILMER       |
| MAGNOLIA FORRESTER          | SANDRA      | KILMER       |
| OLEANDER CLUE               | SANDRA      | KILMER       |
| OZ LIAISONS                 | SANDRA      | KILMER       |
| PERSONAL LADYBUGS           | SANDRA      | KILMER       |
| POSEIDON FOREVER            | SANDRA      | KILMER       |
| SAVANNAH TOWN               | SANDRA      | KILMER       |
| SHAKESPEARE SADDLE          | SANDRA      | KILMER       |
| SLEEPING SUSPECTS           | SANDRA      | KILMER       |
| SONS INTERVIEW              | SANDRA      | KILMER       |
| SPEED SUIT                  | SANDRA      | KILMER       |
| SPLENDOR PATTON             | SANDRA      | KILMER       |
| STATE WASTELAND             | SANDRA      | KILMER       |
| STRANGER STRANGERS          | SANDRA      | KILMER       |
| STREAK RIDGEMONT            | SANDRA      | KILMER       |
| STREETCAR INTENTIONS        | SANDRA      | KILMER       |
| VANISHED GARDEN             | SANDRA      | KILMER       |
| WOLVES DESIRE               | SANDRA      | KILMER       |
| YOUTH KICK                  | SANDRA      | KILMER       |
| ADAPTATION HOLES            | CAMERON     | STREEP       |
| BLUES INSTINCT              | CAMERON     | STREEP       |
| CALENDAR GUNFIGHT           | CAMERON     | STREEP       |
| CASUALTIES ENCINO           | CAMERON     | STREEP       |
| CHOCOLATE DUCK              | CAMERON     | STREEP       |
| COAST RAINBOW               | CAMERON     | STREEP       |
| CONNECTION MICROCOSMOS      | CAMERON     | STREEP       |
| CROW GREASE                 | CAMERON     | STREEP       |
| CUPBOARD SINNERS            | CAMERON     | STREEP       |
| DOOM DANCING                | CAMERON     | STREEP       |
| DROP WATERFRONT             | CAMERON     | STREEP       |
| ELEPHANT TROJAN             | CAMERON     | STREEP       |
| FREEDOM CLEOPATRA           | CAMERON     | STREEP       |
| HAUNTED ANTITRUST           | CAMERON     | STREEP       |
| INSTINCT AIRPORT            | CAMERON     | STREEP       |
| LEGALLY SECRETARY           | CAMERON     | STREEP       |
| MOB DUFFEL                  | CAMERON     | STREEP       |
| MOVIE SHAKESPEARE           | CAMERON     | STREEP       |
| PANIC CLUB                  | CAMERON     | STREEP       |
| PURE RUNNER                 | CAMERON     | STREEP       |
| SEVEN SWARM                 | CAMERON     | STREEP       |
| SPINAL ROCKY                | CAMERON     | STREEP       |
| SPLASH GUMP                 | CAMERON     | STREEP       |
| WEST LION                   | CAMERON     | STREEP       |
| AMERICAN CIRCUS             | KEVIN       | BLOOM        |
| BOOGIE AMELIE               | KEVIN       | BLOOM        |
| CITIZEN SHREK               | KEVIN       | BLOOM        |
| CONQUERER NUTS              | KEVIN       | BLOOM        |
| DALMATIONS SWEDEN           | KEVIN       | BLOOM        |
| DATE SPEED                  | KEVIN       | BLOOM        |
| DESTINY SATURDAY            | KEVIN       | BLOOM        |
| DOUBLE WRATH                | KEVIN       | BLOOM        |
| FICTION CHRISTMAS           | KEVIN       | BLOOM        |
| HATE HANDICAP               | KEVIN       | BLOOM        |
| HEAVENLY GUN                | KEVIN       | BLOOM        |
| HOLES BRANNIGAN             | KEVIN       | BLOOM        |
| LOVERBOY ATTACKS            | KEVIN       | BLOOM        |
| MASSAGE IMAGE               | KEVIN       | BLOOM        |
| MISSION ZOOLANDER           | KEVIN       | BLOOM        |
| MUMMY CREATURES             | KEVIN       | BLOOM        |
| POLISH BROOKLYN             | KEVIN       | BLOOM        |
| PRIMARY GLASS               | KEVIN       | BLOOM        |
| SABRINA MIDNIGHT            | KEVIN       | BLOOM        |
| SWEDEN SHINING              | KEVIN       | BLOOM        |
| TROUBLE DATE                | KEVIN       | BLOOM        |
| ALABAMA DEVIL               | RIP         | CRAWFORD     |
| AMERICAN CIRCUS             | RIP         | CRAWFORD     |
| ARABIA DOGMA                | RIP         | CRAWFORD     |
| BOULEVARD MOB               | RIP         | CRAWFORD     |
| BRANNIGAN SUNRISE           | RIP         | CRAWFORD     |
| BUCKET BROTHERHOOD          | RIP         | CRAWFORD     |
| CHOCOLAT HARRY              | RIP         | CRAWFORD     |
| CRAFT OUTFIELD              | RIP         | CRAWFORD     |
| CYCLONE FAMILY              | RIP         | CRAWFORD     |
| DESTINATION JERK            | RIP         | CRAWFORD     |
| DONNIE ALLEY                | RIP         | CRAWFORD     |
| FOOL MOCKINGBIRD            | RIP         | CRAWFORD     |
| FORREST SONS                | RIP         | CRAWFORD     |
| FRONTIER CABIN              | RIP         | CRAWFORD     |
| GABLES METROPOLIS           | RIP         | CRAWFORD     |
| GUYS FALCON                 | RIP         | CRAWFORD     |
| HALL CASSIDY                | RIP         | CRAWFORD     |
| LONELY ELEPHANT             | RIP         | CRAWFORD     |
| MADISON TRAP                | RIP         | CRAWFORD     |
| MASSAGE IMAGE               | RIP         | CRAWFORD     |
| OKLAHOMA JUMANJI            | RIP         | CRAWFORD     |
| OSCAR GOLD                  | RIP         | CRAWFORD     |
| PITTSBURGH HUNCHBACK        | RIP         | CRAWFORD     |
| POLISH BROOKLYN             | RIP         | CRAWFORD     |
| RANGE MOONWALKER            | RIP         | CRAWFORD     |
| RINGS HEARTBREAKERS         | RIP         | CRAWFORD     |
| SAINTS BRIDE                | RIP         | CRAWFORD     |
| SATURDAY LAMBS              | RIP         | CRAWFORD     |
| SIEGE MADRE                 | RIP         | CRAWFORD     |
| SORORITY QUEEN              | RIP         | CRAWFORD     |
| TEXAS WATCH                 | RIP         | CRAWFORD     |
| TRAIN BUNCH                 | RIP         | CRAWFORD     |
| TRAMP OTHERS                | RIP         | CRAWFORD     |
| AMADEUS HOLY                | JULIA       | MCQUEEN      |
| ARABIA DOGMA                | JULIA       | MCQUEEN      |
| BONNIE HOLOCAUST            | JULIA       | MCQUEEN      |
| CIDER DESIRE                | JULIA       | MCQUEEN      |
| CONEHEADS SMOOCHY           | JULIA       | MCQUEEN      |
| EFFECT GLADIATOR            | JULIA       | MCQUEEN      |
| FREDDY STORM                | JULIA       | MCQUEEN      |
| GAMES BOWFINGER             | JULIA       | MCQUEEN      |
| GLADIATOR WESTWARD          | JULIA       | MCQUEEN      |
| HANOVER GALAXY              | JULIA       | MCQUEEN      |
| HIGH ENCINO                 | JULIA       | MCQUEEN      |
| INSIDER ARIZONA             | JULIA       | MCQUEEN      |
| JAWBREAKER BROOKLYN         | JULIA       | MCQUEEN      |
| KISS GLORY                  | JULIA       | MCQUEEN      |
| KRAMER CHOCOLATE            | JULIA       | MCQUEEN      |
| LUCKY FLYING                | JULIA       | MCQUEEN      |
| MOCKINGBIRD HOLLYWOOD       | JULIA       | MCQUEEN      |
| MONTEREY LABYRINTH          | JULIA       | MCQUEEN      |
| OPEN AFRICAN                | JULIA       | MCQUEEN      |
| PILOT HOOSIERS              | JULIA       | MCQUEEN      |
| PITTSBURGH HUNCHBACK        | JULIA       | MCQUEEN      |
| PRESIDENT BANG              | JULIA       | MCQUEEN      |
| SCORPION APOLLO             | JULIA       | MCQUEEN      |
| SLEEPLESS MONSOON           | JULIA       | MCQUEEN      |
| SPIRIT FLINTSTONES          | JULIA       | MCQUEEN      |
| STRANGERS GRAFFITI          | JULIA       | MCQUEEN      |
| SWEETHEARTS SUSPECTS        | JULIA       | MCQUEEN      |
| TELEMARK HEARTBREAKERS      | JULIA       | MCQUEEN      |
| TIES HUNGER                 | JULIA       | MCQUEEN      |
| TRAIN BUNCH                 | JULIA       | MCQUEEN      |
| WEEKEND PERSONAL            | JULIA       | MCQUEEN      |
| WONKA SEA                   | JULIA       | MCQUEEN      |
| YOUNG LANGUAGE              | JULIA       | MCQUEEN      |
| ALICE FANTASIA              | WOODY       | HOFFMAN      |
| ATLANTIS CAUSE              | WOODY       | HOFFMAN      |
| BEACH HEARTBREAKERS         | WOODY       | HOFFMAN      |
| BIRCH ANTITRUST             | WOODY       | HOFFMAN      |
| BREAKING HOME               | WOODY       | HOFFMAN      |
| BUNCH MINDS                 | WOODY       | HOFFMAN      |
| DUCK RACER                  | WOODY       | HOFFMAN      |
| DURHAM PANKY                | WOODY       | HOFFMAN      |
| ENTRAPMENT SATISFACTION     | WOODY       | HOFFMAN      |
| GILMORE BOILED              | WOODY       | HOFFMAN      |
| KNOCK WARLOCK               | WOODY       | HOFFMAN      |
| LAMBS CINCINATTI            | WOODY       | HOFFMAN      |
| LOSER HUSTLER               | WOODY       | HOFFMAN      |
| MAIDEN HOME                 | WOODY       | HOFFMAN      |
| MIDNIGHT WESTWARD           | WOODY       | HOFFMAN      |
| MOONWALKER FOOL             | WOODY       | HOFFMAN      |
| NEIGHBORS CHARADE           | WOODY       | HOFFMAN      |
| NONE SPIKING                | WOODY       | HOFFMAN      |
| PAJAMA JAWBREAKER           | WOODY       | HOFFMAN      |
| PILOT HOOSIERS              | WOODY       | HOFFMAN      |
| ROOM ROMAN                  | WOODY       | HOFFMAN      |
| SHOOTIST SUPERFLY           | WOODY       | HOFFMAN      |
| SHRUNK DIVINE               | WOODY       | HOFFMAN      |
| SNOWMAN ROLLERCOASTER       | WOODY       | HOFFMAN      |
| SPICE SORORITY              | WOODY       | HOFFMAN      |
| SPY MILE                    | WOODY       | HOFFMAN      |
| TELEGRAPH VOYAGE            | WOODY       | HOFFMAN      |
| TRAP GUYS                   | WOODY       | HOFFMAN      |
| WAIT CIDER                  | WOODY       | HOFFMAN      |
| WIFE TURN                   | WOODY       | HOFFMAN      |
| WYOMING STORM               | WOODY       | HOFFMAN      |
| ALADDIN CALENDAR            | ALEC        | WAYNE        |
| BLADE POLISH                | ALEC        | WAYNE        |
| BULL SHAWSHANK              | ALEC        | WAYNE        |
| CABIN FLASH                 | ALEC        | WAYNE        |
| CENTER DINOSAUR             | ALEC        | WAYNE        |
| CHAMBER ITALIAN             | ALEC        | WAYNE        |
| CONEHEADS SMOOCHY           | ALEC        | WAYNE        |
| DESTINY SATURDAY            | ALEC        | WAYNE        |
| EFFECT GLADIATOR            | ALEC        | WAYNE        |
| ENCOUNTERS CURTAIN          | ALEC        | WAYNE        |
| EXPRESS LONELY              | ALEC        | WAYNE        |
| FICTION CHRISTMAS           | ALEC        | WAYNE        |
| FREEDOM CLEOPATRA           | ALEC        | WAYNE        |
| FUGITIVE MAGUIRE            | ALEC        | WAYNE        |
| HOURS RAGE                  | ALEC        | WAYNE        |
| HUSTLER PARTY               | ALEC        | WAYNE        |
| IDENTITY LOVER              | ALEC        | WAYNE        |
| INSIDER ARIZONA             | ALEC        | WAYNE        |
| JEOPARDY ENCINO             | ALEC        | WAYNE        |
| JOON NORTHWEST              | ALEC        | WAYNE        |
| LIBERTY MAGNIFICENT         | ALEC        | WAYNE        |
| MAGIC MALLRATS              | ALEC        | WAYNE        |
| MONEY HAROLD                | ALEC        | WAYNE        |
| OUTBREAK DIVINE             | ALEC        | WAYNE        |
| REIGN GENTLEMEN             | ALEC        | WAYNE        |
| SMOKING BARBARELLA          | ALEC        | WAYNE        |
| SUMMER SCARFACE             | ALEC        | WAYNE        |
| UPTOWN YOUNG                | ALEC        | WAYNE        |
| VIRGIN DAISY                | ALEC        | WAYNE        |
| ACADEMY DINOSAUR            | SANDRA      | PECK         |
| BANG KWAI                   | SANDRA      | PECK         |
| BEETHOVEN EXORCIST          | SANDRA      | PECK         |
| BEVERLY OUTLAW              | SANDRA      | PECK         |
| BIRDS PERDITION             | SANDRA      | PECK         |
| BOONDOCK BALLROOM           | SANDRA      | PECK         |
| DUDE BLINDNESS              | SANDRA      | PECK         |
| DUMBO LUST                  | SANDRA      | PECK         |
| ENOUGH RAGING               | SANDRA      | PECK         |
| EXCITEMENT EVE              | SANDRA      | PECK         |
| FAMILY SWEET                | SANDRA      | PECK         |
| FIREHOUSE VIETNAM           | SANDRA      | PECK         |
| FLASH WARS                  | SANDRA      | PECK         |
| GILBERT PELICAN             | SANDRA      | PECK         |
| MATRIX SNOWMAN              | SANDRA      | PECK         |
| RINGS HEARTBREAKERS         | SANDRA      | PECK         |
| SILENCE KANE                | SANDRA      | PECK         |
| STAGECOACH ARMAGEDDON       | SANDRA      | PECK         |
| VIRGINIAN PLUTO             | SANDRA      | PECK         |
| BORN SPINAL                 | SISSY       | SOBIESKI     |
| CHITTY LOCK                 | SISSY       | SOBIESKI     |
| CLYDE THEORY                | SISSY       | SOBIESKI     |
| COAST RAINBOW               | SISSY       | SOBIESKI     |
| CRAZY HOME                  | SISSY       | SOBIESKI     |
| FACTORY DRAGON              | SISSY       | SOBIESKI     |
| FERRIS MOTHER               | SISSY       | SOBIESKI     |
| GONE TROUBLE                | SISSY       | SOBIESKI     |
| GREEK EVERYONE              | SISSY       | SOBIESKI     |
| HOOSIERS BIRDCAGE           | SISSY       | SOBIESKI     |
| MOB DUFFEL                  | SISSY       | SOBIESKI     |
| OPEN AFRICAN                | SISSY       | SOBIESKI     |
| PRIX UNDEFEATED             | SISSY       | SOBIESKI     |
| ROCKY WAR                   | SISSY       | SOBIESKI     |
| SHRUNK DIVINE               | SISSY       | SOBIESKI     |
| SKY MIRACLE                 | SISSY       | SOBIESKI     |
| TELEMARK HEARTBREAKERS      | SISSY       | SOBIESKI     |
| WISDOM WORKER               | SISSY       | SOBIESKI     |
| BEHAVIOR RUNAWAY            | TIM         | HACKMAN      |
| BOILED DARES                | TIM         | HACKMAN      |
| BUCKET BROTHERHOOD          | TIM         | HACKMAN      |
| CALENDAR GUNFIGHT           | TIM         | HACKMAN      |
| CHAPLIN LICENSE             | TIM         | HACKMAN      |
| CRUSADE HONEY               | TIM         | HACKMAN      |
| CUPBOARD SINNERS            | TIM         | HACKMAN      |
| DEEP CRUSADE                | TIM         | HACKMAN      |
| FEUD FROGMEN                | TIM         | HACKMAN      |
| FIDDLER LOST                | TIM         | HACKMAN      |
| HAROLD FRENCH               | TIM         | HACKMAN      |
| HOMEWARD CIDER              | TIM         | HACKMAN      |
| HOOSIERS BIRDCAGE           | TIM         | HACKMAN      |
| LIGHTS DEER                 | TIM         | HACKMAN      |
| MEET CHOCOLATE              | TIM         | HACKMAN      |
| MOB DUFFEL                  | TIM         | HACKMAN      |
| MUMMY CREATURES             | TIM         | HACKMAN      |
| PACKER MADIGAN              | TIM         | HACKMAN      |
| PEACH INNOCENT              | TIM         | HACKMAN      |
| PEARL DESTINY               | TIM         | HACKMAN      |
| SNATCHERS MONTEZUMA         | TIM         | HACKMAN      |
| UPTOWN YOUNG                | TIM         | HACKMAN      |
| WIZARD COLDBLOODED          | TIM         | HACKMAN      |
| BAREFOOT MANCHURIAN         | MILLA       | PECK         |
| CALENDAR GUNFIGHT           | MILLA       | PECK         |
| CHANCE RESURRECTION         | MILLA       | PECK         |
| CLASH FREDDY                | MILLA       | PECK         |
| DAUGHTER MADIGAN            | MILLA       | PECK         |
| DREAM PICKUP                | MILLA       | PECK         |
| FATAL HAUNTED               | MILLA       | PECK         |
| FEATHERS METAL              | MILLA       | PECK         |
| JACKET FRISCO               | MILLA       | PECK         |
| JUGGLER HARDLY              | MILLA       | PECK         |
| MIDNIGHT WESTWARD           | MILLA       | PECK         |
| NECKLACE OUTBREAK           | MILLA       | PECK         |
| PEACH INNOCENT              | MILLA       | PECK         |
| PREJUDICE OLEANDER          | MILLA       | PECK         |
| RAIDERS ANTITRUST           | MILLA       | PECK         |
| ROBBERS JOON                | MILLA       | PECK         |
| ROCK INSTINCT               | MILLA       | PECK         |
| RUSHMORE MERMAID            | MILLA       | PECK         |
| SEATTLE EXPECATIONS         | MILLA       | PECK         |
| TEEN APOLLO                 | MILLA       | PECK         |
| TEMPLE ATTRACTION           | MILLA       | PECK         |
| WATERSHIP FRONTIER          | MILLA       | PECK         |
| WHISPERER GIANT             | MILLA       | PECK         |
| WRONG BEHAVIOR              | MILLA       | PECK         |
| ATLANTIS CAUSE              | AUDREY      | OLIVIER      |
| BOULEVARD MOB               | AUDREY      | OLIVIER      |
| CAPER MOTIONS               | AUDREY      | OLIVIER      |
| CASSIDY WYOMING             | AUDREY      | OLIVIER      |
| CONEHEADS SMOOCHY           | AUDREY      | OLIVIER      |
| CONTROL ANTHEM              | AUDREY      | OLIVIER      |
| DORADO NOTTING              | AUDREY      | OLIVIER      |
| FRENCH HOLIDAY              | AUDREY      | OLIVIER      |
| GUNFIGHTER MUSSOLINI        | AUDREY      | OLIVIER      |
| HALLOWEEN NUTS              | AUDREY      | OLIVIER      |
| HUMAN GRAFFITI              | AUDREY      | OLIVIER      |
| KANE EXORCIST               | AUDREY      | OLIVIER      |
| KNOCK WARLOCK               | AUDREY      | OLIVIER      |
| LOATHING LEGALLY            | AUDREY      | OLIVIER      |
| PEAK FOREVER                | AUDREY      | OLIVIER      |
| REDEMPTION COMFORTS         | AUDREY      | OLIVIER      |
| SENSE GREEK                 | AUDREY      | OLIVIER      |
| SHIP WONDERLAND             | AUDREY      | OLIVIER      |
| SIDE ARK                    | AUDREY      | OLIVIER      |
| SQUAD FISH                  | AUDREY      | OLIVIER      |
| STING PERSONAL              | AUDREY      | OLIVIER      |
| STRANGER STRANGERS          | AUDREY      | OLIVIER      |
| USUAL UNTOUCHABLES          | AUDREY      | OLIVIER      |
| VOLUME HOUSE                | AUDREY      | OLIVIER      |
| WHALE BIKINI                | AUDREY      | OLIVIER      |
| ALADDIN CALENDAR            | JUDY        | DEAN         |
| ARACHNOPHOBIA ROLLERCOASTER | JUDY        | DEAN         |
| BALLROOM MOCKINGBIRD        | JUDY        | DEAN         |
| CYCLONE FAMILY              | JUDY        | DEAN         |
| DROP WATERFRONT             | JUDY        | DEAN         |
| GUNFIGHTER MUSSOLINI        | JUDY        | DEAN         |
| MODERN DORADO               | JUDY        | DEAN         |
| MUSSOLINI SPOILERS          | JUDY        | DEAN         |
| NASH CHOCOLAT               | JUDY        | DEAN         |
| QUEST MUSSOLINI             | JUDY        | DEAN         |
| RINGS HEARTBREAKERS         | JUDY        | DEAN         |
| ROCKETEER MOTHER            | JUDY        | DEAN         |
| RUGRATS SHAKESPEARE         | JUDY        | DEAN         |
| SOLDIERS EVOLUTION          | JUDY        | DEAN         |
| TROUBLE DATE                | JUDY        | DEAN         |
| ALIEN CENTER                | BURT        | DUKAKIS      |
| BLINDNESS GUN               | BURT        | DUKAKIS      |
| COMMANDMENTS EXPRESS        | BURT        | DUKAKIS      |
| DINOSAUR SECRETARY          | BURT        | DUKAKIS      |
| DOUBLE WRATH                | BURT        | DUKAKIS      |
| ENDING CROWDS               | BURT        | DUKAKIS      |
| GREEK EVERYONE              | BURT        | DUKAKIS      |
| GRINCH MASSAGE              | BURT        | DUKAKIS      |
| GUN BONNIE                  | BURT        | DUKAKIS      |
| GUYS FALCON                 | BURT        | DUKAKIS      |
| HEAVEN FREEDOM              | BURT        | DUKAKIS      |
| HOME PITY                   | BURT        | DUKAKIS      |
| HOMEWARD CIDER              | BURT        | DUKAKIS      |
| IMAGE PRINCESS              | BURT        | DUKAKIS      |
| INTOLERABLE INTENTIONS      | BURT        | DUKAKIS      |
| JERK PAYCHECK               | BURT        | DUKAKIS      |
| KANE EXORCIST               | BURT        | DUKAKIS      |
| KING EVOLUTION              | BURT        | DUKAKIS      |
| MENAGERIE RUSHMORE          | BURT        | DUKAKIS      |
| MONEY HAROLD                | BURT        | DUKAKIS      |
| MOTIONS DETAILS             | BURT        | DUKAKIS      |
| RANDOM GO                   | BURT        | DUKAKIS      |
| RANGE MOONWALKER            | BURT        | DUKAKIS      |
| REAP UNFAITHFUL             | BURT        | DUKAKIS      |
| RIGHT CRANES                | BURT        | DUKAKIS      |
| TALENTED HOMICIDE           | BURT        | DUKAKIS      |
| TRUMAN CRAZY                | BURT        | DUKAKIS      |
| VALENTINE VANISHING         | BURT        | DUKAKIS      |
| WANDA CHAMBER               | BURT        | DUKAKIS      |
| ALADDIN CALENDAR            | VAL         | BOLGER       |
| ALASKA PHANTOM              | VAL         | BOLGER       |
| AMADEUS HOLY                | VAL         | BOLGER       |
| CANYON STOCK                | VAL         | BOLGER       |
| CAPER MOTIONS               | VAL         | BOLGER       |
| CARRIE BUNCH                | VAL         | BOLGER       |
| CHITTY LOCK                 | VAL         | BOLGER       |
| DALMATIONS SWEDEN           | VAL         | BOLGER       |
| DRIFTER COMMANDMENTS        | VAL         | BOLGER       |
| DUDE BLINDNESS              | VAL         | BOLGER       |
| ELEPHANT TROJAN             | VAL         | BOLGER       |
| FIREBALL PHILADELPHIA       | VAL         | BOLGER       |
| INTRIGUE WORST              | VAL         | BOLGER       |
| JAWBREAKER BROOKLYN         | VAL         | BOLGER       |
| JERSEY SASSY                | VAL         | BOLGER       |
| LAMBS CINCINATTI            | VAL         | BOLGER       |
| LONELY ELEPHANT             | VAL         | BOLGER       |
| MAKER GABLES                | VAL         | BOLGER       |
| MALLRATS UNITED             | VAL         | BOLGER       |
| METROPOLIS COMA             | VAL         | BOLGER       |
| MODEL FISH                  | VAL         | BOLGER       |
| PATHS CONTROL               | VAL         | BOLGER       |
| PATIENT SISTER              | VAL         | BOLGER       |
| PREJUDICE OLEANDER          | VAL         | BOLGER       |
| PRIMARY GLASS               | VAL         | BOLGER       |
| SHAWSHANK BUBBLE            | VAL         | BOLGER       |
| STALLION SUNDANCE           | VAL         | BOLGER       |
| STAMPEDE DISTURBING         | VAL         | BOLGER       |
| STRANGER STRANGERS          | VAL         | BOLGER       |
| TOWN ARK                    | VAL         | BOLGER       |
| UNITED PILOT                | VAL         | BOLGER       |
| WATCH TRACY                 | VAL         | BOLGER       |
| WEDDING APOLLO              | VAL         | BOLGER       |
| WORKING MICROCOSMOS         | VAL         | BOLGER       |
| YOUTH KICK                  | VAL         | BOLGER       |
| ANALYZE HOOSIERS            | TOM         | MCKELLEN     |
+-----------------------------+-------------+--------------+
5462 rows in set (0.0528 sec)
Result printing interrupted, rows may be missing from the output.

 MySQL  localhost:3306 ssl  sakila  SQL > show tables
                                       -> ;
+----------------------------+
| Tables_in_sakila           |
+----------------------------+
| actor                      |
| actor_info                 |
| actores_view               |
| address                    |
| category                   |
| city                       |
| country                    |
| customer                   |
| customer_list              |
| film                       |
| film_actor                 |
| film_category              |
| film_list                  |
| film_text                  |
| inventory                  |
| language                   |
| nicer_but_slower_film_list |
| payment                    |
| rental                     |
| sales_by_film_category     |
| sales_by_store             |
| staff                      |
| staff_list                 |
| store                      |
+----------------------------+
24 rows in set (0.0051 sec)

 MySQL  localhost:3306 ssl  sakila  SQL > desc film;
+----------------------+---------------------------------------------------------------------+------+-----+-------------------+-----------------------------------------------+
| Field                | Type                                                                | Null | Key | Default           | Extra                                         |
+----------------------+---------------------------------------------------------------------+------+-----+-------------------+-----------------------------------------------+
| film_id              | smallint(5) unsigned                                                | NO   | PRI | NULL              | auto_increment                                |
| title                | varchar(255)                                                        | NO   | MUL | NULL              |                                               |
| description          | text                                                                | YES  |     | NULL              |                                               |
| release_year         | year(4)                                                             | YES  |     | NULL              |                                               |
| language_id          | tinyint(3) unsigned                                                 | NO   | MUL | NULL              |                                               |
| original_language_id | tinyint(3) unsigned                                                 | YES  | MUL | NULL              |                                               |
| rental_duration      | tinyint(3) unsigned                                                 | NO   |     | 3                 |                                               |
| rental_rate          | decimal(4,2)                                                        | NO   |     | 4.99              |                                               |
| length               | smallint(5) unsigned                                                | YES  |     | NULL              |                                               |
| replacement_cost     | decimal(5,2)                                                        | NO   |     | 19.99             |                                               |
| rating               | enum('G','PG','PG-13','R','NC-17')                                  | YES  |     | G                 |                                               |
| special_features     | set('Trailers','Commentaries','Deleted Scenes','Behind the Scenes') | YES  |     | NULL              |                                               |
| last_update          | timestamp                                                           | NO   |     | CURRENT_TIMESTAMP | DEFAULT_GENERATED on update CURRENT_TIMESTAMP |
+----------------------+---------------------------------------------------------------------+------+-----+-------------------+-----------------------------------------------+
13 rows in set (0.0055 sec)

 MySQL  localhost:3306 ssl  sakila  SQL > desc film_category;
+-------------+----------------------+------+-----+-------------------+-----------------------------------------------+
| Field       | Type                 | Null | Key | Default           | Extra                                         |
+-------------+----------------------+------+-----+-------------------+-----------------------------------------------+
| film_id     | smallint(5) unsigned | NO   | PRI | NULL              |                                               |
| category_id | tinyint(3) unsigned  | NO   | PRI | NULL              |                                               |
| last_update | timestamp            | NO   |     | CURRENT_TIMESTAMP | DEFAULT_GENERATED on update CURRENT_TIMESTAMP |
+-------------+----------------------+------+-----+-------------------+-----------------------------------------------+
3 rows in set (0.0036 sec)

 MySQL  localhost:3306 ssl  sakila  SQL > show tables;
+----------------------------+
| Tables_in_sakila           |
+----------------------------+
| actor                      |
| actor_info                 |
| actores_view               |
| address                    |
| category                   |
| city                       |
| country                    |
| customer                   |
| customer_list              |
| film                       |
| film_actor                 |
| film_category              |
| film_list                  |
| film_text                  |
| inventory                  |
| language                   |
| nicer_but_slower_film_list |
| payment                    |
| rental                     |
| sales_by_film_category     |
| sales_by_store             |
| staff                      |
| staff_list                 |
| store                      |
+----------------------------+
24 rows in set (0.0050 sec)

 MySQL  localhost:3306 ssl  sakila  SQL > desc category;
+-------------+---------------------+------+-----+-------------------+-----------------------------------------------+
| Field       | Type                | Null | Key | Default           | Extra                                         |
+-------------+---------------------+------+-----+-------------------+-----------------------------------------------+
| category_id | tinyint(3) unsigned | NO   | PRI | NULL              | auto_increment                                |
| name        | varchar(25)         | NO   |     | NULL              |                                               |
| last_update | timestamp           | NO   |     | CURRENT_TIMESTAMP | DEFAULT_GENERATED on update CURRENT_TIMESTAMP |
+-------------+---------------------+------+-----+-------------------+-----------------------------------------------+
3 rows in set (0.0035 sec)

 MySQL  localhost:3306 ssl  sakila  SQL > select c.title, a.name  from film A
                                       -> inner join film_category b on a.film_id  = b.film_id
                                       -> inner join category c on b.film_id = c.film_id;
ERROR: 1054 (42S22): Unknown column 'c.title' in 'field list'

 MySQL  localhost:3306 ssl  sakila  SQL > select c.title, a.name  from category A
                                       -> inner join film_category b on a.film_id  = b.film_id
                                       -> inner join film c on b.film_id = c.film_id;
ERROR: 1054 (42S22): Unknown column 'a.film_id' in 'on clause'

 MySQL  localhost:3306 ssl  sakila  SQL > desc category;
+-------------+---------------------+------+-----+-------------------+-----------------------------------------------+
| Field       | Type                | Null | Key | Default           | Extra                                         |
+-------------+---------------------+------+-----+-------------------+-----------------------------------------------+
| category_id | tinyint(3) unsigned | NO   | PRI | NULL              | auto_increment                                |
| name        | varchar(25)         | NO   |     | NULL              |                                               |
| last_update | timestamp           | NO   |     | CURRENT_TIMESTAMP | DEFAULT_GENERATED on update CURRENT_TIMESTAMP |
+-------------+---------------------+------+-----+-------------------+-----------------------------------------------+
3 rows in set (0.0055 sec)

 MySQL  localhost:3306 ssl  sakila  SQL > select a.title, c.name  from film A
                                       -> inner join film_category b on a.film_id  = b.film_id
                                       -> inner join category c on b.category_id = c.category_id;
+-----------------------------+-------------+
| title                       | name        |
+-----------------------------+-------------+
| AMADEUS HOLY                | Action      |
| AMERICAN CIRCUS             | Action      |
| ANTITRUST TOMATOES          | Action      |
| ARK RIDGEMONT               | Action      |
| BAREFOOT MANCHURIAN         | Action      |
| BERETS AGENT                | Action      |
| BRIDE INTRIGUE              | Action      |
| BULL SHAWSHANK              | Action      |
| CADDYSHACK JEDI             | Action      |
| CAMPUS REMEMBER             | Action      |
| CASUALTIES ENCINO           | Action      |
| CELEBRITY HORN              | Action      |
| CLUELESS BUCKET             | Action      |
| CROW GREASE                 | Action      |
| DANCES NONE                 | Action      |
| DARKO DORADO                | Action      |
| DARN FORRESTER              | Action      |
| DEVIL DESIRE                | Action      |
| DRAGON SQUAD                | Action      |
| DREAM PICKUP                | Action      |
| DRIFTER COMMANDMENTS        | Action      |
| EASY GLADIATOR              | Action      |
| ENTRAPMENT SATISFACTION     | Action      |
| EXCITEMENT EVE              | Action      |
| FANTASY TROOPERS            | Action      |
| FIREHOUSE VIETNAM           | Action      |
| FOOL MOCKINGBIRD            | Action      |
| FORREST SONS                | Action      |
| GLASS DYING                 | Action      |
| GOSFORD DONNIE              | Action      |
| GRAIL FRANKENSTEIN          | Action      |
| HANDICAP BOONDOCK           | Action      |
| HILLS NEIGHBORS             | Action      |
| KISSING DOLLS               | Action      |
| LAWRENCE LOVE               | Action      |
| LORD ARIZONA                | Action      |
| LUST LOCK                   | Action      |
| MAGNOLIA FORRESTER          | Action      |
| MIDNIGHT WESTWARD           | Action      |
| MINDS TRUMAN                | Action      |
| MOCKINGBIRD HOLLYWOOD       | Action      |
| MONTEZUMA COMMAND           | Action      |
| PARK CITIZEN                | Action      |
| PATRIOT ROMAN               | Action      |
| PRIMARY GLASS               | Action      |
| QUEST MUSSOLINI             | Action      |
| REAR TRADING                | Action      |
| RINGS HEARTBREAKERS         | Action      |
| RUGRATS SHAKESPEARE         | Action      |
| SHRUNK DIVINE               | Action      |
| SIDE ARK                    | Action      |
| SKY MIRACLE                 | Action      |
| SOUTH WAIT                  | Action      |
| SPEAKEASY DATE              | Action      |
| STAGECOACH ARMAGEDDON       | Action      |
| STORY SIDE                  | Action      |
| SUSPECTS QUILLS             | Action      |
| TRIP NEWTON                 | Action      |
| TRUMAN CRAZY                | Action      |
| UPRISING UPTOWN             | Action      |
| WATERFRONT DELIVERANCE      | Action      |
| WEREWOLF LOLA               | Action      |
| WOMEN DORADO                | Action      |
| WORST BANGER                | Action      |
| ALTER VICTORY               | Animation   |
| ANACONDA CONFESSIONS        | Animation   |
| ARGONAUTS TOWN              | Animation   |
| BIKINI BORROWERS            | Animation   |
| BLACKOUT PRIVATE            | Animation   |
| BORROWERS BEDAZZLED         | Animation   |
| CANYON STOCK                | Animation   |
| CAROL TEXAS                 | Animation   |
| CHAMPION FLATLINERS         | Animation   |
| CLASH FREDDY                | Animation   |
| CLUB GRAFFITI               | Animation   |
| CROSSROADS CASUALTIES       | Animation   |
| DARES PLUTO                 | Animation   |
| DESIRE ALIEN                | Animation   |
| DOGMA FAMILY                | Animation   |
| DONNIE ALLEY                | Animation   |
| DOORS PRESIDENT             | Animation   |
| DOUBLE WRATH                | Animation   |
| DUCK RACER                  | Animation   |
| EARLY HOME                  | Animation   |
| FALCON VOLUME               | Animation   |
| FIGHT JAWBREAKER            | Animation   |
| FLOATS GARDEN               | Animation   |
| FLYING HOOK                 | Animation   |
| FORRESTER COMANCHEROS       | Animation   |
| GANGS PRIDE                 | Animation   |
| GHOSTBUSTERS ELF            | Animation   |
| HARPER DYING                | Animation   |
| HOOK CHARIOTS               | Animation   |
| HORN WORKING                | Animation   |
| INCH JET                    | Animation   |
| INSECTS STONE               | Animation   |
| INTENTIONS EMPIRE           | Animation   |
| ISHTAR ROCKETEER            | Animation   |
| JUGGLER HARDLY              | Animation   |
| LAWLESS VISION              | Animation   |
| LUKE MUMMY                  | Animation   |
| MASSAGE IMAGE               | Animation   |
| MENAGERIE RUSHMORE          | Animation   |
| MIRACLE VIRTUAL             | Animation   |
| MISSION ZOOLANDER           | Animation   |
| NASH CHOCOLAT               | Animation   |
| OSCAR GOLD                  | Animation   |
| OZ LIAISONS                 | Animation   |
| PACKER MADIGAN              | Animation   |
| POND SEATTLE                | Animation   |
| POTLUCK MIXED               | Animation   |
| POTTER CONNECTICUT          | Animation   |
| PRIDE ALAMO                 | Animation   |
| PUNK DIVORCE                | Animation   |
| ROOM ROMAN                  | Animation   |
| SLEEPLESS MONSOON           | Animation   |
| SNOWMAN ROLLERCOASTER       | Animation   |
| SONS INTERVIEW              | Animation   |
| STORM HAPPINESS             | Animation   |
| SUGAR WONKA                 | Animation   |
| SUNRISE LEAGUE              | Animation   |
| TELEMARK HEARTBREAKERS      | Animation   |
| THEORY MERMAID              | Animation   |
| THIEF PELICAN               | Animation   |
| TITANIC BOONDOCK            | Animation   |
| TRACY CIDER                 | Animation   |
| TURN STAR                   | Animation   |
| WAIT CIDER                  | Animation   |
| WATCH TRACY                 | Animation   |
| WONKA SEA                   | Animation   |
| BACKLASH UNDEFEATED         | Children    |
| BEAR GRACELAND              | Children    |
| BENEATH RUSH                | Children    |
| BETRAYED REAR               | Children    |
| CABIN FLASH                 | Children    |
| CASPER DRAGONFLY            | Children    |
| CHRISTMAS MOONSHINE         | Children    |
| CIRCUS YOUTH                | Children    |
| CLOCKWORK PARADISE          | Children    |
| COMANCHEROS ENEMY           | Children    |
| CROOKED FROGMEN             | Children    |
| DAUGHTER MADIGAN            | Children    |
| DOCTOR GRAIL                | Children    |
| EMPIRE MALKOVICH            | Children    |
| FARGO GANDHI                | Children    |
| FOREVER CANDIDATE           | Children    |
| FULL FLATLINERS             | Children    |
| FURY MURDER                 | Children    |
| GHOST GROUNDHOG             | Children    |
| GIANT TROOPERS              | Children    |
| GORGEOUS BINGO              | Children    |
| GRADUATE LORD               | Children    |
| HALL CASSIDY                | Children    |
| HEARTBREAKERS BRIGHT        | Children    |
| HOLLYWOOD ANONYMOUS         | Children    |
| HOLOCAUST HIGHBALL          | Children    |
| IDOLS SNATCHERS             | Children    |
| INVASION CYCLONE            | Children    |
| JERSEY SASSY                | Children    |
| JUMPING WRATH               | Children    |
| LABYRINTH LEAGUE            | Children    |
| LANGUAGE COWBOY             | Children    |
| LEGALLY SECRETARY           | Children    |
| MAGIC MALLRATS              | Children    |
| MAKER GABLES                | Children    |
| MICROCOSMOS PARADISE        | Children    |
| MODEL FISH                  | Children    |
| MURDER ANTITRUST            | Children    |
| NOON PAPI                   | Children    |
| POLISH BROOKLYN             | Children    |
| ROBBERS JOON                | Children    |
| SABRINA MIDNIGHT            | Children    |
| SANTA PARIS                 | Children    |
| SCARFACE BANG               | Children    |
| SHEPHERD MIDSUMMER          | Children    |
| SISTER FREDDY               | Children    |
| SPLENDOR PATTON             | Children    |
| STRANGELOVE DESIRE          | Children    |
| STRANGER STRANGERS          | Children    |
| SUNDANCE INVASION           | Children    |
| SWEETHEARTS SUSPECTS        | Children    |
| TEQUILA PAST                | Children    |
| TIES HUNGER                 | Children    |
| TOOTSIE PILOT               | Children    |
| TWISTED PIRATES             | Children    |
| UPTOWN YOUNG                | Children    |
| WALLS ARTIST                | Children    |
| WARLOCK WEREWOLF            | Children    |
| WRONG BEHAVIOR              | Children    |
| ZOOLANDER FICTION           | Children    |
| ALICE FANTASIA              | Classics    |
| ARIZONA BANG                | Classics    |
| BEAST HUNCHBACK             | Classics    |
| BOUND CHEAPER               | Classics    |
| CANDIDATE PERDITION         | Classics    |
| CENTER DINOSAUR             | Classics    |
| COLOR PHILADELPHIA          | Classics    |
| CONSPIRACY SPIRIT           | Classics    |
| CORE SUIT                   | Classics    |
| CREEPERS KANE               | Classics    |
| CRUELTY UNFORGIVEN          | Classics    |
| DETECTIVE VISION            | Classics    |
| DRACULA CRYSTAL             | Classics    |
| DYNAMITE TARZAN             | Classics    |
| EXTRAORDINARY CONQUERER     | Classics    |
| FROST HEAD                  | Classics    |
| GALAXY SWEETHEARTS          | Classics    |
| GILBERT PELICAN             | Classics    |
| GILMORE BOILED              | Classics    |
| HOLY TADPOLE                | Classics    |
| HOPE TOOTSIE                | Classics    |
| HYDE DOCTOR                 | Classics    |
| IRON MOON                   | Classics    |
| ISLAND EXORCIST             | Classics    |
| JEEPERS WEDDING             | Classics    |
| JEOPARDY ENCINO             | Classics    |
| JERK PAYCHECK               | Classics    |
| JINGLE SAGEBRUSH            | Classics    |
| LEAGUE HELLFIGHTERS         | Classics    |
| LIGHTS DEER                 | Classics    |
| LOATHING LEGALLY            | Classics    |
| LOVELY JINGLE               | Classics    |
| LOVER TRUMAN                | Classics    |
| MAGNIFICENT CHITTY          | Classics    |
| MALKOVICH PET               | Classics    |
| MILLION ACE                 | Classics    |
| MUSKETEERS WAIT             | Classics    |
| OCTOBER SUBMARINE           | Classics    |
| PAJAMA JAWBREAKER           | Classics    |
| PATIENT SISTER              | Classics    |
| PREJUDICE OLEANDER          | Classics    |
| REQUIEM TYCOON              | Classics    |
| RIGHT CRANES                | Classics    |
| ROOTS REMEMBER              | Classics    |
| SLING LUKE                  | Classics    |
| SNATCHERS MONTEZUMA         | Classics    |
| SPIKING ELEMENT             | Classics    |
| STEEL SANTA                 | Classics    |
| SUMMER SCARFACE             | Classics    |
| TADPOLE PARK                | Classics    |
| TIMBERLAND SKY              | Classics    |
| TOMORROW HUSTLER            | Classics    |
| TOWERS HURRICANE            | Classics    |
| VOLUME HOUSE                | Classics    |
| VOYAGE LEGALLY              | Classics    |
| WASTELAND DIVINE            | Classics    |
| WESTWARD SEABISCUIT         | Classics    |
| AIRPLANE SIERRA             | Comedy      |
| ANTHEM LUKE                 | Comedy      |
| BRINGING HYSTERICAL         | Comedy      |
| CAPER MOTIONS               | Comedy      |
| CAT CONEHEADS               | Comedy      |
| CLOSER BANG                 | Comedy      |
| CONNECTION MICROCOSMOS      | Comedy      |
| CONTROL ANTHEM              | Comedy      |
| CRAZY HOME                  | Comedy      |
| DADDY PITTSBURGH            | Comedy      |
| DOOM DANCING                | Comedy      |
| DOWNHILL ENOUGH             | Comedy      |
| DYING MAKER                 | Comedy      |
| ELEMENT FREDDY              | Comedy      |
| FERRIS MOTHER               | Comedy      |
| FIREBALL PHILADELPHIA       | Comedy      |
| FLINTSTONES HAPPINESS       | Comedy      |
| FRANKENSTEIN STRANGER       | Comedy      |
| FREEDOM CLEOPATRA           | Comedy      |
| GOLD RIVER                  | Comedy      |
| GROUNDHOG UNCUT             | Comedy      |
| GUNFIGHT MOON               | Comedy      |
| HATE HANDICAP               | Comedy      |
| HEAVEN FREEDOM              | Comedy      |
| HEDWIG ALTER                | Comedy      |
| HURRICANE AFFAIR            | Comedy      |
| HUSTLER PARTY               | Comedy      |
| JAWS HARRY                  | Comedy      |
| KNOCK WARLOCK               | Comedy      |
| LIFE TWISTED                | Comedy      |
| LION UNCUT                  | Comedy      |
| LONELY ELEPHANT             | Comedy      |
| MALLRATS UNITED             | Comedy      |
| MEMENTO ZOOLANDER           | Comedy      |
| MULAN MOON                  | Comedy      |
| MYSTIC TRUMAN               | Comedy      |
| OPERATION OPERATION         | Comedy      |
| PARADISE SABRINA            | Comedy      |
| PARTY KNOCK                 | Comedy      |
| PERFECT GROOVE              | Comedy      |
| PINOCCHIO SIMON             | Comedy      |
| PURE RUNNER                 | Comedy      |
| RUSHMORE MERMAID            | Comedy      |
| SADDLE ANTITRUST            | Comedy      |
| SATURN NAME                 | Comedy      |
| SEARCHERS WAIT              | Comedy      |
| SNATCH SLIPPER              | Comedy      |
| STAGE WORLD                 | Comedy      |
| STRICTLY SCARFACE           | Comedy      |
| SUBMARINE BED               | Comedy      |
| SWEDEN SHINING              | Comedy      |
| TRAINSPOTTING STRANGERS     | Comedy      |
| TRAMP OTHERS                | Comedy      |
| VALLEY PACKER               | Comedy      |
| VELVET TERMINATOR           | Comedy      |
| VERTIGO NORTHWEST           | Comedy      |
| WISDOM WORKER               | Comedy      |
| ZORRO ARK                   | Comedy      |
| ACADEMY DINOSAUR            | Documentary |
| ADAPTATION HOLES            | Documentary |
| ARMY FLINTSTONES            | Documentary |
| BEACH HEARTBREAKERS         | Documentary |
| BED HIGHBALL                | Documentary |
| BILL OTHERS                 | Documentary |
| BONNIE HOLOCAUST            | Documentary |
| BROTHERHOOD BLANKET         | Documentary |
| CAUSE DATE                  | Documentary |
| CHICKEN HELLFIGHTERS        | Documentary |
| CIDER DESIRE                | Documentary |
| CLERKS ANGELS               | Documentary |
| COAST RAINBOW               | Documentary |
| CUPBOARD SINNERS            | Documentary |
| DANCING FEVER               | Documentary |
| DEEP CRUSADE                | Documentary |
| DELIVERANCE MULHOLLAND      | Documentary |
| DOZEN LION                  | Documentary |
| DUFFEL APOCALYPSE           | Documentary |
| EGG IGBY                    | Documentary |
| EXPENDABLE STALLION         | Documentary |
| FRENCH HOLIDAY              | Documentary |
| HALLOWEEN NUTS              | Documentary |
| HARDLY ROBBERS              | Documentary |
| HAWK CHILL                  | Documentary |
| HEAVYWEIGHTS BEAST          | Documentary |
| HOMEWARD CIDER              | Documentary |
| HUNTER ALTER                | Documentary |
| INDEPENDENCE HOTEL          | Documentary |
| INTOLERABLE INTENTIONS      | Documentary |
| KILL BROTHERHOOD            | Documentary |
| MADISON TRAP                | Documentary |
| MAJESTIC FLOATS             | Documentary |
| METAL ARMAGEDDON            | Documentary |
| MIDSUMMER GROUNDHOG         | Documentary |
| MIGHTY LUCK                 | Documentary |
| MOD SECRETARY               | Documentary |
| MODERN DORADO               | Documentary |
| NATIONAL STORY              | Documentary |
| NEWSIES STORY               | Documentary |
| NORTH TEQUILA               | Documentary |
| NOTORIOUS REUNION           | Documentary |
| PACIFIC AMISTAD             | Documentary |
| PELICAN COMFORTS            | Documentary |
| POCUS PULP                  | Documentary |
| PRINCESS GIANT              | Documentary |
| QUILLS BULL                 | Documentary |
| RAIDERS ANTITRUST           | Documentary |
| RAINBOW SHOCK               | Documentary |
| ROAD ROXANNE                | Documentary |
| SAGEBRUSH CLUELESS          | Documentary |
| SECRET GROUNDHOG            | Documentary |
| SHIP WONDERLAND             | Documentary |
| SHOW LORD                   | Documentary |
| SMOKING BARBARELLA          | Documentary |
| SPOILERS HELLFIGHTERS       | Documentary |
| STREAK RIDGEMONT            | Documentary |
| THIN SAGEBRUSH              | Documentary |
| UNITED PILOT                | Documentary |
| UNTOUCHABLES SUNRISE        | Documentary |
| VILLAIN DESPERATE           | Documentary |
| VIRGINIAN PLUTO             | Documentary |
| WAGON JAWS                  | Documentary |
| WARS PLUTO                  | Documentary |
| WEDDING APOLLO              | Documentary |
| WIFE TURN                   | Documentary |
| WRATH MILE                  | Documentary |
| YOUNG LANGUAGE              | Documentary |
| APOLLO TEEN                 | Drama       |
| BEAUTY GREASE               | Drama       |
| BEETHOVEN EXORCIST          | Drama       |
| BLADE POLISH                | Drama       |
| BRIGHT ENCOUNTERS           | Drama       |
| BUNCH MINDS                 | Drama       |
| CHILL LUCK                  | Drama       |
| CHITTY LOCK                 | Drama       |
| CONEHEADS SMOOCHY           | Drama       |
| CONFESSIONS MAGUIRE         | Drama       |
| CONQUERER NUTS              | Drama       |
| CRAFT OUTFIELD              | Drama       |
| DALMATIONS SWEDEN           | Drama       |
| DARKNESS WAR                | Drama       |
| DECEIVER BETRAYED           | Drama       |
| DESTINATION JERK            | Drama       |
| DIARY PANIC                 | Drama       |
| EDGE KISSING                | Drama       |
| ENCOUNTERS CURTAIN          | Drama       |
| GOLDFINGER SENSIBILITY      | Drama       |
| GONE TROUBLE                | Drama       |
| GREEDY ROOTS                | Drama       |
| HANGING DEEP                | Drama       |
| HAROLD FRENCH               | Drama       |
| HARRY IDAHO                 | Drama       |
| HOBBIT ALIEN                | Drama       |
| HUNCHBACK IMPOSSIBLE        | Drama       |
| JACKET FRISCO               | Drama       |
| KWAI HOMEWARD               | Drama       |
| LEBOWSKI SOLDIERS           | Drama       |
| LIES TREATMENT              | Drama       |
| LUCK OPUS                   | Drama       |
| MOB DUFFEL                  | Drama       |
| NECKLACE OUTBREAK           | Drama       |
| NOTTING SPEAKEASY           | Drama       |
| ORIENT CLOSER               | Drama       |
| PATHS CONTROL               | Drama       |
| PAYCHECK WAIT               | Drama       |
| PITY BOUND                  | Drama       |
| QUEEN LUKE                  | Drama       |
| RACER EGG                   | Drama       |
| REUNION WITCHES             | Drama       |
| ROCKY WAR                   | Drama       |
| SAINTS BRIDE                | Drama       |
| SAVANNAH TOWN               | Drama       |
| SCORPION APOLLO             | Drama       |
| SEA VIRGIN                  | Drama       |
| SEATTLE EXPECATIONS         | Drama       |
| SHOOTIST SUPERFLY           | Drama       |
| SLACKER LIAISONS            | Drama       |
| SOMETHING DUCK              | Drama       |
| SPICE SORORITY              | Drama       |
| TENENBAUMS COMMAND          | Drama       |
| TORQUE BOUND                | Drama       |
| TRANSLATION SUMMER          | Drama       |
| TREATMENT JEKYLL            | Drama       |
| UNFAITHFUL KILL             | Drama       |
| VIETNAM SMOOCHY             | Drama       |
| VIRGIN DAISY                | Drama       |
| WARDROBE PHANTOM            | Drama       |
| WEST LION                   | Drama       |
| WITCHES PANIC               | Drama       |
| AFRICAN EGG                 | Family      |
| APACHE DIVINE               | Family      |
| ATLANTIS CAUSE              | Family      |
| BAKED CLEOPATRA             | Family      |
| BANG KWAI                   | Family      |
| BEDAZZLED MARRIED           | Family      |
| BILKO ANONYMOUS             | Family      |
| BLANKET BEVERLY             | Family      |
| BLOOD ARGONAUTS             | Family      |
| BLUES INSTINCT              | Family      |
| BRAVEHEART HUMAN            | Family      |
| CHASING FIGHT               | Family      |
| CHISUM BEHAVIOR             | Family      |
| CHOCOLAT HARRY              | Family      |
| CONFUSED CANDLES            | Family      |
| CONVERSATION DOWNHILL       | Family      |
| DATE SPEED                  | Family      |
| DINOSAUR SECRETARY          | Family      |
| DUMBO LUST                  | Family      |
| EARRING INSTINCT            | Family      |
| EFFECT GLADIATOR            | Family      |
| FEUD FROGMEN                | Family      |
| FINDING ANACONDA            | Family      |
| GABLES METROPOLIS           | Family      |
| GANDHI KWAI                 | Family      |
| GLADIATOR WESTWARD          | Family      |
| GREASE YOUTH                | Family      |
| HALF OUTFIELD               | Family      |
| HOCUS FRIDA                 | Family      |
| HOMICIDE PEACH              | Family      |
| HOUSE DYNAMITE              | Family      |
| HUNTING MUSKETEERS          | Family      |
| INDIAN LOVE                 | Family      |
| JASON TRAP                  | Family      |
| JEDI BENEATH                | Family      |
| KILLER INNOCENT             | Family      |
| KING EVOLUTION              | Family      |
| LOLITA WORLD                | Family      |
| LOUISIANA HARRY             | Family      |
| MAGUIRE APACHE              | Family      |
| MANCHURIAN CURTAIN          | Family      |
| MOVIE SHAKESPEARE           | Family      |
| MUSIC BOONDOCK              | Family      |
| NATURAL STOCK               | Family      |
| NETWORK PEAK                | Family      |
| ODDS BOOGIE                 | Family      |
| OPPOSITE NECKLACE           | Family      |
| PILOT HOOSIERS              | Family      |
| PITTSBURGH HUNCHBACK        | Family      |
| PRESIDENT BANG              | Family      |
| PRIX UNDEFEATED             | Family      |
| RAGE GAMES                  | Family      |
| RANGE MOONWALKER            | Family      |
| REMEMBER DIARY              | Family      |
| RESURRECTION SILVERADO      | Family      |
| ROBBERY BRIGHT              | Family      |
| RUSH GOODFELLAS             | Family      |
| SECRETS PARADISE            | Family      |
| SENSIBILITY REAR            | Family      |
| SIEGE MADRE                 | Family      |
| SLUMS DUCK                  | Family      |
| SOUP WISDOM                 | Family      |
| SPARTACUS CHEAPER           | Family      |
| SPINAL ROCKY                | Family      |
| SPLASH GUMP                 | Family      |
| SUNSET RACER                | Family      |
| SUPER WYOMING               | Family      |
| VIRTUAL SPOILERS            | Family      |
| WILLOW TRACY                | Family      |
| AGENT TRUMAN                | Foreign     |
| ALAMO VIDEOTAPE             | Foreign     |
| ALIEN CENTER                | Foreign     |
| ALLEY EVOLUTION             | Foreign     |
| BABY HALL                   | Foreign     |
| BALLROOM MOCKINGBIRD        | Foreign     |
| BROOKLYN DESERT             | Foreign     |
| BUGSY SONG                  | Foreign     |
| CALENDAR GUNFIGHT           | Foreign     |
| CATCH AMISTAD               | Foreign     |
| CHOCOLATE DUCK              | Foreign     |
| COMMAND DARLING             | Foreign     |
| COWBOY DOOM                 | Foreign     |
| CROSSING DIVORCE            | Foreign     |
| CRYSTAL BREAKING            | Foreign     |
| CYCLONE FAMILY              | Foreign     |
| DANGEROUS UPTOWN            | Foreign     |
| DOUBTFIRE LABYRINTH         | Foreign     |
| EVERYONE CRAFT              | Foreign     |
| FICTION CHRISTMAS           | Foreign     |
| FRIDA SLIPPER               | Foreign     |
| GENTLEMEN STAGE             | Foreign     |
| GRAPES FURY                 | Foreign     |
| GREEK EVERYONE              | Foreign     |
| HAPPINESS UNITED            | Foreign     |
| HELLFIGHTERS SIERRA         | Foreign     |
| HIGHBALL POTTER             | Foreign     |
| HOLIDAY GAMES               | Foreign     |
| HOOSIERS BIRDCAGE           | Foreign     |
| HOTEL HAPPINESS             | Foreign     |
| HUNGER ROOF                 | Foreign     |
| ILLUSION AMELIE             | Foreign     |
| IMPOSSIBLE PREJUDICE        | Foreign     |
| INFORMER DOUBLE             | Foreign     |
| INNOCENT USUAL              | Foreign     |
| INTRIGUE WORST              | Foreign     |
| JET NEIGHBORS               | Foreign     |
| KANE EXORCIST               | Foreign     |
| KISS GLORY                  | Foreign     |
| LOSE INCH                   | Foreign     |
| LOST BIRD                   | Foreign     |
| MADNESS ATTACKS             | Foreign     |
| MATRIX SNOWMAN              | Foreign     |
| MAUDE MOD                   | Foreign     |
| MEET CHOCOLATE              | Foreign     |
| MIXED DOORS                 | Foreign     |
| MOON BUNCH                  | Foreign     |
| MULHOLLAND BEAST            | Foreign     |
| MUPPET MILE                 | Foreign     |
| NEWTON LABYRINTH            | Foreign     |
| OPUS ICE                    | Foreign     |
| ORANGE GRAPES               | Foreign     |
| PAST SUICIDES               | Foreign     |
| PEARL DESTINY               | Foreign     |
| PET HAUNTING                | Foreign     |
| POLLOCK DELIVERANCE         | Foreign     |
| PURPLE MOVIE                | Foreign     |
| RESERVOIR ADAPTATION        | Foreign     |
| ROCKETEER MOTHER            | Foreign     |
| SCHOOL JACKET               | Foreign     |
| SCISSORHANDS SLUMS          | Foreign     |
| SHOCK CABIN                 | Foreign     |
| SHREK LICENSE               | Foreign     |
| SORORITY QUEEN              | Foreign     |
| STEPMOM DREAM               | Foreign     |
| TOWN ARK                    | Foreign     |
| TRAP GUYS                   | Foreign     |
| USUAL UNTOUCHABLES          | Foreign     |
| VISION TORQUE               | Foreign     |
| WAR NOTTING                 | Foreign     |
| WASH HEAVENLY               | Foreign     |
| WHALE BIKINI                | Foreign     |
| WONDERFUL DROP              | Foreign     |
| AUTUMN CROW                 | Games       |
| BULWORTH COMMANDMENTS       | Games       |
| CANDLES GRAPES              | Games       |
| CHICAGO NORTH               | Games       |
| CREATURES SHAKESPEARE       | Games       |
| CURTAIN VIDEOTAPE           | Games       |
| DARLING BREAKING            | Games       |
| DAWN POND                   | Games       |
| DAZED PUNK                  | Games       |
| DETAILS PACKER              | Games       |
| DIRTY ACE                   | Games       |
| DIVINE RESURRECTION         | Games       |
| DWARFS ALTER                | Games       |
| ENCINO ELF                  | Games       |
| FANTASIA PARK               | Games       |
| FEATHERS METAL              | Games       |
| FEVER EMPIRE                | Games       |
| FIRE WOLVES                 | Games       |
| FORWARD TEMPLE              | Games       |
| GATHERING CALENDAR          | Games       |
| GLORY TRACY                 | Games       |
| GRINCH MASSAGE              | Games       |
| GRIT CLOCKWORK              | Games       |
| GUN BONNIE                  | Games       |
| HAUNTING PIANIST            | Games       |
| HEAD STRANGER               | Games       |
| HUMAN GRAFFITI              | Games       |
+-----------------------------+-------------+
1000 rows in set (0.0841 sec)
Result printing interrupted, rows may be missing from the output.

 MySQL  localhost:3306 ssl  sakila  SQL > select * from categoria_view;
+-----------------------------+-------------+
| title                       | name        |
+-----------------------------+-------------+
| AMADEUS HOLY                | Action      |
| AMERICAN CIRCUS             | Action      |
| ANTITRUST TOMATOES          | Action      |
| ARK RIDGEMONT               | Action      |
| BAREFOOT MANCHURIAN         | Action      |
| BERETS AGENT                | Action      |
| BRIDE INTRIGUE              | Action      |
| BULL SHAWSHANK              | Action      |
| CADDYSHACK JEDI             | Action      |
| CAMPUS REMEMBER             | Action      |
| CASUALTIES ENCINO           | Action      |
| CELEBRITY HORN              | Action      |
| CLUELESS BUCKET             | Action      |
| CROW GREASE                 | Action      |
| DANCES NONE                 | Action      |
| DARKO DORADO                | Action      |
| DARN FORRESTER              | Action      |
| DEVIL DESIRE                | Action      |
| DRAGON SQUAD                | Action      |
| DREAM PICKUP                | Action      |
| DRIFTER COMMANDMENTS        | Action      |
| EASY GLADIATOR              | Action      |
| ENTRAPMENT SATISFACTION     | Action      |
| EXCITEMENT EVE              | Action      |
| FANTASY TROOPERS            | Action      |
| FIREHOUSE VIETNAM           | Action      |
| FOOL MOCKINGBIRD            | Action      |
| FORREST SONS                | Action      |
| GLASS DYING                 | Action      |
| GOSFORD DONNIE              | Action      |
| GRAIL FRANKENSTEIN          | Action      |
| HANDICAP BOONDOCK           | Action      |
| HILLS NEIGHBORS             | Action      |
| KISSING DOLLS               | Action      |
| LAWRENCE LOVE               | Action      |
| LORD ARIZONA                | Action      |
| LUST LOCK                   | Action      |
| MAGNOLIA FORRESTER          | Action      |
| MIDNIGHT WESTWARD           | Action      |
| MINDS TRUMAN                | Action      |
| MOCKINGBIRD HOLLYWOOD       | Action      |
| MONTEZUMA COMMAND           | Action      |
| PARK CITIZEN                | Action      |
| PATRIOT ROMAN               | Action      |
| PRIMARY GLASS               | Action      |
| QUEST MUSSOLINI             | Action      |
| REAR TRADING                | Action      |
| RINGS HEARTBREAKERS         | Action      |
| RUGRATS SHAKESPEARE         | Action      |
| SHRUNK DIVINE               | Action      |
| SIDE ARK                    | Action      |
| SKY MIRACLE                 | Action      |
| SOUTH WAIT                  | Action      |
| SPEAKEASY DATE              | Action      |
| STAGECOACH ARMAGEDDON       | Action      |
| STORY SIDE                  | Action      |
| SUSPECTS QUILLS             | Action      |
| TRIP NEWTON                 | Action      |
| TRUMAN CRAZY                | Action      |
| UPRISING UPTOWN             | Action      |
| WATERFRONT DELIVERANCE      | Action      |
| WEREWOLF LOLA               | Action      |
| WOMEN DORADO                | Action      |
| WORST BANGER                | Action      |
| ALTER VICTORY               | Animation   |
| ANACONDA CONFESSIONS        | Animation   |
| ARGONAUTS TOWN              | Animation   |
| BIKINI BORROWERS            | Animation   |
| BLACKOUT PRIVATE            | Animation   |
| BORROWERS BEDAZZLED         | Animation   |
| CANYON STOCK                | Animation   |
| CAROL TEXAS                 | Animation   |
| CHAMPION FLATLINERS         | Animation   |
| CLASH FREDDY                | Animation   |
| CLUB GRAFFITI               | Animation   |
| CROSSROADS CASUALTIES       | Animation   |
| DARES PLUTO                 | Animation   |
| DESIRE ALIEN                | Animation   |
| DOGMA FAMILY                | Animation   |
| DONNIE ALLEY                | Animation   |
| DOORS PRESIDENT             | Animation   |
| DOUBLE WRATH                | Animation   |
| DUCK RACER                  | Animation   |
| EARLY HOME                  | Animation   |
| FALCON VOLUME               | Animation   |
| FIGHT JAWBREAKER            | Animation   |
| FLOATS GARDEN               | Animation   |
| FLYING HOOK                 | Animation   |
| FORRESTER COMANCHEROS       | Animation   |
| GANGS PRIDE                 | Animation   |
| GHOSTBUSTERS ELF            | Animation   |
| HARPER DYING                | Animation   |
| HOOK CHARIOTS               | Animation   |
| HORN WORKING                | Animation   |
| INCH JET                    | Animation   |
| INSECTS STONE               | Animation   |
| INTENTIONS EMPIRE           | Animation   |
| ISHTAR ROCKETEER            | Animation   |
| JUGGLER HARDLY              | Animation   |
| LAWLESS VISION              | Animation   |
| LUKE MUMMY                  | Animation   |
| MASSAGE IMAGE               | Animation   |
| MENAGERIE RUSHMORE          | Animation   |
| MIRACLE VIRTUAL             | Animation   |
| MISSION ZOOLANDER           | Animation   |
| NASH CHOCOLAT               | Animation   |
| OSCAR GOLD                  | Animation   |
| OZ LIAISONS                 | Animation   |
| PACKER MADIGAN              | Animation   |
| POND SEATTLE                | Animation   |
| POTLUCK MIXED               | Animation   |
| POTTER CONNECTICUT          | Animation   |
| PRIDE ALAMO                 | Animation   |
| PUNK DIVORCE                | Animation   |
| ROOM ROMAN                  | Animation   |
| SLEEPLESS MONSOON           | Animation   |
| SNOWMAN ROLLERCOASTER       | Animation   |
| SONS INTERVIEW              | Animation   |
| STORM HAPPINESS             | Animation   |
| SUGAR WONKA                 | Animation   |
| SUNRISE LEAGUE              | Animation   |
| TELEMARK HEARTBREAKERS      | Animation   |
| THEORY MERMAID              | Animation   |
| THIEF PELICAN               | Animation   |
| TITANIC BOONDOCK            | Animation   |
| TRACY CIDER                 | Animation   |
| TURN STAR                   | Animation   |
| WAIT CIDER                  | Animation   |
| WATCH TRACY                 | Animation   |
| WONKA SEA                   | Animation   |
| BACKLASH UNDEFEATED         | Children    |
| BEAR GRACELAND              | Children    |
| BENEATH RUSH                | Children    |
| BETRAYED REAR               | Children    |
| CABIN FLASH                 | Children    |
| CASPER DRAGONFLY            | Children    |
| CHRISTMAS MOONSHINE         | Children    |
| CIRCUS YOUTH                | Children    |
| CLOCKWORK PARADISE          | Children    |
| COMANCHEROS ENEMY           | Children    |
| CROOKED FROGMEN             | Children    |
| DAUGHTER MADIGAN            | Children    |
| DOCTOR GRAIL                | Children    |
| EMPIRE MALKOVICH            | Children    |
| FARGO GANDHI                | Children    |
| FOREVER CANDIDATE           | Children    |
| FULL FLATLINERS             | Children    |
| FURY MURDER                 | Children    |
| GHOST GROUNDHOG             | Children    |
| GIANT TROOPERS              | Children    |
| GORGEOUS BINGO              | Children    |
| GRADUATE LORD               | Children    |
| HALL CASSIDY                | Children    |
| HEARTBREAKERS BRIGHT        | Children    |
| HOLLYWOOD ANONYMOUS         | Children    |
| HOLOCAUST HIGHBALL          | Children    |
| IDOLS SNATCHERS             | Children    |
| INVASION CYCLONE            | Children    |
| JERSEY SASSY                | Children    |
| JUMPING WRATH               | Children    |
| LABYRINTH LEAGUE            | Children    |
| LANGUAGE COWBOY             | Children    |
| LEGALLY SECRETARY           | Children    |
| MAGIC MALLRATS              | Children    |
| MAKER GABLES                | Children    |
| MICROCOSMOS PARADISE        | Children    |
| MODEL FISH                  | Children    |
| MURDER ANTITRUST            | Children    |
| NOON PAPI                   | Children    |
| POLISH BROOKLYN             | Children    |
| ROBBERS JOON                | Children    |
| SABRINA MIDNIGHT            | Children    |
| SANTA PARIS                 | Children    |
| SCARFACE BANG               | Children    |
| SHEPHERD MIDSUMMER          | Children    |
| SISTER FREDDY               | Children    |
| SPLENDOR PATTON             | Children    |
| STRANGELOVE DESIRE          | Children    |
| STRANGER STRANGERS          | Children    |
| SUNDANCE INVASION           | Children    |
| SWEETHEARTS SUSPECTS        | Children    |
| TEQUILA PAST                | Children    |
| TIES HUNGER                 | Children    |
| TOOTSIE PILOT               | Children    |
| TWISTED PIRATES             | Children    |
| UPTOWN YOUNG                | Children    |
| WALLS ARTIST                | Children    |
| WARLOCK WEREWOLF            | Children    |
| WRONG BEHAVIOR              | Children    |
| ZOOLANDER FICTION           | Children    |
| ALICE FANTASIA              | Classics    |
| ARIZONA BANG                | Classics    |
| BEAST HUNCHBACK             | Classics    |
| BOUND CHEAPER               | Classics    |
| CANDIDATE PERDITION         | Classics    |
| CENTER DINOSAUR             | Classics    |
| COLOR PHILADELPHIA          | Classics    |
| CONSPIRACY SPIRIT           | Classics    |
| CORE SUIT                   | Classics    |
| CREEPERS KANE               | Classics    |
| CRUELTY UNFORGIVEN          | Classics    |
| DETECTIVE VISION            | Classics    |
| DRACULA CRYSTAL             | Classics    |
| DYNAMITE TARZAN             | Classics    |
| EXTRAORDINARY CONQUERER     | Classics    |
| FROST HEAD                  | Classics    |
| GALAXY SWEETHEARTS          | Classics    |
| GILBERT PELICAN             | Classics    |
| GILMORE BOILED              | Classics    |
| HOLY TADPOLE                | Classics    |
| HOPE TOOTSIE                | Classics    |
| HYDE DOCTOR                 | Classics    |
| IRON MOON                   | Classics    |
| ISLAND EXORCIST             | Classics    |
| JEEPERS WEDDING             | Classics    |
| JEOPARDY ENCINO             | Classics    |
| JERK PAYCHECK               | Classics    |
| JINGLE SAGEBRUSH            | Classics    |
| LEAGUE HELLFIGHTERS         | Classics    |
| LIGHTS DEER                 | Classics    |
| LOATHING LEGALLY            | Classics    |
| LOVELY JINGLE               | Classics    |
| LOVER TRUMAN                | Classics    |
| MAGNIFICENT CHITTY          | Classics    |
| MALKOVICH PET               | Classics    |
| MILLION ACE                 | Classics    |
| MUSKETEERS WAIT             | Classics    |
| OCTOBER SUBMARINE           | Classics    |
| PAJAMA JAWBREAKER           | Classics    |
| PATIENT SISTER              | Classics    |
| PREJUDICE OLEANDER          | Classics    |
| REQUIEM TYCOON              | Classics    |
| RIGHT CRANES                | Classics    |
| ROOTS REMEMBER              | Classics    |
| SLING LUKE                  | Classics    |
| SNATCHERS MONTEZUMA         | Classics    |
| SPIKING ELEMENT             | Classics    |
| STEEL SANTA                 | Classics    |
| SUMMER SCARFACE             | Classics    |
| TADPOLE PARK                | Classics    |
| TIMBERLAND SKY              | Classics    |
| TOMORROW HUSTLER            | Classics    |
| TOWERS HURRICANE            | Classics    |
| VOLUME HOUSE                | Classics    |
| VOYAGE LEGALLY              | Classics    |
| WASTELAND DIVINE            | Classics    |
| WESTWARD SEABISCUIT         | Classics    |
| AIRPLANE SIERRA             | Comedy      |
| ANTHEM LUKE                 | Comedy      |
| BRINGING HYSTERICAL         | Comedy      |
| CAPER MOTIONS               | Comedy      |
| CAT CONEHEADS               | Comedy      |
| CLOSER BANG                 | Comedy      |
| CONNECTION MICROCOSMOS      | Comedy      |
| CONTROL ANTHEM              | Comedy      |
| CRAZY HOME                  | Comedy      |
| DADDY PITTSBURGH            | Comedy      |
| DOOM DANCING                | Comedy      |
| DOWNHILL ENOUGH             | Comedy      |
| DYING MAKER                 | Comedy      |
| ELEMENT FREDDY              | Comedy      |
| FERRIS MOTHER               | Comedy      |
| FIREBALL PHILADELPHIA       | Comedy      |
| FLINTSTONES HAPPINESS       | Comedy      |
| FRANKENSTEIN STRANGER       | Comedy      |
| FREEDOM CLEOPATRA           | Comedy      |
| GOLD RIVER                  | Comedy      |
| GROUNDHOG UNCUT             | Comedy      |
| GUNFIGHT MOON               | Comedy      |
| HATE HANDICAP               | Comedy      |
| HEAVEN FREEDOM              | Comedy      |
| HEDWIG ALTER                | Comedy      |
| HURRICANE AFFAIR            | Comedy      |
| HUSTLER PARTY               | Comedy      |
| JAWS HARRY                  | Comedy      |
| KNOCK WARLOCK               | Comedy      |
| LIFE TWISTED                | Comedy      |
| LION UNCUT                  | Comedy      |
| LONELY ELEPHANT             | Comedy      |
| MALLRATS UNITED             | Comedy      |
| MEMENTO ZOOLANDER           | Comedy      |
| MULAN MOON                  | Comedy      |
| MYSTIC TRUMAN               | Comedy      |
| OPERATION OPERATION         | Comedy      |
| PARADISE SABRINA            | Comedy      |
| PARTY KNOCK                 | Comedy      |
| PERFECT GROOVE              | Comedy      |
| PINOCCHIO SIMON             | Comedy      |
| PURE RUNNER                 | Comedy      |
| RUSHMORE MERMAID            | Comedy      |
| SADDLE ANTITRUST            | Comedy      |
| SATURN NAME                 | Comedy      |
| SEARCHERS WAIT              | Comedy      |
| SNATCH SLIPPER              | Comedy      |
| STAGE WORLD                 | Comedy      |
| STRICTLY SCARFACE           | Comedy      |
| SUBMARINE BED               | Comedy      |
| SWEDEN SHINING              | Comedy      |
| TRAINSPOTTING STRANGERS     | Comedy      |
| TRAMP OTHERS                | Comedy      |
| VALLEY PACKER               | Comedy      |
| VELVET TERMINATOR           | Comedy      |
| VERTIGO NORTHWEST           | Comedy      |
| WISDOM WORKER               | Comedy      |
| ZORRO ARK                   | Comedy      |
| ACADEMY DINOSAUR            | Documentary |
| ADAPTATION HOLES            | Documentary |
| ARMY FLINTSTONES            | Documentary |
| BEACH HEARTBREAKERS         | Documentary |
| BED HIGHBALL                | Documentary |
| BILL OTHERS                 | Documentary |
| BONNIE HOLOCAUST            | Documentary |
| BROTHERHOOD BLANKET         | Documentary |
| CAUSE DATE                  | Documentary |
| CHICKEN HELLFIGHTERS        | Documentary |
| CIDER DESIRE                | Documentary |
| CLERKS ANGELS               | Documentary |
| COAST RAINBOW               | Documentary |
| CUPBOARD SINNERS            | Documentary |
| DANCING FEVER               | Documentary |
| DEEP CRUSADE                | Documentary |
| DELIVERANCE MULHOLLAND      | Documentary |
| DOZEN LION                  | Documentary |
| DUFFEL APOCALYPSE           | Documentary |
| EGG IGBY                    | Documentary |
| EXPENDABLE STALLION         | Documentary |
| FRENCH HOLIDAY              | Documentary |
| HALLOWEEN NUTS              | Documentary |
| HARDLY ROBBERS              | Documentary |
| HAWK CHILL                  | Documentary |
| HEAVYWEIGHTS BEAST          | Documentary |
| HOMEWARD CIDER              | Documentary |
| HUNTER ALTER                | Documentary |
| INDEPENDENCE HOTEL          | Documentary |
| INTOLERABLE INTENTIONS      | Documentary |
| KILL BROTHERHOOD            | Documentary |
| MADISON TRAP                | Documentary |
| MAJESTIC FLOATS             | Documentary |
| METAL ARMAGEDDON            | Documentary |
| MIDSUMMER GROUNDHOG         | Documentary |
| MIGHTY LUCK                 | Documentary |
| MOD SECRETARY               | Documentary |
| MODERN DORADO               | Documentary |
| NATIONAL STORY              | Documentary |
| NEWSIES STORY               | Documentary |
| NORTH TEQUILA               | Documentary |
| NOTORIOUS REUNION           | Documentary |
| PACIFIC AMISTAD             | Documentary |
| PELICAN COMFORTS            | Documentary |
| POCUS PULP                  | Documentary |
| PRINCESS GIANT              | Documentary |
| QUILLS BULL                 | Documentary |
| RAIDERS ANTITRUST           | Documentary |
| RAINBOW SHOCK               | Documentary |
| ROAD ROXANNE                | Documentary |
| SAGEBRUSH CLUELESS          | Documentary |
| SECRET GROUNDHOG            | Documentary |
| SHIP WONDERLAND             | Documentary |
| SHOW LORD                   | Documentary |
| SMOKING BARBARELLA          | Documentary |
| SPOILERS HELLFIGHTERS       | Documentary |
| STREAK RIDGEMONT            | Documentary |
| THIN SAGEBRUSH              | Documentary |
| UNITED PILOT                | Documentary |
| UNTOUCHABLES SUNRISE        | Documentary |
| VILLAIN DESPERATE           | Documentary |
| VIRGINIAN PLUTO             | Documentary |
| WAGON JAWS                  | Documentary |
| WARS PLUTO                  | Documentary |
| WEDDING APOLLO              | Documentary |
| WIFE TURN                   | Documentary |
| WRATH MILE                  | Documentary |
| YOUNG LANGUAGE              | Documentary |
| APOLLO TEEN                 | Drama       |
| BEAUTY GREASE               | Drama       |
| BEETHOVEN EXORCIST          | Drama       |
| BLADE POLISH                | Drama       |
| BRIGHT ENCOUNTERS           | Drama       |
| BUNCH MINDS                 | Drama       |
| CHILL LUCK                  | Drama       |
| CHITTY LOCK                 | Drama       |
| CONEHEADS SMOOCHY           | Drama       |
| CONFESSIONS MAGUIRE         | Drama       |
| CONQUERER NUTS              | Drama       |
| CRAFT OUTFIELD              | Drama       |
| DALMATIONS SWEDEN           | Drama       |
| DARKNESS WAR                | Drama       |
| DECEIVER BETRAYED           | Drama       |
| DESTINATION JERK            | Drama       |
| DIARY PANIC                 | Drama       |
| EDGE KISSING                | Drama       |
| ENCOUNTERS CURTAIN          | Drama       |
| GOLDFINGER SENSIBILITY      | Drama       |
| GONE TROUBLE                | Drama       |
| GREEDY ROOTS                | Drama       |
| HANGING DEEP                | Drama       |
| HAROLD FRENCH               | Drama       |
| HARRY IDAHO                 | Drama       |
| HOBBIT ALIEN                | Drama       |
| HUNCHBACK IMPOSSIBLE        | Drama       |
| JACKET FRISCO               | Drama       |
| KWAI HOMEWARD               | Drama       |
| LEBOWSKI SOLDIERS           | Drama       |
| LIES TREATMENT              | Drama       |
| LUCK OPUS                   | Drama       |
| MOB DUFFEL                  | Drama       |
| NECKLACE OUTBREAK           | Drama       |
| NOTTING SPEAKEASY           | Drama       |
| ORIENT CLOSER               | Drama       |
| PATHS CONTROL               | Drama       |
| PAYCHECK WAIT               | Drama       |
| PITY BOUND                  | Drama       |
| QUEEN LUKE                  | Drama       |
| RACER EGG                   | Drama       |
| REUNION WITCHES             | Drama       |
| ROCKY WAR                   | Drama       |
| SAINTS BRIDE                | Drama       |
| SAVANNAH TOWN               | Drama       |
| SCORPION APOLLO             | Drama       |
| SEA VIRGIN                  | Drama       |
| SEATTLE EXPECATIONS         | Drama       |
| SHOOTIST SUPERFLY           | Drama       |
| SLACKER LIAISONS            | Drama       |
| SOMETHING DUCK              | Drama       |
| SPICE SORORITY              | Drama       |
| TENENBAUMS COMMAND          | Drama       |
| TORQUE BOUND                | Drama       |
| TRANSLATION SUMMER          | Drama       |
| TREATMENT JEKYLL            | Drama       |
| UNFAITHFUL KILL             | Drama       |
| VIETNAM SMOOCHY             | Drama       |
| VIRGIN DAISY                | Drama       |
| WARDROBE PHANTOM            | Drama       |
| WEST LION                   | Drama       |
| WITCHES PANIC               | Drama       |
| AFRICAN EGG                 | Family      |
| APACHE DIVINE               | Family      |
| ATLANTIS CAUSE              | Family      |
| BAKED CLEOPATRA             | Family      |
| BANG KWAI                   | Family      |
| BEDAZZLED MARRIED           | Family      |
| BILKO ANONYMOUS             | Family      |
| BLANKET BEVERLY             | Family      |
| BLOOD ARGONAUTS             | Family      |
| BLUES INSTINCT              | Family      |
| BRAVEHEART HUMAN            | Family      |
| CHASING FIGHT               | Family      |
| CHISUM BEHAVIOR             | Family      |
| CHOCOLAT HARRY              | Family      |
| CONFUSED CANDLES            | Family      |
| CONVERSATION DOWNHILL       | Family      |
| DATE SPEED                  | Family      |
| DINOSAUR SECRETARY          | Family      |
| DUMBO LUST                  | Family      |
| EARRING INSTINCT            | Family      |
| EFFECT GLADIATOR            | Family      |
| FEUD FROGMEN                | Family      |
| FINDING ANACONDA            | Family      |
| GABLES METROPOLIS           | Family      |
| GANDHI KWAI                 | Family      |
| GLADIATOR WESTWARD          | Family      |
| GREASE YOUTH                | Family      |
| HALF OUTFIELD               | Family      |
| HOCUS FRIDA                 | Family      |
| HOMICIDE PEACH              | Family      |
| HOUSE DYNAMITE              | Family      |
| HUNTING MUSKETEERS          | Family      |
| INDIAN LOVE                 | Family      |
| JASON TRAP                  | Family      |
| JEDI BENEATH                | Family      |
| KILLER INNOCENT             | Family      |
| KING EVOLUTION              | Family      |
| LOLITA WORLD                | Family      |
| LOUISIANA HARRY             | Family      |
| MAGUIRE APACHE              | Family      |
| MANCHURIAN CURTAIN          | Family      |
| MOVIE SHAKESPEARE           | Family      |
| MUSIC BOONDOCK              | Family      |
| NATURAL STOCK               | Family      |
| NETWORK PEAK                | Family      |
| ODDS BOOGIE                 | Family      |
| OPPOSITE NECKLACE           | Family      |
| PILOT HOOSIERS              | Family      |
| PITTSBURGH HUNCHBACK        | Family      |
| PRESIDENT BANG              | Family      |
| PRIX UNDEFEATED             | Family      |
| RAGE GAMES                  | Family      |
| RANGE MOONWALKER            | Family      |
| REMEMBER DIARY              | Family      |
| RESURRECTION SILVERADO      | Family      |
| ROBBERY BRIGHT              | Family      |
| RUSH GOODFELLAS             | Family      |
| SECRETS PARADISE            | Family      |
| SENSIBILITY REAR            | Family      |
| SIEGE MADRE                 | Family      |
| SLUMS DUCK                  | Family      |
| SOUP WISDOM                 | Family      |
| SPARTACUS CHEAPER           | Family      |
| SPINAL ROCKY                | Family      |
| SPLASH GUMP                 | Family      |
| SUNSET RACER                | Family      |
| SUPER WYOMING               | Family      |
| VIRTUAL SPOILERS            | Family      |
| WILLOW TRACY                | Family      |
| AGENT TRUMAN                | Foreign     |
| ALAMO VIDEOTAPE             | Foreign     |
| ALIEN CENTER                | Foreign     |
| ALLEY EVOLUTION             | Foreign     |
| BABY HALL                   | Foreign     |
| BALLROOM MOCKINGBIRD        | Foreign     |
| BROOKLYN DESERT             | Foreign     |
| BUGSY SONG                  | Foreign     |
| CALENDAR GUNFIGHT           | Foreign     |
| CATCH AMISTAD               | Foreign     |
| CHOCOLATE DUCK              | Foreign     |
| COMMAND DARLING             | Foreign     |
| COWBOY DOOM                 | Foreign     |
| CROSSING DIVORCE            | Foreign     |
| CRYSTAL BREAKING            | Foreign     |
| CYCLONE FAMILY              | Foreign     |
| DANGEROUS UPTOWN            | Foreign     |
| DOUBTFIRE LABYRINTH         | Foreign     |
| EVERYONE CRAFT              | Foreign     |
| FICTION CHRISTMAS           | Foreign     |
| FRIDA SLIPPER               | Foreign     |
| GENTLEMEN STAGE             | Foreign     |
| GRAPES FURY                 | Foreign     |
| GREEK EVERYONE              | Foreign     |
| HAPPINESS UNITED            | Foreign     |
| HELLFIGHTERS SIERRA         | Foreign     |
| HIGHBALL POTTER             | Foreign     |
| HOLIDAY GAMES               | Foreign     |
| HOOSIERS BIRDCAGE           | Foreign     |
| HOTEL HAPPINESS             | Foreign     |
| HUNGER ROOF                 | Foreign     |
| ILLUSION AMELIE             | Foreign     |
| IMPOSSIBLE PREJUDICE        | Foreign     |
| INFORMER DOUBLE             | Foreign     |
| INNOCENT USUAL              | Foreign     |
| INTRIGUE WORST              | Foreign     |
| JET NEIGHBORS               | Foreign     |
| KANE EXORCIST               | Foreign     |
| KISS GLORY                  | Foreign     |
| LOSE INCH                   | Foreign     |
| LOST BIRD                   | Foreign     |
| MADNESS ATTACKS             | Foreign     |
| MATRIX SNOWMAN              | Foreign     |
| MAUDE MOD                   | Foreign     |
| MEET CHOCOLATE              | Foreign     |
| MIXED DOORS                 | Foreign     |
| MOON BUNCH                  | Foreign     |
| MULHOLLAND BEAST            | Foreign     |
| MUPPET MILE                 | Foreign     |
| NEWTON LABYRINTH            | Foreign     |
| OPUS ICE                    | Foreign     |
| ORANGE GRAPES               | Foreign     |
| PAST SUICIDES               | Foreign     |
| PEARL DESTINY               | Foreign     |
| PET HAUNTING                | Foreign     |
| POLLOCK DELIVERANCE         | Foreign     |
| PURPLE MOVIE                | Foreign     |
| RESERVOIR ADAPTATION        | Foreign     |
| ROCKETEER MOTHER            | Foreign     |
| SCHOOL JACKET               | Foreign     |
| SCISSORHANDS SLUMS          | Foreign     |
| SHOCK CABIN                 | Foreign     |
| SHREK LICENSE               | Foreign     |
| SORORITY QUEEN              | Foreign     |
| STEPMOM DREAM               | Foreign     |
| TOWN ARK                    | Foreign     |
| TRAP GUYS                   | Foreign     |
| USUAL UNTOUCHABLES          | Foreign     |
| VISION TORQUE               | Foreign     |
| WAR NOTTING                 | Foreign     |
| WASH HEAVENLY               | Foreign     |
| WHALE BIKINI                | Foreign     |
| WONDERFUL DROP              | Foreign     |
| AUTUMN CROW                 | Games       |
| BULWORTH COMMANDMENTS       | Games       |
| CANDLES GRAPES              | Games       |
| CHICAGO NORTH               | Games       |
| CREATURES SHAKESPEARE       | Games       |
| CURTAIN VIDEOTAPE           | Games       |
| DARLING BREAKING            | Games       |
| DAWN POND                   | Games       |
| DAZED PUNK                  | Games       |
| DETAILS PACKER              | Games       |
| DIRTY ACE                   | Games       |
| DIVINE RESURRECTION         | Games       |
| DWARFS ALTER                | Games       |
| ENCINO ELF                  | Games       |
| FANTASIA PARK               | Games       |
| FEATHERS METAL              | Games       |
| FEVER EMPIRE                | Games       |
| FIRE WOLVES                 | Games       |
| FORWARD TEMPLE              | Games       |
| GATHERING CALENDAR          | Games       |
| GLORY TRACY                 | Games       |
| GRINCH MASSAGE              | Games       |
| GRIT CLOCKWORK              | Games       |
| GUN BONNIE                  | Games       |
| HAUNTING PIANIST            | Games       |
| HEAD STRANGER               | Games       |
| HUMAN GRAFFITI              | Games       |
| ICE CROSSING                | Games       |
| JERICHO MULAN               | Games       |
| LADYBUGS ARMAGEDDON         | Games       |
| LAMBS CINCINATTI            | Games       |
| MADRE GABLES                | Games       |
| MALTESE HOPE                | Games       |
| MARS ROMAN                  | Games       |
| MASSACRE USUAL              | Games       |
| MONSOON CAUSE               | Games       |
| MOONSHINE CABIN             | Games       |
| MOONWALKER FOOL             | Games       |
| NAME DETECTIVE              | Games       |
| NIGHTMARE CHILL             | Games       |
| OUTBREAK DIVINE             | Games       |
| PANKY SUBMARINE             | Games       |
| PIZZA JUMANJI               | Games       |
| PRIVATE DROP                | Games       |
| PSYCHO SHRUNK               | Games       |
| ROOF CHAMPION               | Games       |
| ROUGE SQUAD                 | Games       |
| ROXANNE REBEL               | Games       |
| SASSY PACKER                | Games       |
| SEVEN SWARM                 | Games       |
| SLEUTH ORIENT               | Games       |
| SPY MILE                    | Games       |
| STAMPEDE DISTURBING         | Games       |
| STATE WASTELAND             | Games       |
| SUIT WALLS                  | Games       |
| TYCOON GATHERING            | Games       |
| VANILLA DAY                 | Games       |
| VIDEOTAPE ARSENIC           | Games       |
| VOLCANO TEXAS               | Games       |
| WANDA CHAMBER               | Games       |
| WIND PHANTOM                | Games       |
| ACE GOLDFINGER              | Horror      |
| AFFAIR PREJUDICE            | Horror      |
| AIRPORT POLLOCK             | Horror      |
| ALABAMA DEVIL               | Horror      |
| ALI FOREVER                 | Horror      |
| ANALYZE HOOSIERS            | Horror      |
| ANYTHING SAVANNAH           | Horror      |
| ARABIA DOGMA                | Horror      |
| ARACHNOPHOBIA ROLLERCOASTER | Horror      |
| BEHAVIOR RUNAWAY            | Horror      |
| BOWFINGER GABLES            | Horror      |
| CARRIE BUNCH                | Horror      |
| COMMANDMENTS EXPRESS        | Horror      |
| DESERT POSEIDON             | Horror      |
| DRUMS DYNAMITE              | Horror      |
| EGYPT TENENBAUMS            | Horror      |
| ELEPHANT TROJAN             | Horror      |
| FAMILY SWEET                | Horror      |
| FIDELITY DEVIL              | Horror      |
| FREDDY STORM                | Horror      |
| GASLIGHT CRUSADE            | Horror      |
| HIGH ENCINO                 | Horror      |
| JAPANESE RUN                | Horror      |
| KARATE MOON                 | Horror      |
| KENTUCKIAN GIANT            | Horror      |
| LADY STAGE                  | Horror      |
| LOLA AGENT                  | Horror      |
| LOVE SUICIDES               | Horror      |
| MONTEREY LABYRINTH          | Horror      |
| MOTIONS DETAILS             | Horror      |
| PANIC CLUB                  | Horror      |
| PARIS WEEKEND               | Horror      |
| PATTON INTERVIEW            | Horror      |
| PULP BEVERLY                | Horror      |
| REAP UNFAITHFUL             | Horror      |
| REEF SALUTE                 | Horror      |
| ROCK INSTINCT               | Horror      |
| ROLLERCOASTER BRINGING      | Horror      |
| RULES HUMAN                 | Horror      |
| SIMON NORTH                 | Horror      |
| SINNERS ATLANTIS            | Horror      |
| SLEEPING SUSPECTS           | Horror      |
| SPIRIT FLINTSTONES          | Horror      |
| STRANGERS GRAFFITI          | Horror      |
| STREETCAR INTENTIONS        | Horror      |
| SWARM GOLD                  | Horror      |
| TARZAN VIDEOTAPE            | Horror      |
| TEMPLE ATTRACTION           | Horror      |
| TEXAS WATCH                 | Horror      |
| TRAIN BUNCH                 | Horror      |
| TREASURE COMMAND            | Horror      |
| UNDEFEATED DALMATIONS       | Horror      |
| WATERSHIP FRONTIER          | Horror      |
| WORLD LEATHERNECKS          | Horror      |
| YENTL IDAHO                 | Horror      |
| ZHIVAGO CORE                | Horror      |
| ALASKA PHANTOM              | Music       |
| ALONE TRIP                  | Music       |
| AMELIE HELLFIGHTERS         | Music       |
| BALLOON HOMEWARD            | Music       |
| BANGER PINOCCHIO            | Music       |
| BIRCH ANTITRUST             | Music       |
| BIRDCAGE CASPER             | Music       |
| BOOGIE AMELIE               | Music       |
| CHAMBER ITALIAN             | Music       |
| CLONES PINOCCHIO            | Music       |
| CLUE GRAIL                  | Music       |
| CONFIDENTIAL INTERVIEW      | Music       |
| DEER VIRGINIAN              | Music       |
| DORADO NOTTING              | Music       |
| DRIVING POLISH              | Music       |
| ELF MURDER                  | Music       |
| ENEMY ODDS                  | Music       |
| FREAKY POCUS                | Music       |
| GO PURPLE                   | Music       |
| GREATEST NORTH              | Music       |
| GROSSE WONDERFUL            | Music       |
| HANOVER GALAXY              | Music       |
| HEAVENLY GUN                | Music       |
| HOME PITY                   | Music       |
| IMPACT ALADDIN              | Music       |
| INSIDER ARIZONA             | Music       |
| JAWBREAKER BROOKLYN         | Music       |
| LEGEND JEDI                 | Music       |
| LUCKY FLYING                | Music       |
| MASKED BUBBLE               | Music       |
| MINORITY KISS               | Music       |
| MONSTER SPARTACUS           | Music       |
| OLEANDER CLUE               | Music       |
| OUTFIELD MASSACRE           | Music       |
| PERSONAL LADYBUGS           | Music       |
| REBEL AIRPORT               | Music       |
| REDS POCUS                  | Music       |
| ROMAN PUNK                  | Music       |
| RUNNER MADIGAN              | Music       |
| SCALAWAG DUCK               | Music       |
| SILENCE KANE                | Music       |
| SONG HEDWIG                 | Music       |
| TAXI KICK                   | Music       |
| TELEGRAPH VOYAGE            | Music       |
| TERMINATOR CLUB             | Music       |
| UNCUT SUICIDES              | Music       |
| VANISHING ROCKY             | Music       |
| WIZARD COLDBLOODED          | Music       |
+-----------------------------+-------------+
1000 rows in set (0.0104 sec)
Result printing interrupted, rows may be missing from the output.

 MySQL  localhost:3306 ssl  sakila  SQL >